Archive member included to satisfy reference by file (symbol)

lib/orangescrt.a(syscall.o)   lib/syslog.o (printx)
lib/orangescrt.a(printf.o)    kernel/main.o (printf)
lib/orangescrt.a(vsprintf.o)  kernel/main.o (vsprintf)
lib/orangescrt.a(string.o)    kernel/start.o (memcpy)
lib/orangescrt.a(misc.o)      kernel/main.o (send_recv)
lib/orangescrt.a(open.o)      kernel/main.o (open)
lib/orangescrt.a(read.o)      kernel/main.o (read)
lib/orangescrt.a(write.o)     kernel/main.o (write)
lib/orangescrt.a(close.o)     kernel/main.o (close)
lib/orangescrt.a(getpid.o)    kernel/main.o (getpid)
lib/orangescrt.a(stat.o)      mm/exec.o (stat)
lib/orangescrt.a(fork.o)      kernel/main.o (fork)
lib/orangescrt.a(wait.o)      kernel/main.o (wait)
lib/orangescrt.a(exec.o)      kernel/main.o (execv)
lib/orangescrt.a(logfila.o)   kernel/tty.o (LogFuncEntry)
lib/orangescrt.a(shell.o)     kernel/main.o (Init_Shell)

Allocating common symbols
Common symbol       size              file

idt_ptr             0x6               kernel/global.o
inode_table         0xb00             kernel/global.o
task_stack          0x58000           kernel/global.o
k_reenter           0x4               kernel/global.o
permission_map      0x2700            kernel/global.o
gdt                 0x400             kernel/global.o
current_console     0x4               kernel/global.o
pcaller             0x4               kernel/global.o
tty_table           0xc6c             kernel/global.o
tss                 0x68              kernel/global.o
fs_msg              0x30              kernel/global.o
memory_size         0x4               kernel/global.o
f_desc_table        0x500             kernel/global.o
root_inode          0x4               kernel/global.o
disp_pos            0x4               kernel/global.o
mm_msg              0x30              kernel/global.o
Working_Directory   0x80              kernel/global.o
key_pressed         0x4               kernel/global.o
gdt_ptr             0x6               kernel/global.o
idt                 0x800             kernel/global.o
super_block         0x1e0             kernel/global.o
PARTITION_ENTRY     0x10              kernel/hd.o
ticks               0x4               kernel/global.o
m_msg               0x30              kernel/global.o
console_table       0x3c              kernel/global.o
irq_table           0x40              kernel/global.o
p_proc_ready        0x4               kernel/global.o
proc_table          0x3e28            kernel/global.o

Discarded input sections

 .note.GNU-stack
                0x0000000000000000        0x0 kernel/start.o
 .note.GNU-stack
                0x0000000000000000        0x0 kernel/main.o
 .note.GNU-stack
                0x0000000000000000        0x0 kernel/clock.o
 .note.GNU-stack
                0x0000000000000000        0x0 kernel/keyboard.o
 .note.GNU-stack
                0x0000000000000000        0x0 kernel/tty.o
 .note.GNU-stack
                0x0000000000000000        0x0 kernel/logtask.o
 .note.GNU-stack
                0x0000000000000000        0x0 kernel/monitortask.o
 .note.GNU-stack
                0x0000000000000000        0x0 kernel/console.o
 .note.GNU-stack
                0x0000000000000000        0x0 kernel/i8259.o
 .note.GNU-stack
                0x0000000000000000        0x0 kernel/global.o
 .note.GNU-stack
                0x0000000000000000        0x0 kernel/protect.o
 .note.GNU-stack
                0x0000000000000000        0x0 kernel/proc.o
 .note.GNU-stack
                0x0000000000000000        0x0 kernel/systask.o
 .note.GNU-stack
                0x0000000000000000        0x0 kernel/hd.o
 .note.GNU-stack
                0x0000000000000000        0x0 kernel/klib.o
 .note.GNU-stack
                0x0000000000000000        0x0 lib/syslog.o
 .note.GNU-stack
                0x0000000000000000        0x0 mm/main.o
 .note.GNU-stack
                0x0000000000000000        0x0 mm/forkexit.o
 .note.GNU-stack
                0x0000000000000000        0x0 mm/exec.o
 .note.GNU-stack
                0x0000000000000000        0x0 mm/shell.o
 .note.GNU-stack
                0x0000000000000000        0x0 fs/main.o
 .note.GNU-stack
                0x0000000000000000        0x0 fs/open.o
 .note.GNU-stack
                0x0000000000000000        0x0 fs/misc.o
 .note.GNU-stack
                0x0000000000000000        0x0 fs/read_write.o
 .note.GNU-stack
                0x0000000000000000        0x0 fs/link.o
 .note.GNU-stack
                0x0000000000000000        0x0 fs/disklog.o
 .note.GNU-stack
                0x0000000000000000        0x0 lib/orangescrt.a(printf.o)
 .note.GNU-stack
                0x0000000000000000        0x0 lib/orangescrt.a(vsprintf.o)
 .note.GNU-stack
                0x0000000000000000        0x0 lib/orangescrt.a(misc.o)
 .note.GNU-stack
                0x0000000000000000        0x0 lib/orangescrt.a(open.o)
 .note.GNU-stack
                0x0000000000000000        0x0 lib/orangescrt.a(read.o)
 .note.GNU-stack
                0x0000000000000000        0x0 lib/orangescrt.a(write.o)
 .note.GNU-stack
                0x0000000000000000        0x0 lib/orangescrt.a(close.o)
 .note.GNU-stack
                0x0000000000000000        0x0 lib/orangescrt.a(getpid.o)
 .note.GNU-stack
                0x0000000000000000        0x0 lib/orangescrt.a(stat.o)
 .note.GNU-stack
                0x0000000000000000        0x0 lib/orangescrt.a(fork.o)
 .note.GNU-stack
                0x0000000000000000        0x0 lib/orangescrt.a(wait.o)
 .note.GNU-stack
                0x0000000000000000        0x0 lib/orangescrt.a(exec.o)
 .note.GNU-stack
                0x0000000000000000        0x0 lib/orangescrt.a(logfila.o)
 .note.GNU-stack
                0x0000000000000000        0x0 lib/orangescrt.a(shell.o)

Memory Configuration

Name             Origin             Length             Attributes
*default*        0x0000000000000000 0xffffffffffffffff

Linker script and memory map

Address of section .text set to 0x1000
LOAD kernel/kernel.o
LOAD kernel/start.o
LOAD kernel/main.o
LOAD kernel/clock.o
LOAD kernel/keyboard.o
LOAD kernel/tty.o
LOAD kernel/logtask.o
LOAD kernel/monitortask.o
LOAD kernel/console.o
LOAD kernel/i8259.o
LOAD kernel/global.o
LOAD kernel/protect.o
LOAD kernel/proc.o
LOAD kernel/systask.o
LOAD kernel/hd.o
LOAD kernel/kliba.o
LOAD kernel/klib.o
LOAD lib/syslog.o
LOAD mm/main.o
LOAD mm/forkexit.o
LOAD mm/exec.o
LOAD mm/shell.o
LOAD fs/main.o
LOAD fs/open.o
LOAD fs/misc.o
LOAD fs/read_write.o
LOAD fs/link.o
LOAD fs/disklog.o
LOAD lib/orangescrt.a
                [!provide]                        PROVIDE (__executable_start, 0x8048000)
                0x0000000008048094                . = (0x8048000 + SIZEOF_HEADERS)

.interp
 *(.interp)

.note.gnu.build-id
 *(.note.gnu.build-id)

.hash
 *(.hash)

.gnu.hash
 *(.gnu.hash)

.dynsym
 *(.dynsym)

.dynstr
 *(.dynstr)

.gnu.version
 *(.gnu.version)

.gnu.version_d
 *(.gnu.version_d)

.gnu.version_r
 *(.gnu.version_r)

.rel.dyn        0x0000000008048094        0x0
 *(.rel.init)
 *(.rel.text .rel.text.* .rel.gnu.linkonce.t.*)
 .rel.text      0x0000000008048094        0x0 kernel/kernel.o
 *(.rel.fini)
 *(.rel.rodata .rel.rodata.* .rel.gnu.linkonce.r.*)
 *(.rel.data.rel.ro .rel.data.rel.ro.* .rel.gnu.linkonce.d.rel.ro.*)
 *(.rel.data .rel.data.* .rel.gnu.linkonce.d.*)
 .rel.data      0x0000000008048094        0x0 kernel/kernel.o
 *(.rel.tdata .rel.tdata.* .rel.gnu.linkonce.td.*)
 *(.rel.tbss .rel.tbss.* .rel.gnu.linkonce.tb.*)
 *(.rel.ctors)
 *(.rel.dtors)
 *(.rel.got)
 *(.rel.bss .rel.bss.* .rel.gnu.linkonce.b.*)
 *(.rel.ifunc)

.rel.plt        0x0000000008048094        0x0
 *(.rel.plt)
                [!provide]                        PROVIDE (__rel_iplt_start, .)
 *(.rel.iplt)
 .rel.iplt      0x0000000008048094        0x0 kernel/kernel.o
                [!provide]                        PROVIDE (__rel_iplt_end, .)

.init
 *(SORT(.init))

.plt            0x00000000080480a0        0x0
 *(.plt)
 *(.iplt)
 .iplt          0x00000000080480a0        0x0 kernel/kernel.o

.plt.got
 *(.plt.got)

.text           0x0000000000001000     0xd997
 *(.text.unlikely .text.*_unlikely .text.unlikely.*)
 *(.text.exit .text.exit.*)
 *(.text.startup .text.startup.*)
 *(.text.hot .text.hot.*)
 *(.text .stub .text.* .gnu.linkonce.t.*)
 .text          0x0000000000001000      0x410 kernel/kernel.o
                0x0000000000001000                _start
                0x0000000000001040                hwint00
                0x0000000000001070                hwint01
                0x00000000000010a0                hwint02
                0x00000000000010d0                hwint03
                0x0000000000001100                hwint04
                0x0000000000001130                hwint05
                0x0000000000001160                hwint06
                0x0000000000001190                hwint07
                0x00000000000011c0                hwint08
                0x00000000000011f0                hwint09
                0x0000000000001220                hwint10
                0x0000000000001250                hwint11
                0x0000000000001280                hwint12
                0x00000000000012b0                hwint13
                0x00000000000012e0                hwint14
                0x0000000000001310                hwint15
                0x0000000000001334                divide_error
                0x000000000000133a                single_step_exception
                0x0000000000001340                nmi
                0x0000000000001346                breakpoint_exception
                0x000000000000134c                overflow
                0x0000000000001352                bounds_check
                0x0000000000001358                inval_opcode
                0x000000000000135e                copr_not_available
                0x0000000000001364                double_fault
                0x0000000000001368                copr_seg_overrun
                0x000000000000136e                inval_tss
                0x0000000000001372                segment_not_present
                0x0000000000001376                stack_exception
                0x000000000000137a                general_protection
                0x000000000000137e                page_fault
                0x0000000000001382                copr_error
                0x00000000000013cb                sys_call
                0x00000000000013eb                restart
 .text          0x0000000000001410       0x95 kernel/start.o
                0x0000000000001410                cstart
 .text          0x00000000000014a5      0xdbb kernel/main.o
                0x00000000000014a5                kernel_main
                0x00000000000017c0                get_ticks
                0x00000000000017f4                untar
                0x0000000000001a00                shell_permission
                0x0000000000001a46                set_permission
                0x0000000000001a8c                ret_permission
                0x0000000000001ad2                add_permission
                0x0000000000001b12                clear_permission
                0x0000000000001b52                shabby_shell
                0x0000000000001fad                permission_ls
                0x0000000000002086                Init
                0x0000000000002208                TestA
                0x000000000000220d                TestB
                0x0000000000002212                TestC
                0x0000000000002217                panic
 .text          0x0000000000002260      0x10d kernel/clock.o
                0x0000000000002260                clock_handler
                0x00000000000022db                milli_delay
                0x0000000000002315                init_clock
 .text          0x000000000000236d      0x77f kernel/keyboard.o
                0x000000000000236d                IsFlag
                0x0000000000002412                keyboard_handler
                0x000000000000247c                init_keyboard
                0x000000000000252b                keyboard_read
 .text          0x0000000000002aec     0x103c kernel/tty.o
                0x0000000000002aec                task_tty
                0x00000000000032b2                in_process
                0x0000000000003828                sys_printx
                0x00000000000039c7                dump_tty_buf
 .text          0x0000000000003b28       0xe2 kernel/logtask.o
                0x0000000000003b28                task_log
 .text          0x0000000000003c0a      0x612 kernel/monitortask.o
                0x0000000000003c0a                task_m1
                0x0000000000003c0f                task_m
 .text          0x000000000000421c      0x7ee kernel/console.o
                0x000000000000421c                init_screen
                0x0000000000004390                out_char
                0x000000000000466d                is_current_console
                0x0000000000004760                select_console
                0x00000000000047a0                scroll_screen
                0x00000000000049bf                flush_cursor
 .text          0x0000000000004a0a      0x130 kernel/i8259.o
                0x0000000000004a0a                init_8259A
                0x0000000000004adf                spurious_irq
                0x0000000000004b16                put_irq_handler
 .text          0x0000000000004b3a        0x0 kernel/global.o
 .text          0x0000000000004b3a      0x65f kernel/protect.o
                0x0000000000004b3a                init_prot
                0x0000000000004fa2                seg2linear
                0x0000000000004ff1                init_desc
                0x000000000000505e                exception_handler
 .text          0x0000000000005199     0x15ff kernel/proc.o
                0x0000000000005199                schedule
                0x0000000000005225                sys_sendrec
                0x000000000000534f                ldt_seg_linear
                0x0000000000005399                va2la
                0x00000000000053fa                reset_msg
                0x00000000000061df                inform_int
                0x000000000000634f                dump_proc
                0x000000000000668b                dump_msg
 .text          0x0000000000006798      0x332 kernel/systask.o
                0x0000000000006798                task_sys
 .text          0x0000000000006aca      0xe1f kernel/hd.o
                0x0000000000006aca                task_hd
                0x00000000000078be                hd_handler
 *fill*         0x00000000000078e9        0x7 
 .text          0x00000000000078f0      0x19a kernel/kliba.o
                0x00000000000078f0                disp_str
                0x000000000000792e                disp_color_str
                0x000000000000796d                out_byte
                0x0000000000007979                in_byte
                0x0000000000007983                port_read
                0x0000000000007996                port_write
                0x00000000000079a9                disable_irq
                0x00000000000079de                enable_irq
                0x00000000000079fd                disable_int
                0x00000000000079ff                enable_int
                0x0000000000007a01                glitter
 .text          0x0000000000007a8a      0x2af kernel/klib.o
                0x0000000000007a8a                get_boot_params
                0x0000000000007b10                get_kernel_map
                0x0000000000007c20                itoa
                0x0000000000007ccb                disp_int
                0x0000000000007cf2                delay
 .text          0x0000000000007d39      0x25d lib/syslog.o
                0x0000000000007d39                syslog
                0x0000000000007db2                syslogWithStr
                0x0000000000007dd2                printLogTail
 .text          0x0000000000007f96      0x1d2 mm/main.o
                0x0000000000007f96                task_mm
                0x00000000000080e3                alloc_mem
                0x000000000000815e                free_mem
 .text          0x0000000000008168      0x772 mm/forkexit.o
                0x0000000000008168                do_fork
                0x00000000000084af                do_exit
                0x0000000000008621                do_kill
                0x0000000000008824                do_wait
 .text          0x00000000000088da      0x356 mm/exec.o
                0x00000000000088da                do_exec
 .text          0x0000000000008c30      0x26b mm/shell.o
                0x0000000000008c30                do_shell
                0x0000000000008da3                initShell
                0x0000000000008dc3                changeCWD
                0x0000000000008e7f                getCWD
 .text          0x0000000000008e9b     0x121b fs/main.o
                0x0000000000008e9b                task_fs
                0x000000000000995a                rw_sector
                0x0000000000009b7d                get_super_block
                0x0000000000009bc3                get_inode
                0x0000000000009d26                get_inode_directly
                0x0000000000009d71                count_surplus_inode_link
                0x0000000000009db1                put_inode
                0x0000000000009def                put_inodes_link
                0x0000000000009e4a                sync_inode
                0x0000000000009f49                sync_inode_link
 .text          0x000000000000a0b6      0xd3a fs/open.o
                0x000000000000a0b6                do_open
                0x000000000000a4a8                do_mkdir
                0x000000000000a70f                do_close
                0x000000000000a78a                do_lseek
 .text          0x000000000000adf0      0x747 fs/misc.o
                0x000000000000adf0                do_stat
                0x000000000000b00b                low_search_entry
                0x000000000000b119                search_file
                0x000000000000b1d7                do_List_Dir
                0x000000000000b431                strip_path
 .text          0x000000000000b537      0x7c5 fs/read_write.o
                0x000000000000b537                do_rdwt
 .text          0x000000000000bcfc      0x8fc fs/link.o
                0x000000000000bcfc                do_unlink
                0x000000000000c588                getsize
 .text          0x000000000000c5f8      0xa6c fs/disklog.o
                0x000000000000c5f8                disklog
                0x000000000000cb65                dump_fd_graph
 *fill*         0x000000000000d064        0xc 
 .text          0x000000000000d070       0x28 lib/orangescrt.a(syscall.o)
                0x000000000000d070                sendrec
                0x000000000000d08a                printx
 .text          0x000000000000d098       0xad lib/orangescrt.a(printf.o)
                0x000000000000d098                printf
                0x000000000000d103                printl
 .text          0x000000000000d145      0x305 lib/orangescrt.a(vsprintf.o)
                0x000000000000d1a3                vsprintf
                0x000000000000d424                sprintf
 *fill*         0x000000000000d44a        0x6 
 .text          0x000000000000d450       0x78 lib/orangescrt.a(string.o)
                0x000000000000d450                memcpy
                0x000000000000d479                memset
                0x000000000000d49a                strcpy
                0x000000000000d4b2                strlen
 .text          0x000000000000d4c8      0x800 lib/orangescrt.a(misc.o)
                0x000000000000d4c8                send_recv
                0x000000000000d582                memcmp
                0x000000000000d5f8                strcmp
                0x000000000000d66b                strcat
                0x000000000000d6ca                spin
                0x000000000000d6e5                strchr
                0x000000000000d712                strtok
                0x000000000000d7e0                _strcpy
                0x000000000000d81c                putchar_to_buffer
                0x000000000000d843                puts_to_buffer
                0x000000000000d870                putint_to_buffer
                0x000000000000d92e                puthex_to_buffer
                0x000000000000d99a                _vsprintf
                0x000000000000da97                _sprintf
                0x000000000000daca                _strncpy
                0x000000000000db43                memmove
                0x000000000000dbbe                proc_memcpy
                0x000000000000dbd2                atoi
                0x000000000000dc8f                assertion_failure
 .text          0x000000000000dcc8      0x1b1 lib/orangescrt.a(open.o)
                0x000000000000dcc8                open
                0x000000000000de16                mkdir
 .text          0x000000000000de79       0x37 lib/orangescrt.a(read.o)
                0x000000000000de79                read
 .text          0x000000000000deb0       0x37 lib/orangescrt.a(write.o)
                0x000000000000deb0                write
 .text          0x000000000000dee7       0x2b lib/orangescrt.a(close.o)
                0x000000000000dee7                close
 .text          0x000000000000df12       0x46 lib/orangescrt.a(getpid.o)
                0x000000000000df12                getpid
 .text          0x000000000000df58       0x63 lib/orangescrt.a(stat.o)
                0x000000000000df58                stat
 .text          0x000000000000dfbb       0x66 lib/orangescrt.a(fork.o)
                0x000000000000dfbb                fork
 .text          0x000000000000e021       0x3c lib/orangescrt.a(wait.o)
                0x000000000000e021                wait
 .text          0x000000000000e05d      0x247 lib/orangescrt.a(exec.o)
                0x000000000000e05d                exec
                0x000000000000e0c8                execl
                0x000000000000e0ed                execv
 .text          0x000000000000e2a4      0x29a lib/orangescrt.a(logfila.o)
                0x000000000000e2c0                lock
                0x000000000000e2da                unlock
                0x000000000000e2ea                LogFuncEntry
                0x000000000000e43a                AddLogWare
                0x000000000000e462                DefaultLogHandler
                0x000000000000e47e                DiskLogHandler
                0x000000000000e4b8                InitLogWares
                0x000000000000e50d                DisableLOGGING
                0x000000000000e520                EnableLOGGING
                0x000000000000e530                SwitchLogLevel
 .text          0x000000000000e53e      0x459 lib/orangescrt.a(shell.o)
                0x000000000000e53e                Init_Shell
                0x000000000000e57f                chdir
                0x000000000000e5d6                getcwd
                0x000000000000e60f                extractExecDir
                0x000000000000e6bb                get_full_path
 *(.gnu.warning)

.fini
 *(SORT(.fini))
                [!provide]                        PROVIDE (__etext, .)
                [!provide]                        PROVIDE (_etext, .)
                [!provide]                        PROVIDE (etext, .)

.rodata         0x000000000000e9a0     0x25ed
 *(.rodata .rodata.* .gnu.linkonce.r.*)
 .rodata        0x000000000000e9a0       0x47 kernel/start.o
 *fill*         0x000000000000e9e7        0x1 
 .rodata        0x000000000000e9e8      0x25c kernel/main.o
 .rodata        0x000000000000ec44       0x64 kernel/keyboard.o
 .rodata        0x000000000000eca8      0x1bc kernel/tty.o
 .rodata        0x000000000000ee64      0x183 kernel/monitortask.o
 *fill*         0x000000000000efe7        0x1 
 .rodata        0x000000000000efe8       0x5b kernel/console.o
 .rodata        0x000000000000f043       0x11 kernel/i8259.o
 .rodata        0x000000000000f054       0x10 kernel/global.o
                0x000000000000f054                FSBUF_SIZE
                0x000000000000f058                MMBUF_SIZE
                0x000000000000f05c                LOGBUF_SIZE
                0x000000000000f060                LOGDISKBUF_SIZE
 *fill*         0x000000000000f064       0x1c 
 .rodata        0x000000000000f080      0x580 kernel/protect.o
 .rodata        0x000000000000f600      0x5da kernel/proc.o
 .rodata        0x000000000000fbda       0x11 kernel/systask.o
 *fill*         0x000000000000fbeb        0x1 
 .rodata        0x000000000000fbec      0x1df kernel/hd.o
 *fill*         0x000000000000fdcb        0x1 
 .rodata        0x000000000000fdcc       0x6a kernel/klib.o
 .rodata        0x000000000000fe36      0x231 lib/syslog.o
 *fill*         0x0000000000010067        0x1 
 .rodata        0x0000000000010068       0xc9 mm/main.o
 *fill*         0x0000000000010131        0x3 
 .rodata        0x0000000000010134       0xeb mm/forkexit.o
 *fill*         0x000000000001021f        0x1 
 .rodata        0x0000000000010220       0xa4 mm/exec.o
 .rodata        0x00000000000102c4       0x3d mm/shell.o
 *fill*         0x0000000000010301        0x3 
 .rodata        0x0000000000010304      0x2c2 fs/main.o
 *fill*         0x00000000000105c6        0x2 
 .rodata        0x00000000000105c8      0x165 fs/open.o
 *fill*         0x000000000001072d        0x3 
 .rodata        0x0000000000010730       0x74 fs/misc.o
 .rodata        0x00000000000107a4      0x167 fs/read_write.o
 *fill*         0x000000000001090b        0x1 
 .rodata        0x000000000001090c      0x1b5 fs/link.o
 *fill*         0x0000000000010ac1        0x3 
 .rodata        0x0000000000010ac4      0x20d fs/disklog.o
 .rodata        0x0000000000010cd1       0x14 lib/orangescrt.a(printf.o)
 *fill*         0x0000000000010ce5        0x3 
 .rodata        0x0000000000010ce8       0xbd lib/orangescrt.a(misc.o)
 .rodata        0x0000000000010da5       0x51 lib/orangescrt.a(open.o)
 .rodata        0x0000000000010df6       0x25 lib/orangescrt.a(getpid.o)
 .rodata        0x0000000000010e1b       0x23 lib/orangescrt.a(stat.o)
 .rodata        0x0000000000010e3e       0x33 lib/orangescrt.a(fork.o)
 *fill*         0x0000000000010e71        0x3 
 .rodata        0x0000000000010e74       0x8c lib/orangescrt.a(exec.o)
 .rodata        0x0000000000010f00       0x56 lib/orangescrt.a(logfila.o)
 .rodata        0x0000000000010f56       0x37 lib/orangescrt.a(shell.o)

.rodata1
 *(.rodata1)

.eh_frame_hdr
 *(.eh_frame_hdr)
 *(.eh_frame_entry .eh_frame_entry.*)

.eh_frame       0x0000000000010f90     0x1b48
 *(.eh_frame)
 .eh_frame      0x0000000000010f90       0x38 kernel/start.o
 .eh_frame      0x0000000000010fc8      0x1cc kernel/main.o
                                        0x1e4 (size before relaxing)
 .eh_frame      0x0000000000011194       0x60 kernel/clock.o
                                         0x78 (size before relaxing)
 .eh_frame      0x00000000000111f4      0x100 kernel/keyboard.o
                                        0x118 (size before relaxing)
 .eh_frame      0x00000000000112f4      0x1c0 kernel/tty.o
                                        0x1d8 (size before relaxing)
 .eh_frame      0x00000000000114b4       0x20 kernel/logtask.o
                                         0x38 (size before relaxing)
 .eh_frame      0x00000000000114d4      0x124 kernel/monitortask.o
                                        0x13c (size before relaxing)
 .eh_frame      0x00000000000115f8      0x164 kernel/console.o
                                        0x17c (size before relaxing)
 .eh_frame      0x000000000001175c       0x60 kernel/i8259.o
                                         0x78 (size before relaxing)
 .eh_frame      0x00000000000117bc       0xb0 kernel/protect.o
                                         0xc8 (size before relaxing)
 .eh_frame      0x000000000001186c      0x1b8 kernel/proc.o
                                        0x1d0 (size before relaxing)
 .eh_frame      0x0000000000011a24       0x5c kernel/systask.o
                                         0x74 (size before relaxing)
 .eh_frame      0x0000000000011a80      0x1f0 kernel/hd.o
                                        0x208 (size before relaxing)
 .eh_frame      0x0000000000011c70       0xa0 kernel/klib.o
                                         0xb8 (size before relaxing)
 .eh_frame      0x0000000000011d10       0x6c lib/syslog.o
                                         0x84 (size before relaxing)
 .eh_frame      0x0000000000011d7c       0x7c mm/main.o
                                         0x94 (size before relaxing)
 .eh_frame      0x0000000000011df8       0xb0 mm/forkexit.o
                                         0xc8 (size before relaxing)
 .eh_frame      0x0000000000011ea8       0x2c mm/exec.o
                                         0x44 (size before relaxing)
 .eh_frame      0x0000000000011ed4       0x84 mm/shell.o
                                         0x9c (size before relaxing)
 .eh_frame      0x0000000000011f58      0x1f0 fs/main.o
                                        0x208 (size before relaxing)
 .eh_frame      0x0000000000012148      0x188 fs/open.o
                                        0x1a0 (size before relaxing)
 .eh_frame      0x00000000000122d0       0xb4 fs/misc.o
                                         0xcc (size before relaxing)
 .eh_frame      0x0000000000012384       0x30 fs/read_write.o
                                         0x48 (size before relaxing)
 .eh_frame      0x00000000000123b4       0x4c fs/link.o
                                         0x64 (size before relaxing)
 .eh_frame      0x0000000000012400       0x50 fs/disklog.o
                                         0x68 (size before relaxing)
 .eh_frame      0x0000000000012450       0x40 lib/orangescrt.a(printf.o)
                                         0x58 (size before relaxing)
 .eh_frame      0x0000000000012490       0x60 lib/orangescrt.a(vsprintf.o)
                                         0x78 (size before relaxing)
 .eh_frame      0x00000000000124f0      0x260 lib/orangescrt.a(misc.o)
                                        0x278 (size before relaxing)
 .eh_frame      0x0000000000012750       0x40 lib/orangescrt.a(open.o)
                                         0x58 (size before relaxing)
 .eh_frame      0x0000000000012790       0x20 lib/orangescrt.a(read.o)
                                         0x38 (size before relaxing)
 .eh_frame      0x00000000000127b0       0x20 lib/orangescrt.a(write.o)
                                         0x38 (size before relaxing)
 .eh_frame      0x00000000000127d0       0x20 lib/orangescrt.a(close.o)
                                         0x38 (size before relaxing)
 .eh_frame      0x00000000000127f0       0x20 lib/orangescrt.a(getpid.o)
                                         0x38 (size before relaxing)
 .eh_frame      0x0000000000012810       0x20 lib/orangescrt.a(stat.o)
                                         0x38 (size before relaxing)
 .eh_frame      0x0000000000012830       0x20 lib/orangescrt.a(fork.o)
                                         0x38 (size before relaxing)
 .eh_frame      0x0000000000012850       0x20 lib/orangescrt.a(wait.o)
                                         0x38 (size before relaxing)
 .eh_frame      0x0000000000012870       0x60 lib/orangescrt.a(exec.o)
                                         0x78 (size before relaxing)
 .eh_frame      0x00000000000128d0      0x164 lib/orangescrt.a(logfila.o)
                                        0x17c (size before relaxing)
 .eh_frame      0x0000000000012a34       0xa4 lib/orangescrt.a(shell.o)
                                         0xbc (size before relaxing)
 *(.eh_frame.*)

.gcc_except_table
 *(.gcc_except_table .gcc_except_table.*)

.gnu_extab
 *(.gnu_extab*)

.exception_ranges
 *(.exception_ranges .exception_ranges*)
                0x0000000000013000                . = DATA_SEGMENT_ALIGN (0x1000, 0x1000)

.eh_frame
 *(.eh_frame)
 *(.eh_frame.*)

.gnu_extab
 *(.gnu_extab)

.gcc_except_table
 *(.gcc_except_table .gcc_except_table.*)

.exception_ranges
 *(.exception_ranges .exception_ranges*)

.tdata
 *(.tdata .tdata.* .gnu.linkonce.td.*)

.tbss
 *(.tbss .tbss.* .gnu.linkonce.tb.*)
 *(.tcommon)

.preinit_array  0x0000000000013000        0x0
                [!provide]                        PROVIDE (__preinit_array_start, .)
 *(.preinit_array)
                [!provide]                        PROVIDE (__preinit_array_end, .)

.init_array     0x0000000000013000        0x0
                [!provide]                        PROVIDE (__init_array_start, .)
 *(SORT(.init_array.*) SORT(.ctors.*))
 *(.init_array EXCLUDE_FILE(*crtend?.o *crtend.o *crtbegin?.o *crtbegin.o) .ctors)
                [!provide]                        PROVIDE (__init_array_end, .)

.fini_array     0x0000000000013000        0x0
                [!provide]                        PROVIDE (__fini_array_start, .)
 *(SORT(.fini_array.*) SORT(.dtors.*))
 *(.fini_array EXCLUDE_FILE(*crtend?.o *crtend.o *crtbegin?.o *crtbegin.o) .dtors)
                [!provide]                        PROVIDE (__fini_array_end, .)

.ctors
 *crtbegin.o(.ctors)
 *crtbegin?.o(.ctors)
 *(EXCLUDE_FILE(*crtend?.o *crtend.o) .ctors)
 *(SORT(.ctors.*))
 *(.ctors)

.dtors
 *crtbegin.o(.dtors)
 *crtbegin?.o(.dtors)
 *(EXCLUDE_FILE(*crtend?.o *crtend.o) .dtors)
 *(SORT(.dtors.*))
 *(.dtors)

.jcr
 *(.jcr)

.data.rel.ro
 *(.data.rel.ro.local* .gnu.linkonce.d.rel.ro.local.*)
 *(.data.rel.ro .data.rel.ro.* .gnu.linkonce.d.rel.ro.*)

.dynamic
 *(.dynamic)

.got
 *(.got)
 *(.igot)
                0x0000000000013000                . = DATA_SEGMENT_RELRO_END (., (SIZEOF (.got.plt) >= 0xc)?0xc:0x0)

.got.plt        0x0000000000013000        0x0
 *(.got.plt)
 *(.igot.plt)
 .igot.plt      0x0000000000013000        0x0 kernel/kernel.o

.data           0x0000000000013000      0x89c
 *(.data .data.* .gnu.linkonce.d.*)
 .data          0x0000000000013000        0x2 kernel/kernel.o
 .data          0x0000000000013002        0x0 kernel/start.o
 .data          0x0000000000013002        0x0 kernel/main.o
 .data          0x0000000000013002        0x0 kernel/clock.o
 *fill*         0x0000000000013002       0x1e 
 .data          0x0000000000013020      0x600 kernel/keyboard.o
                0x0000000000013020                keymap
 .data          0x0000000000013620       0x42 kernel/tty.o
 .data          0x0000000000013662        0x0 kernel/logtask.o
 .data          0x0000000000013662        0x0 kernel/monitortask.o
 .data          0x0000000000013662        0x0 kernel/console.o
 .data          0x0000000000013662        0x0 kernel/i8259.o
 *fill*         0x0000000000013662       0x1e 
 .data          0x0000000000013680      0x1f4 kernel/global.o
                0x0000000000013680                task_table
                0x00000000000137a0                user_proc_table
                0x0000000000013840                sys_call_table
                0x000000000001384c                dd_map
                0x0000000000013864                fsbuf
                0x0000000000013868                mmbuf
                0x000000000001386c                logbuf
                0x0000000000013870                logdiskbuf
 .data          0x0000000000013874        0x0 kernel/protect.o
 .data          0x0000000000013874        0x0 kernel/proc.o
 .data          0x0000000000013874        0x0 kernel/systask.o
 .data          0x0000000000013874        0x0 kernel/hd.o
 .data          0x0000000000013874        0x0 kernel/klib.o
 .data          0x0000000000013874        0x0 lib/syslog.o
 .data          0x0000000000013874        0x0 mm/main.o
 .data          0x0000000000013874        0x0 mm/forkexit.o
 .data          0x0000000000013874        0x0 mm/exec.o
 .data          0x0000000000013874        0x0 mm/shell.o
 .data          0x0000000000013874        0x0 fs/main.o
 .data          0x0000000000013874        0x0 fs/open.o
 .data          0x0000000000013874        0x4 fs/misc.o
                0x0000000000013874                last_query_dev
 .data          0x0000000000013878        0x0 fs/read_write.o
 .data          0x0000000000013878        0x0 fs/link.o
 .data          0x0000000000013878        0x0 fs/disklog.o
 .data          0x0000000000013878        0x0 lib/orangescrt.a(printf.o)
 .data          0x0000000000013878        0x0 lib/orangescrt.a(vsprintf.o)
 .data          0x0000000000013878        0x0 lib/orangescrt.a(misc.o)
 .data          0x0000000000013878        0x0 lib/orangescrt.a(open.o)
 .data          0x0000000000013878        0x0 lib/orangescrt.a(read.o)
 .data          0x0000000000013878        0x0 lib/orangescrt.a(write.o)
 .data          0x0000000000013878        0x0 lib/orangescrt.a(close.o)
 .data          0x0000000000013878        0x0 lib/orangescrt.a(getpid.o)
 .data          0x0000000000013878        0x0 lib/orangescrt.a(stat.o)
 .data          0x0000000000013878        0x0 lib/orangescrt.a(fork.o)
 .data          0x0000000000013878        0x0 lib/orangescrt.a(wait.o)
 .data          0x0000000000013878        0x0 lib/orangescrt.a(exec.o)
 .data          0x0000000000013878       0x24 lib/orangescrt.a(logfila.o)
                0x0000000000013880                LogLevelStrings
 .data          0x000000000001389c        0x0 lib/orangescrt.a(shell.o)

.data1
 *(.data1)
                0x000000000001389c                _edata = .
                [!provide]                        PROVIDE (edata, .)
                0x000000000001389c                . = .
                0x000000000001389c                __bss_start = .

.bss            0x00000000000138a0    0x621b8
 *(.dynbss)
 *(.bss .bss.* .gnu.linkonce.b.*)
 .bss           0x00000000000138a0      0x800 kernel/kernel.o
 .bss           0x00000000000140a0        0x0 kernel/start.o
 .bss           0x00000000000140a0        0x0 kernel/main.o
 .bss           0x00000000000140a0        0x0 kernel/clock.o
 .bss           0x00000000000140a0       0x58 kernel/keyboard.o
 .bss           0x00000000000140f8        0x4 kernel/tty.o
 .bss           0x00000000000140fc        0x0 kernel/logtask.o
 .bss           0x00000000000140fc        0x0 kernel/monitortask.o
 .bss           0x00000000000140fc        0x0 kernel/console.o
 .bss           0x00000000000140fc        0x0 kernel/i8259.o
 .bss           0x00000000000140fc        0x0 kernel/global.o
 .bss           0x00000000000140fc        0x0 kernel/protect.o
 .bss           0x00000000000140fc        0x0 kernel/proc.o
 .bss           0x00000000000140fc        0x0 kernel/systask.o
 *fill*         0x00000000000140fc        0x4 
 .bss           0x0000000000014100      0x64c kernel/hd.o
 .bss           0x000000000001474c        0x0 kernel/klib.o
 .bss           0x000000000001474c        0x4 lib/syslog.o
 .bss           0x0000000000014750        0x0 mm/main.o
 .bss           0x0000000000014750        0x0 mm/forkexit.o
 .bss           0x0000000000014750        0x0 mm/exec.o
 .bss           0x0000000000014750        0x0 mm/shell.o
 .bss           0x0000000000014750        0x0 fs/main.o
 .bss           0x0000000000014750        0x0 fs/open.o
 .bss           0x0000000000014750        0x0 fs/misc.o
 .bss           0x0000000000014750        0x0 fs/read_write.o
 .bss           0x0000000000014750        0x0 fs/link.o
 .bss           0x0000000000014750        0x8 fs/disklog.o
 .bss           0x0000000000014758        0x0 lib/orangescrt.a(printf.o)
 .bss           0x0000000000014758        0x0 lib/orangescrt.a(vsprintf.o)
 .bss           0x0000000000014758        0x4 lib/orangescrt.a(misc.o)
 .bss           0x000000000001475c        0x0 lib/orangescrt.a(open.o)
 .bss           0x000000000001475c        0x0 lib/orangescrt.a(read.o)
 .bss           0x000000000001475c        0x0 lib/orangescrt.a(write.o)
 .bss           0x000000000001475c        0x0 lib/orangescrt.a(close.o)
 .bss           0x000000000001475c        0x0 lib/orangescrt.a(getpid.o)
 .bss           0x000000000001475c        0x0 lib/orangescrt.a(stat.o)
 .bss           0x000000000001475c        0x0 lib/orangescrt.a(fork.o)
 .bss           0x000000000001475c        0x0 lib/orangescrt.a(wait.o)
 .bss           0x000000000001475c        0x0 lib/orangescrt.a(exec.o)
 *fill*         0x000000000001475c        0x4 
 .bss           0x0000000000014760       0x28 lib/orangescrt.a(logfila.o)
 .bss           0x0000000000014788        0x0 lib/orangescrt.a(shell.o)
 *(COMMON)
 *fill*         0x0000000000014788       0x18 
 COMMON         0x00000000000147a0    0x612a8 kernel/global.o
                0x00000000000147a0                idt_ptr
                0x00000000000147c0                inode_table
                0x00000000000152c0                task_stack
                0x000000000006d2c0                k_reenter
                0x000000000006d2e0                permission_map
                0x000000000006f9e0                gdt
                0x000000000006fde0                current_console
                0x000000000006fde4                pcaller
                0x000000000006fe00                tty_table
                0x0000000000070a80                tss
                0x0000000000070b00                fs_msg
                0x0000000000070b30                memory_size
                0x0000000000070b40                f_desc_table
                0x0000000000071040                root_inode
                0x0000000000071044                disp_pos
                0x0000000000071060                mm_msg
                0x00000000000710a0                Working_Directory
                0x0000000000071120                key_pressed
                0x0000000000071124                gdt_ptr
                0x0000000000071140                idt
                0x0000000000071940                super_block
                0x0000000000071b20                ticks
                0x0000000000071b40                m_msg
                0x0000000000071b80                console_table
                0x0000000000071bc0                irq_table
                0x0000000000071c00                p_proc_ready
                0x0000000000071c20                proc_table
 COMMON         0x0000000000075a48       0x10 kernel/hd.o
                0x0000000000075a48                PARTITION_ENTRY
                0x0000000000075a58                . = ALIGN ((. != 0x0)?0x4:0x1)
                0x0000000000075a58                . = ALIGN (0x4)
                0x0000000000075a58                . = SEGMENT_START ("ldata-segment", .)
                0x0000000000075a58                . = ALIGN (0x4)
                0x0000000000075a58                _end = .
                [!provide]                        PROVIDE (end, .)
                0x0000000000075a58                . = DATA_SEGMENT_END (.)

.stab
 *(.stab)

.stabstr
 *(.stabstr)

.stab.excl
 *(.stab.excl)

.stab.exclstr
 *(.stab.exclstr)

.stab.index
 *(.stab.index)

.stab.indexstr
 *(.stab.indexstr)

.comment        0x0000000000000000       0x35
 *(.comment)
 .comment       0x0000000000000000       0x35 kernel/start.o
                                         0x36 (size before relaxing)
 .comment       0x0000000000000035       0x36 kernel/main.o
 .comment       0x0000000000000035       0x36 kernel/clock.o
 .comment       0x0000000000000035       0x36 kernel/keyboard.o
 .comment       0x0000000000000035       0x36 kernel/tty.o
 .comment       0x0000000000000035       0x36 kernel/logtask.o
 .comment       0x0000000000000035       0x36 kernel/monitortask.o
 .comment       0x0000000000000035       0x36 kernel/console.o
 .comment       0x0000000000000035       0x36 kernel/i8259.o
 .comment       0x0000000000000035       0x36 kernel/global.o
 .comment       0x0000000000000035       0x36 kernel/protect.o
 .comment       0x0000000000000035       0x36 kernel/proc.o
 .comment       0x0000000000000035       0x36 kernel/systask.o
 .comment       0x0000000000000035       0x36 kernel/hd.o
 .comment       0x0000000000000035       0x36 kernel/klib.o
 .comment       0x0000000000000035       0x36 lib/syslog.o
 .comment       0x0000000000000035       0x36 mm/main.o
 .comment       0x0000000000000035       0x36 mm/forkexit.o
 .comment       0x0000000000000035       0x36 mm/exec.o
 .comment       0x0000000000000035       0x36 mm/shell.o
 .comment       0x0000000000000035       0x36 fs/main.o
 .comment       0x0000000000000035       0x36 fs/open.o
 .comment       0x0000000000000035       0x36 fs/misc.o
 .comment       0x0000000000000035       0x36 fs/read_write.o
 .comment       0x0000000000000035       0x36 fs/link.o
 .comment       0x0000000000000035       0x36 fs/disklog.o
 .comment       0x0000000000000035       0x36 lib/orangescrt.a(printf.o)
 .comment       0x0000000000000035       0x36 lib/orangescrt.a(vsprintf.o)
 .comment       0x0000000000000035       0x36 lib/orangescrt.a(misc.o)
 .comment       0x0000000000000035       0x36 lib/orangescrt.a(open.o)
 .comment       0x0000000000000035       0x36 lib/orangescrt.a(read.o)
 .comment       0x0000000000000035       0x36 lib/orangescrt.a(write.o)
 .comment       0x0000000000000035       0x36 lib/orangescrt.a(close.o)
 .comment       0x0000000000000035       0x36 lib/orangescrt.a(getpid.o)
 .comment       0x0000000000000035       0x36 lib/orangescrt.a(stat.o)
 .comment       0x0000000000000035       0x36 lib/orangescrt.a(fork.o)
 .comment       0x0000000000000035       0x36 lib/orangescrt.a(wait.o)
 .comment       0x0000000000000035       0x36 lib/orangescrt.a(exec.o)
 .comment       0x0000000000000035       0x36 lib/orangescrt.a(logfila.o)
 .comment       0x0000000000000035       0x36 lib/orangescrt.a(shell.o)

.debug
 *(.debug)

.line
 *(.line)

.debug_srcinfo
 *(.debug_srcinfo)

.debug_sfnames
 *(.debug_sfnames)

.debug_aranges
 *(.debug_aranges)

.debug_pubnames
 *(.debug_pubnames)

.debug_info
 *(.debug_info .gnu.linkonce.wi.*)

.debug_abbrev
 *(.debug_abbrev)

.debug_line
 *(.debug_line .debug_line.* .debug_line_end)

.debug_frame
 *(.debug_frame)

.debug_str
 *(.debug_str)

.debug_loc
 *(.debug_loc)

.debug_macinfo
 *(.debug_macinfo)

.debug_weaknames
 *(.debug_weaknames)

.debug_funcnames
 *(.debug_funcnames)

.debug_typenames
 *(.debug_typenames)

.debug_varnames
 *(.debug_varnames)

.debug_pubtypes
 *(.debug_pubtypes)

.debug_ranges
 *(.debug_ranges)

.debug_macro
 *(.debug_macro)

.gnu.attributes
 *(.gnu.attributes)

/DISCARD/
 *(.note.GNU-stack)
 *(.gnu_debuglink)
 *(.gnu.lto_*)
OUTPUT(kernel.bin elf32-i386)
