Archive member included to satisfy reference by file (symbol)

lib/orangescrt.a(syscall.o)   lib/syslog.o (printx)
lib/orangescrt.a(printf.o)    kernel/main.o (printf)
lib/orangescrt.a(vsprintf.o)  kernel/main.o (vsprintf)
lib/orangescrt.a(string.o)    kernel/start.o (memcpy)
lib/orangescrt.a(misc.o)      kernel/main.o (send_recv)
lib/orangescrt.a(open.o)      kernel/main.o (open)
lib/orangescrt.a(read.o)      kernel/main.o (read)
lib/orangescrt.a(write.o)     kernel/main.o (write)
lib/orangescrt.a(close.o)     kernel/main.o (close)
lib/orangescrt.a(getpid.o)    kernel/main.o (getpid)
lib/orangescrt.a(stat.o)      mm/exec.o (stat)
lib/orangescrt.a(fork.o)      kernel/main.o (fork)
lib/orangescrt.a(wait.o)      kernel/main.o (wait)
lib/orangescrt.a(exec.o)      kernel/main.o (execv)
lib/orangescrt.a(logfila.o)   kernel/tty.o (LogFuncEntry)
lib/orangescrt.a(shell.o)     kernel/main.o (Init_Shell)

Allocating common symbols
Common symbol       size              file

idt_ptr             0x6               kernel/global.o
inode_table         0xb00             kernel/global.o
task_stack          0x58000           kernel/global.o
k_reenter           0x4               kernel/global.o
gdt                 0x400             kernel/global.o
current_console     0x4               kernel/global.o
pcaller             0x4               kernel/global.o
tty_table           0xc6c             kernel/global.o
tss                 0x68              kernel/global.o
fs_msg              0x30              kernel/global.o
memory_size         0x4               kernel/global.o
f_desc_table        0x500             kernel/global.o
root_inode          0x4               kernel/global.o
disp_pos            0x4               kernel/global.o
mm_msg              0x30              kernel/global.o
Working_Directory   0x80              kernel/global.o
key_pressed         0x4               kernel/global.o
gdt_ptr             0x6               kernel/global.o
idt                 0x800             kernel/global.o
super_block         0x1e0             kernel/global.o
PARTITION_ENTRY     0x10              kernel/hd.o
ticks               0x4               kernel/global.o
m_msg               0x30              kernel/global.o
console_table       0x3c              kernel/global.o
irq_table           0x40              kernel/global.o
p_proc_ready        0x4               kernel/global.o
proc_table          0x3e28            kernel/global.o

Discarded input sections

 .note.GNU-stack
                0x0000000000000000        0x0 kernel/start.o
 .note.GNU-stack
                0x0000000000000000        0x0 kernel/main.o
 .note.GNU-stack
                0x0000000000000000        0x0 kernel/clock.o
 .note.GNU-stack
                0x0000000000000000        0x0 kernel/keyboard.o
 .note.GNU-stack
                0x0000000000000000        0x0 kernel/tty.o
 .note.GNU-stack
                0x0000000000000000        0x0 kernel/logtask.o
 .note.GNU-stack
                0x0000000000000000        0x0 kernel/monitortask.o
 .note.GNU-stack
                0x0000000000000000        0x0 kernel/console.o
 .note.GNU-stack
                0x0000000000000000        0x0 kernel/i8259.o
 .note.GNU-stack
                0x0000000000000000        0x0 kernel/global.o
 .note.GNU-stack
                0x0000000000000000        0x0 kernel/protect.o
 .note.GNU-stack
                0x0000000000000000        0x0 kernel/proc.o
 .note.GNU-stack
                0x0000000000000000        0x0 kernel/systask.o
 .note.GNU-stack
                0x0000000000000000        0x0 kernel/hd.o
 .note.GNU-stack
                0x0000000000000000        0x0 kernel/klib.o
 .note.GNU-stack
                0x0000000000000000        0x0 lib/syslog.o
 .note.GNU-stack
                0x0000000000000000        0x0 mm/main.o
 .note.GNU-stack
                0x0000000000000000        0x0 mm/forkexit.o
 .note.GNU-stack
                0x0000000000000000        0x0 mm/exec.o
 .note.GNU-stack
                0x0000000000000000        0x0 mm/shell.o
 .note.GNU-stack
                0x0000000000000000        0x0 fs/main.o
 .note.GNU-stack
                0x0000000000000000        0x0 fs/open.o
 .note.GNU-stack
                0x0000000000000000        0x0 fs/misc.o
 .note.GNU-stack
                0x0000000000000000        0x0 fs/read_write.o
 .note.GNU-stack
                0x0000000000000000        0x0 fs/link.o
 .note.GNU-stack
                0x0000000000000000        0x0 fs/disklog.o
 .note.GNU-stack
                0x0000000000000000        0x0 lib/orangescrt.a(printf.o)
 .note.GNU-stack
                0x0000000000000000        0x0 lib/orangescrt.a(vsprintf.o)
 .note.GNU-stack
                0x0000000000000000        0x0 lib/orangescrt.a(misc.o)
 .note.GNU-stack
                0x0000000000000000        0x0 lib/orangescrt.a(open.o)
 .note.GNU-stack
                0x0000000000000000        0x0 lib/orangescrt.a(read.o)
 .note.GNU-stack
                0x0000000000000000        0x0 lib/orangescrt.a(write.o)
 .note.GNU-stack
                0x0000000000000000        0x0 lib/orangescrt.a(close.o)
 .note.GNU-stack
                0x0000000000000000        0x0 lib/orangescrt.a(getpid.o)
 .note.GNU-stack
                0x0000000000000000        0x0 lib/orangescrt.a(stat.o)
 .note.GNU-stack
                0x0000000000000000        0x0 lib/orangescrt.a(fork.o)
 .note.GNU-stack
                0x0000000000000000        0x0 lib/orangescrt.a(wait.o)
 .note.GNU-stack
                0x0000000000000000        0x0 lib/orangescrt.a(exec.o)
 .note.GNU-stack
                0x0000000000000000        0x0 lib/orangescrt.a(logfila.o)
 .note.GNU-stack
                0x0000000000000000        0x0 lib/orangescrt.a(shell.o)

Memory Configuration

Name             Origin             Length             Attributes
*default*        0x0000000000000000 0xffffffffffffffff

Linker script and memory map

Address of section .text set to 0x1000
LOAD kernel/kernel.o
LOAD kernel/start.o
LOAD kernel/main.o
LOAD kernel/clock.o
LOAD kernel/keyboard.o
LOAD kernel/tty.o
LOAD kernel/logtask.o
LOAD kernel/monitortask.o
LOAD kernel/console.o
LOAD kernel/i8259.o
LOAD kernel/global.o
LOAD kernel/protect.o
LOAD kernel/proc.o
LOAD kernel/systask.o
LOAD kernel/hd.o
LOAD kernel/kliba.o
LOAD kernel/klib.o
LOAD lib/syslog.o
LOAD mm/main.o
LOAD mm/forkexit.o
LOAD mm/exec.o
LOAD mm/shell.o
LOAD fs/main.o
LOAD fs/open.o
LOAD fs/misc.o
LOAD fs/read_write.o
LOAD fs/link.o
LOAD fs/disklog.o
LOAD lib/orangescrt.a
                [!provide]                        PROVIDE (__executable_start, 0x8048000)
                0x0000000008048094                . = (0x8048000 + SIZEOF_HEADERS)

.interp
 *(.interp)

.note.gnu.build-id
 *(.note.gnu.build-id)

.hash
 *(.hash)

.gnu.hash
 *(.gnu.hash)

.dynsym
 *(.dynsym)

.dynstr
 *(.dynstr)

.gnu.version
 *(.gnu.version)

.gnu.version_d
 *(.gnu.version_d)

.gnu.version_r
 *(.gnu.version_r)

.rel.dyn        0x0000000008048094        0x0
 *(.rel.init)
 *(.rel.text .rel.text.* .rel.gnu.linkonce.t.*)
 .rel.text      0x0000000008048094        0x0 kernel/kernel.o
 *(.rel.fini)
 *(.rel.rodata .rel.rodata.* .rel.gnu.linkonce.r.*)
 *(.rel.data.rel.ro .rel.data.rel.ro.* .rel.gnu.linkonce.d.rel.ro.*)
 *(.rel.data .rel.data.* .rel.gnu.linkonce.d.*)
 .rel.data      0x0000000008048094        0x0 kernel/kernel.o
 *(.rel.tdata .rel.tdata.* .rel.gnu.linkonce.td.*)
 *(.rel.tbss .rel.tbss.* .rel.gnu.linkonce.tb.*)
 *(.rel.ctors)
 *(.rel.dtors)
 *(.rel.got)
 *(.rel.bss .rel.bss.* .rel.gnu.linkonce.b.*)
 *(.rel.ifunc)

.rel.plt        0x0000000008048094        0x0
 *(.rel.plt)
                [!provide]                        PROVIDE (__rel_iplt_start, .)
 *(.rel.iplt)
 .rel.iplt      0x0000000008048094        0x0 kernel/kernel.o
                [!provide]                        PROVIDE (__rel_iplt_end, .)

.init
 *(SORT(.init))

.plt            0x00000000080480a0        0x0
 *(.plt)
 *(.iplt)
 .iplt          0x00000000080480a0        0x0 kernel/kernel.o

.plt.got
 *(.plt.got)

.text           0x0000000000001000     0xe3f4
 *(.text.unlikely .text.*_unlikely .text.unlikely.*)
 *(.text.exit .text.exit.*)
 *(.text.startup .text.startup.*)
 *(.text.hot .text.hot.*)
 *(.text .stub .text.* .gnu.linkonce.t.*)
 .text          0x0000000000001000      0x410 kernel/kernel.o
                0x0000000000001000                _start
                0x0000000000001040                hwint00
                0x0000000000001070                hwint01
                0x00000000000010a0                hwint02
                0x00000000000010d0                hwint03
                0x0000000000001100                hwint04
                0x0000000000001130                hwint05
                0x0000000000001160                hwint06
                0x0000000000001190                hwint07
                0x00000000000011c0                hwint08
                0x00000000000011f0                hwint09
                0x0000000000001220                hwint10
                0x0000000000001250                hwint11
                0x0000000000001280                hwint12
                0x00000000000012b0                hwint13
                0x00000000000012e0                hwint14
                0x0000000000001310                hwint15
                0x0000000000001334                divide_error
                0x000000000000133a                single_step_exception
                0x0000000000001340                nmi
                0x0000000000001346                breakpoint_exception
                0x000000000000134c                overflow
                0x0000000000001352                bounds_check
                0x0000000000001358                inval_opcode
                0x000000000000135e                copr_not_available
                0x0000000000001364                double_fault
                0x0000000000001368                copr_seg_overrun
                0x000000000000136e                inval_tss
                0x0000000000001372                segment_not_present
                0x0000000000001376                stack_exception
                0x000000000000137a                general_protection
                0x000000000000137e                page_fault
                0x0000000000001382                copr_error
                0x00000000000013cb                sys_call
                0x00000000000013eb                restart
 .text          0x0000000000001410       0x95 kernel/start.o
                0x0000000000001410                cstart
 .text          0x00000000000014a5     0x102a kernel/main.o
                0x00000000000014a5                kernel_main
                0x00000000000017c0                get_ticks
                0x00000000000017f4                untar
                0x0000000000001a00                shell_permission
                0x0000000000001a46                set_permission
                0x0000000000001a8c                add_permission
                0x0000000000001acc                clear_permission
                0x0000000000001b0c                shabby_shell
                0x0000000000001f62                permission_ls
                0x000000000000203b                test_cipher
                0x0000000000002247                set_cipherkey
                0x0000000000002297                Init
                0x0000000000002477                TestA
                0x000000000000247c                TestB
                0x0000000000002481                TestC
                0x0000000000002486                panic
 .text          0x00000000000024cf      0x10d kernel/clock.o
                0x00000000000024cf                clock_handler
                0x000000000000254a                milli_delay
                0x0000000000002584                init_clock
 .text          0x00000000000025dc      0x77f kernel/keyboard.o
                0x00000000000025dc                IsFlag
                0x0000000000002681                keyboard_handler
                0x00000000000026eb                init_keyboard
                0x000000000000279a                keyboard_read
 .text          0x0000000000002d5b     0x103c kernel/tty.o
                0x0000000000002d5b                task_tty
                0x0000000000003521                in_process
                0x0000000000003a97                sys_printx
                0x0000000000003c36                dump_tty_buf
 .text          0x0000000000003d97       0xe2 kernel/logtask.o
                0x0000000000003d97                task_log
 .text          0x0000000000003e79      0xab2 kernel/monitortask.o
                0x0000000000003e79                task_m
                0x0000000000004590                rc4_init
                0x00000000000046ac                rc4_crypt
                0x00000000000047c3                cipher
 .text          0x000000000000492b      0x7ee kernel/console.o
                0x000000000000492b                init_screen
                0x0000000000004a9f                out_char
                0x0000000000004d7c                is_current_console
                0x0000000000004e6f                select_console
                0x0000000000004eaf                scroll_screen
                0x00000000000050ce                flush_cursor
 .text          0x0000000000005119      0x130 kernel/i8259.o
                0x0000000000005119                init_8259A
                0x00000000000051ee                spurious_irq
                0x0000000000005225                put_irq_handler
 .text          0x0000000000005249        0x0 kernel/global.o
 .text          0x0000000000005249      0x65f kernel/protect.o
                0x0000000000005249                init_prot
                0x00000000000056b1                seg2linear
                0x0000000000005700                init_desc
                0x000000000000576d                exception_handler
 .text          0x00000000000058a8     0x15ff kernel/proc.o
                0x00000000000058a8                schedule
                0x0000000000005934                sys_sendrec
                0x0000000000005a5e                ldt_seg_linear
                0x0000000000005aa8                va2la
                0x0000000000005b09                reset_msg
                0x00000000000068ee                inform_int
                0x0000000000006a5e                dump_proc
                0x0000000000006d9a                dump_msg
 .text          0x0000000000006ea7      0x332 kernel/systask.o
                0x0000000000006ea7                task_sys
 .text          0x00000000000071d9      0xe1f kernel/hd.o
                0x00000000000071d9                task_hd
                0x0000000000007fcd                hd_handler
 *fill*         0x0000000000007ff8        0x8 
 .text          0x0000000000008000      0x19a kernel/kliba.o
                0x0000000000008000                disp_str
                0x000000000000803e                disp_color_str
                0x000000000000807d                out_byte
                0x0000000000008089                in_byte
                0x0000000000008093                port_read
                0x00000000000080a6                port_write
                0x00000000000080b9                disable_irq
                0x00000000000080ee                enable_irq
                0x000000000000810d                disable_int
                0x000000000000810f                enable_int
                0x0000000000008111                glitter
 .text          0x000000000000819a      0x2af kernel/klib.o
                0x000000000000819a                get_boot_params
                0x0000000000008220                get_kernel_map
                0x0000000000008330                itoa
                0x00000000000083db                disp_int
                0x0000000000008402                delay
 .text          0x0000000000008449      0x25d lib/syslog.o
                0x0000000000008449                syslog
                0x00000000000084c2                syslogWithStr
                0x00000000000084e2                printLogTail
 .text          0x00000000000086a6      0x1d2 mm/main.o
                0x00000000000086a6                task_mm
                0x00000000000087f3                alloc_mem
                0x000000000000886e                free_mem
 .text          0x0000000000008878      0x772 mm/forkexit.o
                0x0000000000008878                do_fork
                0x0000000000008bbf                do_exit
                0x0000000000008d31                do_kill
                0x0000000000008f34                do_wait
 .text          0x0000000000008fea      0x356 mm/exec.o
                0x0000000000008fea                do_exec
 .text          0x0000000000009340      0x26b mm/shell.o
                0x0000000000009340                do_shell
                0x00000000000094b3                initShell
                0x00000000000094d3                changeCWD
                0x000000000000958f                getCWD
 .text          0x00000000000095ab     0x12db fs/main.o
                0x00000000000095ab                task_fs
                0x000000000000a06a                rw_sector
                0x000000000000a103                rw_cipher
                0x000000000000a34d                get_super_block
                0x000000000000a393                get_inode
                0x000000000000a4f6                get_inode_directly
                0x000000000000a541                count_surplus_inode_link
                0x000000000000a581                put_inode
                0x000000000000a5bf                put_inodes_link
                0x000000000000a61a                sync_inode
                0x000000000000a719                sync_inode_link
 .text          0x000000000000a886      0xd3a fs/open.o
                0x000000000000a886                do_open
                0x000000000000ac78                do_mkdir
                0x000000000000aedf                do_close
                0x000000000000af5a                do_lseek
 .text          0x000000000000b5c0      0x747 fs/misc.o
                0x000000000000b5c0                do_stat
                0x000000000000b7db                low_search_entry
                0x000000000000b8e9                search_file
                0x000000000000b9a7                do_List_Dir
                0x000000000000bc01                strip_path
 .text          0x000000000000bd07      0x839 fs/read_write.o
                0x000000000000bd07                do_rdwt
 .text          0x000000000000c540      0x8fc fs/link.o
                0x000000000000c540                do_unlink
                0x000000000000cdcc                getsize
 .text          0x000000000000ce3c      0xc40 fs/disklog.o
                0x000000000000ce3c                disklog
                0x000000000000d3a9                dump_fd_graph
 *fill*         0x000000000000da7c        0x4 
 .text          0x000000000000da80       0x28 lib/orangescrt.a(syscall.o)
                0x000000000000da80                sendrec
                0x000000000000da9a                printx
 .text          0x000000000000daa8       0xad lib/orangescrt.a(printf.o)
                0x000000000000daa8                printf
                0x000000000000db13                printl
 .text          0x000000000000db55      0x305 lib/orangescrt.a(vsprintf.o)
                0x000000000000dbb3                vsprintf
                0x000000000000de34                sprintf
 *fill*         0x000000000000de5a        0x6 
 .text          0x000000000000de60       0x78 lib/orangescrt.a(string.o)
                0x000000000000de60                memcpy
                0x000000000000de89                memset
                0x000000000000deaa                strcpy
                0x000000000000dec2                strlen
 .text          0x000000000000ded8      0x800 lib/orangescrt.a(misc.o)
                0x000000000000ded8                send_recv
                0x000000000000df92                memcmp
                0x000000000000e008                strcmp
                0x000000000000e07b                strcat
                0x000000000000e0da                spin
                0x000000000000e0f5                strchr
                0x000000000000e122                strtok
                0x000000000000e1f0                _strcpy
                0x000000000000e22c                putchar_to_buffer
                0x000000000000e253                puts_to_buffer
                0x000000000000e280                putint_to_buffer
                0x000000000000e33e                puthex_to_buffer
                0x000000000000e3aa                _vsprintf
                0x000000000000e4a7                _sprintf
                0x000000000000e4da                _strncpy
                0x000000000000e553                memmove
                0x000000000000e5ce                proc_memcpy
                0x000000000000e5e2                atoi
                0x000000000000e69f                assertion_failure
 .text          0x000000000000e6d8      0x19b lib/orangescrt.a(open.o)
                0x000000000000e6d8                open
                0x000000000000e810                mkdir
 .text          0x000000000000e873       0x37 lib/orangescrt.a(read.o)
                0x000000000000e873                read
 .text          0x000000000000e8aa       0x37 lib/orangescrt.a(write.o)
                0x000000000000e8aa                write
 .text          0x000000000000e8e1       0x2b lib/orangescrt.a(close.o)
                0x000000000000e8e1                close
 .text          0x000000000000e90c       0x46 lib/orangescrt.a(getpid.o)
                0x000000000000e90c                getpid
 .text          0x000000000000e952       0x63 lib/orangescrt.a(stat.o)
                0x000000000000e952                stat
 .text          0x000000000000e9b5       0x66 lib/orangescrt.a(fork.o)
                0x000000000000e9b5                fork
 .text          0x000000000000ea1b       0x3c lib/orangescrt.a(wait.o)
                0x000000000000ea1b                wait
 .text          0x000000000000ea57      0x2aa lib/orangescrt.a(exec.o)
                0x000000000000ea57                exec
                0x000000000000eac2                execl
                0x000000000000eae7                ret_permission
                0x000000000000eb4a                execv
 .text          0x000000000000ed01      0x29a lib/orangescrt.a(logfila.o)
                0x000000000000ed1d                lock
                0x000000000000ed37                unlock
                0x000000000000ed47                LogFuncEntry
                0x000000000000ee97                AddLogWare
                0x000000000000eebf                DefaultLogHandler
                0x000000000000eedb                DiskLogHandler
                0x000000000000ef15                InitLogWares
                0x000000000000ef6a                DisableLOGGING
                0x000000000000ef7d                EnableLOGGING
                0x000000000000ef8d                SwitchLogLevel
 .text          0x000000000000ef9b      0x459 lib/orangescrt.a(shell.o)
                0x000000000000ef9b                Init_Shell
                0x000000000000efdc                chdir
                0x000000000000f033                getcwd
                0x000000000000f06c                extractExecDir
                0x000000000000f118                get_full_path
 *(.gnu.warning)

.fini
 *(SORT(.fini))
                [!provide]                        PROVIDE (__etext, .)
                [!provide]                        PROVIDE (_etext, .)
                [!provide]                        PROVIDE (etext, .)

.rodata         0x000000000000f400     0x29a1
 *(.rodata .rodata.* .gnu.linkonce.r.*)
 .rodata        0x000000000000f400       0x47 kernel/start.o
 *fill*         0x000000000000f447        0x1 
 .rodata        0x000000000000f448      0x378 kernel/main.o
 .rodata        0x000000000000f7c0       0x64 kernel/keyboard.o
 .rodata        0x000000000000f824      0x1bc kernel/tty.o
 .rodata        0x000000000000f9e0      0x2f0 kernel/monitortask.o
 .rodata        0x000000000000fcd0       0x5b kernel/console.o
 .rodata        0x000000000000fd2b       0x11 kernel/i8259.o
 .rodata        0x000000000000fd3c       0x14 kernel/global.o
                0x000000000000fd3c                FSBUF_SIZE
                0x000000000000fd40                MMBUF_SIZE
                0x000000000000fd44                LOGBUF_SIZE
                0x000000000000fd48                LOGDISKBUF_SIZE
                0x000000000000fd4c                MBUF_SIZE
 *fill*         0x000000000000fd50       0x10 
 .rodata        0x000000000000fd60      0x580 kernel/protect.o
 .rodata        0x00000000000102e0      0x5da kernel/proc.o
 .rodata        0x00000000000108ba       0x11 kernel/systask.o
 *fill*         0x00000000000108cb        0x1 
 .rodata        0x00000000000108cc      0x1df kernel/hd.o
 *fill*         0x0000000000010aab        0x1 
 .rodata        0x0000000000010aac       0x6a kernel/klib.o
 .rodata        0x0000000000010b16      0x231 lib/syslog.o
 *fill*         0x0000000000010d47        0x1 
 .rodata        0x0000000000010d48       0xc9 mm/main.o
 *fill*         0x0000000000010e11        0x3 
 .rodata        0x0000000000010e14       0xeb mm/forkexit.o
 *fill*         0x0000000000010eff        0x1 
 .rodata        0x0000000000010f00       0xa4 mm/exec.o
 .rodata        0x0000000000010fa4       0x3d mm/shell.o
 *fill*         0x0000000000010fe1        0x3 
 .rodata        0x0000000000010fe4      0x2d6 fs/main.o
 *fill*         0x00000000000112ba        0x2 
 .rodata        0x00000000000112bc      0x165 fs/open.o
 *fill*         0x0000000000011421        0x3 
 .rodata        0x0000000000011424       0x74 fs/misc.o
 .rodata        0x0000000000011498      0x191 fs/read_write.o
 *fill*         0x0000000000011629        0x3 
 .rodata        0x000000000001162c      0x1b5 fs/link.o
 *fill*         0x00000000000117e1        0x3 
 .rodata        0x00000000000117e4      0x2cf fs/disklog.o
 .rodata        0x0000000000011ab3       0x14 lib/orangescrt.a(printf.o)
 *fill*         0x0000000000011ac7        0x1 
 .rodata        0x0000000000011ac8       0xbd lib/orangescrt.a(misc.o)
 .rodata        0x0000000000011b85       0x51 lib/orangescrt.a(open.o)
 .rodata        0x0000000000011bd6       0x25 lib/orangescrt.a(getpid.o)
 .rodata        0x0000000000011bfb       0x23 lib/orangescrt.a(stat.o)
 .rodata        0x0000000000011c1e       0x33 lib/orangescrt.a(fork.o)
 *fill*         0x0000000000011c51        0x3 
 .rodata        0x0000000000011c54       0xc0 lib/orangescrt.a(exec.o)
 .rodata        0x0000000000011d14       0x56 lib/orangescrt.a(logfila.o)
 .rodata        0x0000000000011d6a       0x37 lib/orangescrt.a(shell.o)

.rodata1
 *(.rodata1)

.eh_frame_hdr
 *(.eh_frame_hdr)
 *(.eh_frame_entry .eh_frame_entry.*)

.eh_frame       0x0000000000011da4     0x1c58
 *(.eh_frame)
 .eh_frame      0x0000000000011da4       0x38 kernel/start.o
 .eh_frame      0x0000000000011ddc      0x1f0 kernel/main.o
                                        0x208 (size before relaxing)
 .eh_frame      0x0000000000011fcc       0x60 kernel/clock.o
                                         0x78 (size before relaxing)
 .eh_frame      0x000000000001202c      0x100 kernel/keyboard.o
                                        0x118 (size before relaxing)
 .eh_frame      0x000000000001212c      0x1c0 kernel/tty.o
                                        0x1d8 (size before relaxing)
 .eh_frame      0x00000000000122ec       0x20 kernel/logtask.o
                                         0x38 (size before relaxing)
 .eh_frame      0x000000000001230c      0x1bc kernel/monitortask.o
                                        0x1d4 (size before relaxing)
 .eh_frame      0x00000000000124c8      0x164 kernel/console.o
                                        0x17c (size before relaxing)
 .eh_frame      0x000000000001262c       0x60 kernel/i8259.o
                                         0x78 (size before relaxing)
 .eh_frame      0x000000000001268c       0xb0 kernel/protect.o
                                         0xc8 (size before relaxing)
 .eh_frame      0x000000000001273c      0x1b8 kernel/proc.o
                                        0x1d0 (size before relaxing)
 .eh_frame      0x00000000000128f4       0x5c kernel/systask.o
                                         0x74 (size before relaxing)
 .eh_frame      0x0000000000012950      0x1f0 kernel/hd.o
                                        0x208 (size before relaxing)
 .eh_frame      0x0000000000012b40       0xa0 kernel/klib.o
                                         0xb8 (size before relaxing)
 .eh_frame      0x0000000000012be0       0x6c lib/syslog.o
                                         0x84 (size before relaxing)
 .eh_frame      0x0000000000012c4c       0x7c mm/main.o
                                         0x94 (size before relaxing)
 .eh_frame      0x0000000000012cc8       0xb0 mm/forkexit.o
                                         0xc8 (size before relaxing)
 .eh_frame      0x0000000000012d78       0x2c mm/exec.o
                                         0x44 (size before relaxing)
 .eh_frame      0x0000000000012da4       0x84 mm/shell.o
                                         0x9c (size before relaxing)
 .eh_frame      0x0000000000012e28      0x214 fs/main.o
                                        0x22c (size before relaxing)
 .eh_frame      0x000000000001303c      0x188 fs/open.o
                                        0x1a0 (size before relaxing)
 .eh_frame      0x00000000000131c4       0xb4 fs/misc.o
                                         0xcc (size before relaxing)
 .eh_frame      0x0000000000013278       0x30 fs/read_write.o
                                         0x48 (size before relaxing)
 .eh_frame      0x00000000000132a8       0x4c fs/link.o
                                         0x64 (size before relaxing)
 .eh_frame      0x00000000000132f4       0x60 fs/disklog.o
                                         0x78 (size before relaxing)
 .eh_frame      0x0000000000013354       0x40 lib/orangescrt.a(printf.o)
                                         0x58 (size before relaxing)
 .eh_frame      0x0000000000013394       0x60 lib/orangescrt.a(vsprintf.o)
                                         0x78 (size before relaxing)
 .eh_frame      0x00000000000133f4      0x260 lib/orangescrt.a(misc.o)
                                        0x278 (size before relaxing)
 .eh_frame      0x0000000000013654       0x40 lib/orangescrt.a(open.o)
                                         0x58 (size before relaxing)
 .eh_frame      0x0000000000013694       0x20 lib/orangescrt.a(read.o)
                                         0x38 (size before relaxing)
 .eh_frame      0x00000000000136b4       0x20 lib/orangescrt.a(write.o)
                                         0x38 (size before relaxing)
 .eh_frame      0x00000000000136d4       0x20 lib/orangescrt.a(close.o)
                                         0x38 (size before relaxing)
 .eh_frame      0x00000000000136f4       0x20 lib/orangescrt.a(getpid.o)
                                         0x38 (size before relaxing)
 .eh_frame      0x0000000000013714       0x20 lib/orangescrt.a(stat.o)
                                         0x38 (size before relaxing)
 .eh_frame      0x0000000000013734       0x20 lib/orangescrt.a(fork.o)
                                         0x38 (size before relaxing)
 .eh_frame      0x0000000000013754       0x20 lib/orangescrt.a(wait.o)
                                         0x38 (size before relaxing)
 .eh_frame      0x0000000000013774       0x80 lib/orangescrt.a(exec.o)
                                         0x98 (size before relaxing)
 .eh_frame      0x00000000000137f4      0x164 lib/orangescrt.a(logfila.o)
                                        0x17c (size before relaxing)
 .eh_frame      0x0000000000013958       0xa4 lib/orangescrt.a(shell.o)
                                         0xbc (size before relaxing)
 *(.eh_frame.*)

.gcc_except_table
 *(.gcc_except_table .gcc_except_table.*)

.gnu_extab
 *(.gnu_extab*)

.exception_ranges
 *(.exception_ranges .exception_ranges*)
                0x0000000000014000                . = DATA_SEGMENT_ALIGN (0x1000, 0x1000)

.eh_frame
 *(.eh_frame)
 *(.eh_frame.*)

.gnu_extab
 *(.gnu_extab)

.gcc_except_table
 *(.gcc_except_table .gcc_except_table.*)

.exception_ranges
 *(.exception_ranges .exception_ranges*)

.tdata
 *(.tdata .tdata.* .gnu.linkonce.td.*)

.tbss
 *(.tbss .tbss.* .gnu.linkonce.tb.*)
 *(.tcommon)

.preinit_array  0x0000000000014000        0x0
                [!provide]                        PROVIDE (__preinit_array_start, .)
 *(.preinit_array)
                [!provide]                        PROVIDE (__preinit_array_end, .)

.init_array     0x0000000000014000        0x0
                [!provide]                        PROVIDE (__init_array_start, .)
 *(SORT(.init_array.*) SORT(.ctors.*))
 *(.init_array EXCLUDE_FILE(*crtend?.o *crtend.o *crtbegin?.o *crtbegin.o) .ctors)
                [!provide]                        PROVIDE (__init_array_end, .)

.fini_array     0x0000000000014000        0x0
                [!provide]                        PROVIDE (__fini_array_start, .)
 *(SORT(.fini_array.*) SORT(.dtors.*))
 *(.fini_array EXCLUDE_FILE(*crtend?.o *crtend.o *crtbegin?.o *crtbegin.o) .dtors)
                [!provide]                        PROVIDE (__fini_array_end, .)

.ctors
 *crtbegin.o(.ctors)
 *crtbegin?.o(.ctors)
 *(EXCLUDE_FILE(*crtend?.o *crtend.o) .ctors)
 *(SORT(.ctors.*))
 *(.ctors)

.dtors
 *crtbegin.o(.dtors)
 *crtbegin?.o(.dtors)
 *(EXCLUDE_FILE(*crtend?.o *crtend.o) .dtors)
 *(SORT(.dtors.*))
 *(.dtors)

.jcr
 *(.jcr)

.data.rel.ro
 *(.data.rel.ro.local* .gnu.linkonce.d.rel.ro.local.*)
 *(.data.rel.ro .data.rel.ro.* .gnu.linkonce.d.rel.ro.*)

.dynamic
 *(.dynamic)

.got
 *(.got)
 *(.igot)
                0x0000000000014000                . = DATA_SEGMENT_RELRO_END (., (SIZEOF (.got.plt) >= 0xc)?0xc:0x0)

.got.plt        0x0000000000014000        0x0
 *(.got.plt)
 *(.igot.plt)
 .igot.plt      0x0000000000014000        0x0 kernel/kernel.o

.data           0x0000000000014000      0x9a4
 *(.data .data.* .gnu.linkonce.d.*)
 .data          0x0000000000014000        0x2 kernel/kernel.o
 .data          0x0000000000014002        0x0 kernel/start.o
 .data          0x0000000000014002        0x0 kernel/main.o
 .data          0x0000000000014002        0x0 kernel/clock.o
 *fill*         0x0000000000014002       0x1e 
 .data          0x0000000000014020      0x600 kernel/keyboard.o
                0x0000000000014020                keymap
 .data          0x0000000000014620       0x42 kernel/tty.o
 .data          0x0000000000014662        0x0 kernel/logtask.o
 *fill*         0x0000000000014662       0x1e 
 .data          0x0000000000014680      0x100 kernel/monitortask.o
 .data          0x0000000000014780        0x0 kernel/console.o
 .data          0x0000000000014780        0x0 kernel/i8259.o
 .data          0x0000000000014780      0x1fc kernel/global.o
                0x0000000000014780                task_table
                0x00000000000148a0                user_proc_table
                0x0000000000014940                sys_call_table
                0x000000000001494c                dd_map
                0x0000000000014964                fsbuf
                0x0000000000014968                mmbuf
                0x000000000001496c                logbuf
                0x0000000000014970                logdiskbuf
                0x0000000000014974                mbuf
                0x0000000000014978                mbuf2
 .data          0x000000000001497c        0x0 kernel/protect.o
 .data          0x000000000001497c        0x0 kernel/proc.o
 .data          0x000000000001497c        0x0 kernel/systask.o
 .data          0x000000000001497c        0x0 kernel/hd.o
 .data          0x000000000001497c        0x0 kernel/klib.o
 .data          0x000000000001497c        0x0 lib/syslog.o
 .data          0x000000000001497c        0x0 mm/main.o
 .data          0x000000000001497c        0x0 mm/forkexit.o
 .data          0x000000000001497c        0x0 mm/exec.o
 .data          0x000000000001497c        0x0 mm/shell.o
 .data          0x000000000001497c        0x0 fs/main.o
 .data          0x000000000001497c        0x0 fs/open.o
 .data          0x000000000001497c        0x4 fs/misc.o
                0x000000000001497c                last_query_dev
 .data          0x0000000000014980        0x0 fs/read_write.o
 .data          0x0000000000014980        0x0 fs/link.o
 .data          0x0000000000014980        0x0 fs/disklog.o
 .data          0x0000000000014980        0x0 lib/orangescrt.a(printf.o)
 .data          0x0000000000014980        0x0 lib/orangescrt.a(vsprintf.o)
 .data          0x0000000000014980        0x0 lib/orangescrt.a(misc.o)
 .data          0x0000000000014980        0x0 lib/orangescrt.a(open.o)
 .data          0x0000000000014980        0x0 lib/orangescrt.a(read.o)
 .data          0x0000000000014980        0x0 lib/orangescrt.a(write.o)
 .data          0x0000000000014980        0x0 lib/orangescrt.a(close.o)
 .data          0x0000000000014980        0x0 lib/orangescrt.a(getpid.o)
 .data          0x0000000000014980        0x0 lib/orangescrt.a(stat.o)
 .data          0x0000000000014980        0x0 lib/orangescrt.a(fork.o)
 .data          0x0000000000014980        0x0 lib/orangescrt.a(wait.o)
 .data          0x0000000000014980        0x0 lib/orangescrt.a(exec.o)
 .data          0x0000000000014980       0x24 lib/orangescrt.a(logfila.o)
                0x0000000000014988                LogLevelStrings
 .data          0x00000000000149a4        0x0 lib/orangescrt.a(shell.o)

.data1
 *(.data1)
                0x00000000000149a4                _edata = .
                [!provide]                        PROVIDE (edata, .)
                0x00000000000149a4                . = .
                0x00000000000149a4                __bss_start = .

.bss            0x00000000000149c0    0x623b8
 *(.dynbss)
 *(.bss .bss.* .gnu.linkonce.b.*)
 .bss           0x00000000000149c0      0x800 kernel/kernel.o
 .bss           0x00000000000151c0        0x0 kernel/start.o
 .bss           0x00000000000151c0        0x0 kernel/main.o
 .bss           0x00000000000151c0        0x0 kernel/clock.o
 .bss           0x00000000000151c0       0x58 kernel/keyboard.o
 .bss           0x0000000000015218        0x4 kernel/tty.o
 .bss           0x000000000001521c        0x0 kernel/logtask.o
 *fill*         0x000000000001521c        0x4 
 .bss           0x0000000000015220     0x2900 kernel/monitortask.o
 .bss           0x0000000000017b20        0x0 kernel/console.o
 .bss           0x0000000000017b20        0x0 kernel/i8259.o
 .bss           0x0000000000017b20        0x0 kernel/global.o
 .bss           0x0000000000017b20        0x0 kernel/protect.o
 .bss           0x0000000000017b20        0x0 kernel/proc.o
 .bss           0x0000000000017b20        0x0 kernel/systask.o
 .bss           0x0000000000017b20      0x64c kernel/hd.o
 .bss           0x000000000001816c        0x0 kernel/klib.o
 .bss           0x000000000001816c        0x4 lib/syslog.o
 .bss           0x0000000000018170        0x0 mm/main.o
 .bss           0x0000000000018170        0x0 mm/forkexit.o
 .bss           0x0000000000018170        0x0 mm/exec.o
 .bss           0x0000000000018170        0x0 mm/shell.o
 .bss           0x0000000000018170        0x0 fs/main.o
 .bss           0x0000000000018170        0x0 fs/open.o
 .bss           0x0000000000018170        0x0 fs/misc.o
 .bss           0x0000000000018170        0x0 fs/read_write.o
 .bss           0x0000000000018170        0x0 fs/link.o
 .bss           0x0000000000018170        0x8 fs/disklog.o
 .bss           0x0000000000018178        0x0 lib/orangescrt.a(printf.o)
 .bss           0x0000000000018178        0x0 lib/orangescrt.a(vsprintf.o)
 .bss           0x0000000000018178        0x4 lib/orangescrt.a(misc.o)
 .bss           0x000000000001817c        0x0 lib/orangescrt.a(open.o)
 .bss           0x000000000001817c        0x0 lib/orangescrt.a(read.o)
 .bss           0x000000000001817c        0x0 lib/orangescrt.a(write.o)
 .bss           0x000000000001817c        0x0 lib/orangescrt.a(close.o)
 .bss           0x000000000001817c        0x0 lib/orangescrt.a(getpid.o)
 .bss           0x000000000001817c        0x0 lib/orangescrt.a(stat.o)
 .bss           0x000000000001817c        0x0 lib/orangescrt.a(fork.o)
 .bss           0x000000000001817c        0x0 lib/orangescrt.a(wait.o)
 .bss           0x000000000001817c        0x0 lib/orangescrt.a(exec.o)
 *fill*         0x000000000001817c        0x4 
 .bss           0x0000000000018180       0x28 lib/orangescrt.a(logfila.o)
 .bss           0x00000000000181a8        0x0 lib/orangescrt.a(shell.o)
 *(COMMON)
 *fill*         0x00000000000181a8       0x18 
 COMMON         0x00000000000181c0    0x5eba8 kernel/global.o
                0x00000000000181c0                idt_ptr
                0x00000000000181e0                inode_table
                0x0000000000018ce0                task_stack
                0x0000000000070ce0                k_reenter
                0x0000000000070d00                gdt
                0x0000000000071100                current_console
                0x0000000000071104                pcaller
                0x0000000000071120                tty_table
                0x0000000000071da0                tss
                0x0000000000071e20                fs_msg
                0x0000000000071e50                memory_size
                0x0000000000071e60                f_desc_table
                0x0000000000072360                root_inode
                0x0000000000072364                disp_pos
                0x0000000000072380                mm_msg
                0x00000000000723c0                Working_Directory
                0x0000000000072440                key_pressed
                0x0000000000072444                gdt_ptr
                0x0000000000072460                idt
                0x0000000000072c60                super_block
                0x0000000000072e40                ticks
                0x0000000000072e60                m_msg
                0x0000000000072ea0                console_table
                0x0000000000072ee0                irq_table
                0x0000000000072f20                p_proc_ready
                0x0000000000072f40                proc_table
 COMMON         0x0000000000076d68       0x10 kernel/hd.o
                0x0000000000076d68                PARTITION_ENTRY
                0x0000000000076d78                . = ALIGN ((. != 0x0)?0x4:0x1)
                0x0000000000076d78                . = ALIGN (0x4)
                0x0000000000076d78                . = SEGMENT_START ("ldata-segment", .)
                0x0000000000076d78                . = ALIGN (0x4)
                0x0000000000076d78                _end = .
                [!provide]                        PROVIDE (end, .)
                0x0000000000076d78                . = DATA_SEGMENT_END (.)

.stab
 *(.stab)

.stabstr
 *(.stabstr)

.stab.excl
 *(.stab.excl)

.stab.exclstr
 *(.stab.exclstr)

.stab.index
 *(.stab.index)

.stab.indexstr
 *(.stab.indexstr)

.comment        0x0000000000000000       0x35
 *(.comment)
 .comment       0x0000000000000000       0x35 kernel/start.o
                                         0x36 (size before relaxing)
 .comment       0x0000000000000035       0x36 kernel/main.o
 .comment       0x0000000000000035       0x36 kernel/clock.o
 .comment       0x0000000000000035       0x36 kernel/keyboard.o
 .comment       0x0000000000000035       0x36 kernel/tty.o
 .comment       0x0000000000000035       0x36 kernel/logtask.o
 .comment       0x0000000000000035       0x36 kernel/monitortask.o
 .comment       0x0000000000000035       0x36 kernel/console.o
 .comment       0x0000000000000035       0x36 kernel/i8259.o
 .comment       0x0000000000000035       0x36 kernel/global.o
 .comment       0x0000000000000035       0x36 kernel/protect.o
 .comment       0x0000000000000035       0x36 kernel/proc.o
 .comment       0x0000000000000035       0x36 kernel/systask.o
 .comment       0x0000000000000035       0x36 kernel/hd.o
 .comment       0x0000000000000035       0x36 kernel/klib.o
 .comment       0x0000000000000035       0x36 lib/syslog.o
 .comment       0x0000000000000035       0x36 mm/main.o
 .comment       0x0000000000000035       0x36 mm/forkexit.o
 .comment       0x0000000000000035       0x36 mm/exec.o
 .comment       0x0000000000000035       0x36 mm/shell.o
 .comment       0x0000000000000035       0x36 fs/main.o
 .comment       0x0000000000000035       0x36 fs/open.o
 .comment       0x0000000000000035       0x36 fs/misc.o
 .comment       0x0000000000000035       0x36 fs/read_write.o
 .comment       0x0000000000000035       0x36 fs/link.o
 .comment       0x0000000000000035       0x36 fs/disklog.o
 .comment       0x0000000000000035       0x36 lib/orangescrt.a(printf.o)
 .comment       0x0000000000000035       0x36 lib/orangescrt.a(vsprintf.o)
 .comment       0x0000000000000035       0x36 lib/orangescrt.a(misc.o)
 .comment       0x0000000000000035       0x36 lib/orangescrt.a(open.o)
 .comment       0x0000000000000035       0x36 lib/orangescrt.a(read.o)
 .comment       0x0000000000000035       0x36 lib/orangescrt.a(write.o)
 .comment       0x0000000000000035       0x36 lib/orangescrt.a(close.o)
 .comment       0x0000000000000035       0x36 lib/orangescrt.a(getpid.o)
 .comment       0x0000000000000035       0x36 lib/orangescrt.a(stat.o)
 .comment       0x0000000000000035       0x36 lib/orangescrt.a(fork.o)
 .comment       0x0000000000000035       0x36 lib/orangescrt.a(wait.o)
 .comment       0x0000000000000035       0x36 lib/orangescrt.a(exec.o)
 .comment       0x0000000000000035       0x36 lib/orangescrt.a(logfila.o)
 .comment       0x0000000000000035       0x36 lib/orangescrt.a(shell.o)

.debug
 *(.debug)

.line
 *(.line)

.debug_srcinfo
 *(.debug_srcinfo)

.debug_sfnames
 *(.debug_sfnames)

.debug_aranges
 *(.debug_aranges)

.debug_pubnames
 *(.debug_pubnames)

.debug_info
 *(.debug_info .gnu.linkonce.wi.*)

.debug_abbrev
 *(.debug_abbrev)

.debug_line
 *(.debug_line .debug_line.* .debug_line_end)

.debug_frame
 *(.debug_frame)

.debug_str
 *(.debug_str)

.debug_loc
 *(.debug_loc)

.debug_macinfo
 *(.debug_macinfo)

.debug_weaknames
 *(.debug_weaknames)

.debug_funcnames
 *(.debug_funcnames)

.debug_typenames
 *(.debug_typenames)

.debug_varnames
 *(.debug_varnames)

.debug_pubtypes
 *(.debug_pubtypes)

.debug_ranges
 *(.debug_ranges)

.debug_macro
 *(.debug_macro)

.gnu.attributes
 *(.gnu.attributes)

/DISCARD/
 *(.note.GNU-stack)
 *(.gnu_debuglink)
 *(.gnu.lto_*)
OUTPUT(kernel.bin elf32-i386)
