Archive member included to satisfy reference by file (symbol)

lib/orangescrt.a(syscall.o)   lib/syslog.o (printx)
lib/orangescrt.a(printf.o)    kernel/main.o (printf)
lib/orangescrt.a(vsprintf.o)  kernel/main.o (vsprintf)
lib/orangescrt.a(string.o)    kernel/start.o (memcpy)
lib/orangescrt.a(misc.o)      kernel/main.o (send_recv)
lib/orangescrt.a(open.o)      kernel/main.o (open)
lib/orangescrt.a(read.o)      kernel/main.o (read)
lib/orangescrt.a(write.o)     kernel/main.o (write)
lib/orangescrt.a(close.o)     kernel/main.o (close)
lib/orangescrt.a(getpid.o)    kernel/main.o (getpid)
lib/orangescrt.a(stat.o)      mm/exec.o (stat)
lib/orangescrt.a(fork.o)      kernel/main.o (fork)
lib/orangescrt.a(wait.o)      kernel/main.o (wait)
lib/orangescrt.a(exec.o)      kernel/main.o (execv)
lib/orangescrt.a(logfila.o)   kernel/tty.o (LogFuncEntry)
lib/orangescrt.a(shell.o)     kernel/main.o (Init_Shell)

Allocating common symbols
Common symbol       size              file

idt_ptr             0x6               kernel/global.o
inode_table         0xb00             kernel/global.o
task_stack          0x58000           kernel/global.o
k_reenter           0x4               kernel/global.o
permission_map      0x2700            kernel/global.o
gdt                 0x400             kernel/global.o
current_console     0x4               kernel/global.o
pcaller             0x4               kernel/global.o
tty_table           0xc6c             kernel/global.o
tss                 0x68              kernel/global.o
fs_msg              0x30              kernel/global.o
memory_size         0x4               kernel/global.o
f_desc_table        0x500             kernel/global.o
root_inode          0x4               kernel/global.o
disp_pos            0x4               kernel/global.o
mm_msg              0x30              kernel/global.o
Working_Directory   0x80              kernel/global.o
key_pressed         0x4               kernel/global.o
gdt_ptr             0x6               kernel/global.o
idt                 0x800             kernel/global.o
super_block         0x1e0             kernel/global.o
PARTITION_ENTRY     0x10              kernel/hd.o
ticks               0x4               kernel/global.o
m_msg               0x30              kernel/global.o
console_table       0x3c              kernel/global.o
irq_table           0x40              kernel/global.o
p_proc_ready        0x4               kernel/global.o
proc_table          0x3e28            kernel/global.o

Discarded input sections

 .note.GNU-stack
                0x0000000000000000        0x0 kernel/start.o
 .note.GNU-stack
                0x0000000000000000        0x0 kernel/main.o
 .note.GNU-stack
                0x0000000000000000        0x0 kernel/clock.o
 .note.GNU-stack
                0x0000000000000000        0x0 kernel/keyboard.o
 .note.GNU-stack
                0x0000000000000000        0x0 kernel/tty.o
 .note.GNU-stack
                0x0000000000000000        0x0 kernel/logtask.o
 .note.GNU-stack
                0x0000000000000000        0x0 kernel/monitortask.o
 .note.GNU-stack
                0x0000000000000000        0x0 kernel/console.o
 .note.GNU-stack
                0x0000000000000000        0x0 kernel/i8259.o
 .note.GNU-stack
                0x0000000000000000        0x0 kernel/global.o
 .note.GNU-stack
                0x0000000000000000        0x0 kernel/protect.o
 .note.GNU-stack
                0x0000000000000000        0x0 kernel/proc.o
 .note.GNU-stack
                0x0000000000000000        0x0 kernel/systask.o
 .note.GNU-stack
                0x0000000000000000        0x0 kernel/hd.o
 .note.GNU-stack
                0x0000000000000000        0x0 kernel/klib.o
 .note.GNU-stack
                0x0000000000000000        0x0 lib/syslog.o
 .note.GNU-stack
                0x0000000000000000        0x0 mm/main.o
 .note.GNU-stack
                0x0000000000000000        0x0 mm/forkexit.o
 .note.GNU-stack
                0x0000000000000000        0x0 mm/exec.o
 .note.GNU-stack
                0x0000000000000000        0x0 mm/shell.o
 .note.GNU-stack
                0x0000000000000000        0x0 fs/main.o
 .note.GNU-stack
                0x0000000000000000        0x0 fs/open.o
 .note.GNU-stack
                0x0000000000000000        0x0 fs/misc.o
 .note.GNU-stack
                0x0000000000000000        0x0 fs/read_write.o
 .note.GNU-stack
                0x0000000000000000        0x0 fs/link.o
 .note.GNU-stack
                0x0000000000000000        0x0 fs/disklog.o
 .note.GNU-stack
                0x0000000000000000        0x0 lib/orangescrt.a(printf.o)
 .note.GNU-stack
                0x0000000000000000        0x0 lib/orangescrt.a(vsprintf.o)
 .note.GNU-stack
                0x0000000000000000        0x0 lib/orangescrt.a(misc.o)
 .note.GNU-stack
                0x0000000000000000        0x0 lib/orangescrt.a(open.o)
 .note.GNU-stack
                0x0000000000000000        0x0 lib/orangescrt.a(read.o)
 .note.GNU-stack
                0x0000000000000000        0x0 lib/orangescrt.a(write.o)
 .note.GNU-stack
                0x0000000000000000        0x0 lib/orangescrt.a(close.o)
 .note.GNU-stack
                0x0000000000000000        0x0 lib/orangescrt.a(getpid.o)
 .note.GNU-stack
                0x0000000000000000        0x0 lib/orangescrt.a(stat.o)
 .note.GNU-stack
                0x0000000000000000        0x0 lib/orangescrt.a(fork.o)
 .note.GNU-stack
                0x0000000000000000        0x0 lib/orangescrt.a(wait.o)
 .note.GNU-stack
                0x0000000000000000        0x0 lib/orangescrt.a(exec.o)
 .note.GNU-stack
                0x0000000000000000        0x0 lib/orangescrt.a(logfila.o)
 .note.GNU-stack
                0x0000000000000000        0x0 lib/orangescrt.a(shell.o)

Memory Configuration

Name             Origin             Length             Attributes
*default*        0x0000000000000000 0xffffffffffffffff

Linker script and memory map

Address of section .text set to 0x1000
LOAD kernel/kernel.o
LOAD kernel/start.o
LOAD kernel/main.o
LOAD kernel/clock.o
LOAD kernel/keyboard.o
LOAD kernel/tty.o
LOAD kernel/logtask.o
LOAD kernel/monitortask.o
LOAD kernel/console.o
LOAD kernel/i8259.o
LOAD kernel/global.o
LOAD kernel/protect.o
LOAD kernel/proc.o
LOAD kernel/systask.o
LOAD kernel/hd.o
LOAD kernel/kliba.o
LOAD kernel/klib.o
LOAD lib/syslog.o
LOAD mm/main.o
LOAD mm/forkexit.o
LOAD mm/exec.o
LOAD mm/shell.o
LOAD fs/main.o
LOAD fs/open.o
LOAD fs/misc.o
LOAD fs/read_write.o
LOAD fs/link.o
LOAD fs/disklog.o
LOAD lib/orangescrt.a
                [!provide]                        PROVIDE (__executable_start, 0x8048000)
                0x0000000008048094                . = (0x8048000 + SIZEOF_HEADERS)

.interp
 *(.interp)

.note.gnu.build-id
 *(.note.gnu.build-id)

.hash
 *(.hash)

.gnu.hash
 *(.gnu.hash)

.dynsym
 *(.dynsym)

.dynstr
 *(.dynstr)

.gnu.version
 *(.gnu.version)

.gnu.version_d
 *(.gnu.version_d)

.gnu.version_r
 *(.gnu.version_r)

.rel.dyn        0x0000000008048094        0x0
 *(.rel.init)
 *(.rel.text .rel.text.* .rel.gnu.linkonce.t.*)
 .rel.text      0x0000000008048094        0x0 kernel/kernel.o
 *(.rel.fini)
 *(.rel.rodata .rel.rodata.* .rel.gnu.linkonce.r.*)
 *(.rel.data.rel.ro .rel.data.rel.ro.* .rel.gnu.linkonce.d.rel.ro.*)
 *(.rel.data .rel.data.* .rel.gnu.linkonce.d.*)
 .rel.data      0x0000000008048094        0x0 kernel/kernel.o
 *(.rel.tdata .rel.tdata.* .rel.gnu.linkonce.td.*)
 *(.rel.tbss .rel.tbss.* .rel.gnu.linkonce.tb.*)
 *(.rel.ctors)
 *(.rel.dtors)
 *(.rel.got)
 *(.rel.bss .rel.bss.* .rel.gnu.linkonce.b.*)
 *(.rel.ifunc)

.rel.plt        0x0000000008048094        0x0
 *(.rel.plt)
                [!provide]                        PROVIDE (__rel_iplt_start, .)
 *(.rel.iplt)
 .rel.iplt      0x0000000008048094        0x0 kernel/kernel.o
                [!provide]                        PROVIDE (__rel_iplt_end, .)

.init
 *(SORT(.init))

.plt            0x00000000080480a0        0x0
 *(.plt)
 *(.iplt)
 .iplt          0x00000000080480a0        0x0 kernel/kernel.o

.plt.got
 *(.plt.got)

.text           0x0000000000001000     0xeb4d
 *(.text.unlikely .text.*_unlikely .text.unlikely.*)
 *(.text.exit .text.exit.*)
 *(.text.startup .text.startup.*)
 *(.text.hot .text.hot.*)
 *(.text .stub .text.* .gnu.linkonce.t.*)
 .text          0x0000000000001000      0x410 kernel/kernel.o
                0x0000000000001000                _start
                0x0000000000001040                hwint00
                0x0000000000001070                hwint01
                0x00000000000010a0                hwint02
                0x00000000000010d0                hwint03
                0x0000000000001100                hwint04
                0x0000000000001130                hwint05
                0x0000000000001160                hwint06
                0x0000000000001190                hwint07
                0x00000000000011c0                hwint08
                0x00000000000011f0                hwint09
                0x0000000000001220                hwint10
                0x0000000000001250                hwint11
                0x0000000000001280                hwint12
                0x00000000000012b0                hwint13
                0x00000000000012e0                hwint14
                0x0000000000001310                hwint15
                0x0000000000001334                divide_error
                0x000000000000133a                single_step_exception
                0x0000000000001340                nmi
                0x0000000000001346                breakpoint_exception
                0x000000000000134c                overflow
                0x0000000000001352                bounds_check
                0x0000000000001358                inval_opcode
                0x000000000000135e                copr_not_available
                0x0000000000001364                double_fault
                0x0000000000001368                copr_seg_overrun
                0x000000000000136e                inval_tss
                0x0000000000001372                segment_not_present
                0x0000000000001376                stack_exception
                0x000000000000137a                general_protection
                0x000000000000137e                page_fault
                0x0000000000001382                copr_error
                0x00000000000013cb                sys_call
                0x00000000000013eb                restart
 .text          0x0000000000001410       0x95 kernel/start.o
                0x0000000000001410                cstart
 .text          0x00000000000014a5      0xa7c kernel/main.o
                0x00000000000014a5                kernel_main
                0x00000000000017c0                get_ticks
                0x00000000000017f4                untar
                0x0000000000001a17                shabby_shell
                0x0000000000001d4c                Init
                0x0000000000001ec9                TestA
                0x0000000000001ece                TestB
                0x0000000000001ed3                TestC
                0x0000000000001ed8                panic
 .text          0x0000000000001f21      0x10d kernel/clock.o
                0x0000000000001f21                clock_handler
                0x0000000000001f9c                milli_delay
                0x0000000000001fd6                init_clock
 .text          0x000000000000202e      0x77f kernel/keyboard.o
                0x000000000000202e                IsFlag
                0x00000000000020d3                keyboard_handler
                0x000000000000213d                init_keyboard
                0x00000000000021ec                keyboard_read
 .text          0x00000000000027ad     0x103c kernel/tty.o
                0x00000000000027ad                task_tty
                0x0000000000002f73                in_process
                0x00000000000034e9                sys_printx
                0x0000000000003688                dump_tty_buf
 .text          0x00000000000037e9       0xe2 kernel/logtask.o
                0x00000000000037e9                task_log
 .text          0x00000000000038cb      0x3ff kernel/monitortask.o
                0x00000000000038cb                task_m1
                0x00000000000038d0                task_m
 .text          0x0000000000003cca      0x7ee kernel/console.o
                0x0000000000003cca                init_screen
                0x0000000000003e3e                out_char
                0x000000000000411b                is_current_console
                0x000000000000420e                select_console
                0x000000000000424e                scroll_screen
                0x000000000000446d                flush_cursor
 .text          0x00000000000044b8      0x130 kernel/i8259.o
                0x00000000000044b8                init_8259A
                0x000000000000458d                spurious_irq
                0x00000000000045c4                put_irq_handler
 .text          0x00000000000045e8        0x0 kernel/global.o
 .text          0x00000000000045e8      0x65f kernel/protect.o
                0x00000000000045e8                init_prot
                0x0000000000004a50                seg2linear
                0x0000000000004a9f                init_desc
                0x0000000000004b0c                exception_handler
 .text          0x0000000000004c47     0x15ff kernel/proc.o
                0x0000000000004c47                schedule
                0x0000000000004cd3                sys_sendrec
                0x0000000000004dfd                ldt_seg_linear
                0x0000000000004e47                va2la
                0x0000000000004ea8                reset_msg
                0x0000000000005c8d                inform_int
                0x0000000000005dfd                dump_proc
                0x0000000000006139                dump_msg
 .text          0x0000000000006246      0x332 kernel/systask.o
                0x0000000000006246                task_sys
 .text          0x0000000000006578      0xe1f kernel/hd.o
                0x0000000000006578                task_hd
                0x000000000000736c                hd_handler
 *fill*         0x0000000000007397        0x9 
 .text          0x00000000000073a0      0x19a kernel/kliba.o
                0x00000000000073a0                disp_str
                0x00000000000073de                disp_color_str
                0x000000000000741d                out_byte
                0x0000000000007429                in_byte
                0x0000000000007433                port_read
                0x0000000000007446                port_write
                0x0000000000007459                disable_irq
                0x000000000000748e                enable_irq
                0x00000000000074ad                disable_int
                0x00000000000074af                enable_int
                0x00000000000074b1                glitter
 .text          0x000000000000753a      0x2af kernel/klib.o
                0x000000000000753a                get_boot_params
                0x00000000000075c0                get_kernel_map
                0x00000000000076d0                itoa
                0x000000000000777b                disp_int
                0x00000000000077a2                delay
 .text          0x00000000000077e9      0x25d lib/syslog.o
                0x00000000000077e9                syslog
                0x0000000000007862                syslogWithStr
                0x0000000000007882                printLogTail
 .text          0x0000000000007a46      0x1d2 mm/main.o
                0x0000000000007a46                task_mm
                0x0000000000007b93                alloc_mem
                0x0000000000007c0e                free_mem
 .text          0x0000000000007c18      0x772 mm/forkexit.o
                0x0000000000007c18                do_fork
                0x0000000000007f5f                do_exit
                0x00000000000080d1                do_kill
                0x00000000000082d4                do_wait
 .text          0x000000000000838a      0x356 mm/exec.o
                0x000000000000838a                do_exec
 .text          0x00000000000086e0      0x26b mm/shell.o
                0x00000000000086e0                do_shell
                0x0000000000008853                initShell
                0x0000000000008873                changeCWD
                0x000000000000892f                getCWD
 .text          0x000000000000894b     0x1268 fs/main.o
                0x000000000000894b                task_fs
                0x0000000000009457                rw_sector
                0x000000000000967a                get_super_block
                0x00000000000096c0                get_inode
                0x0000000000009823                get_inode_directly
                0x000000000000986e                count_surplus_inode_link
                0x00000000000098ae                put_inode
                0x00000000000098ec                put_inodes_link
                0x0000000000009947                sync_inode
                0x0000000000009a46                sync_inode_link
 .text          0x0000000000009bb3      0xe0b fs/open.o
                0x0000000000009bb3                do_open
                0x0000000000009fe5                do_mkdir
                0x000000000000a2b7                do_close
                0x000000000000a358                do_lseek
 .text          0x000000000000a9be      0x747 fs/misc.o
                0x000000000000a9be                do_stat
                0x000000000000abd9                low_search_entry
                0x000000000000ace7                search_file
                0x000000000000ada5                do_List_Dir
                0x000000000000afff                strip_path
 .text          0x000000000000b105      0x86e fs/read_write.o
                0x000000000000b105                do_rdwt
 .text          0x000000000000b973      0x8fc fs/link.o
                0x000000000000b973                do_unlink
                0x000000000000c1ff                getsize
 .text          0x000000000000c26f     0x1fe3 fs/disklog.o
                0x000000000000c26f                disklog
                0x000000000000c7dc                dump_fd_graph
 *fill*         0x000000000000e252        0xe 
 .text          0x000000000000e260       0x28 lib/orangescrt.a(syscall.o)
                0x000000000000e260                sendrec
                0x000000000000e27a                printx
 .text          0x000000000000e288       0xad lib/orangescrt.a(printf.o)
                0x000000000000e288                printf
                0x000000000000e2f3                printl
 .text          0x000000000000e335      0x305 lib/orangescrt.a(vsprintf.o)
                0x000000000000e393                vsprintf
                0x000000000000e614                sprintf
 *fill*         0x000000000000e63a        0x6 
 .text          0x000000000000e640       0x78 lib/orangescrt.a(string.o)
                0x000000000000e640                memcpy
                0x000000000000e669                memset
                0x000000000000e68a                strcpy
                0x000000000000e6a2                strlen
 .text          0x000000000000e6b8      0x800 lib/orangescrt.a(misc.o)
                0x000000000000e6b8                send_recv
                0x000000000000e772                memcmp
                0x000000000000e7e8                strcmp
                0x000000000000e85b                strcat
                0x000000000000e8ba                spin
                0x000000000000e8d5                strchr
                0x000000000000e902                strtok
                0x000000000000e9d0                _strcpy
                0x000000000000ea0c                putchar_to_buffer
                0x000000000000ea33                puts_to_buffer
                0x000000000000ea60                putint_to_buffer
                0x000000000000eb1e                puthex_to_buffer
                0x000000000000eb8a                _vsprintf
                0x000000000000ec87                _sprintf
                0x000000000000ecba                _strncpy
                0x000000000000ed33                memmove
                0x000000000000edae                proc_memcpy
                0x000000000000edc2                atoi
                0x000000000000ee7f                assertion_failure
 .text          0x000000000000eeb8      0x135 lib/orangescrt.a(open.o)
                0x000000000000eeb8                open
                0x000000000000ef8a                mkdir
 .text          0x000000000000efed       0x37 lib/orangescrt.a(read.o)
                0x000000000000efed                read
 .text          0x000000000000f024       0x37 lib/orangescrt.a(write.o)
                0x000000000000f024                write
 .text          0x000000000000f05b       0x2b lib/orangescrt.a(close.o)
                0x000000000000f05b                close
 .text          0x000000000000f086       0x46 lib/orangescrt.a(getpid.o)
                0x000000000000f086                getpid
 .text          0x000000000000f0cc       0x76 lib/orangescrt.a(stat.o)
                0x000000000000f0cc                stat
 .text          0x000000000000f142       0x66 lib/orangescrt.a(fork.o)
                0x000000000000f142                fork
 .text          0x000000000000f1a8       0x3c lib/orangescrt.a(wait.o)
                0x000000000000f1a8                wait
 .text          0x000000000000f1e4      0x276 lib/orangescrt.a(exec.o)
                0x000000000000f1e4                exec
                0x000000000000f24f                execl
                0x000000000000f274                execv
 .text          0x000000000000f45a      0x29a lib/orangescrt.a(logfila.o)
                0x000000000000f476                lock
                0x000000000000f490                unlock
                0x000000000000f4a0                LogFuncEntry
                0x000000000000f5f0                AddLogWare
                0x000000000000f618                DefaultLogHandler
                0x000000000000f634                DiskLogHandler
                0x000000000000f66e                InitLogWares
                0x000000000000f6c3                DisableLOGGING
                0x000000000000f6d6                EnableLOGGING
                0x000000000000f6e6                SwitchLogLevel
 .text          0x000000000000f6f4      0x459 lib/orangescrt.a(shell.o)
                0x000000000000f6f4                Init_Shell
                0x000000000000f735                chdir
                0x000000000000f78c                getcwd
                0x000000000000f7c5                extractExecDir
                0x000000000000f871                get_full_path
 *(.gnu.warning)

.fini
 *(SORT(.fini))
                [!provide]                        PROVIDE (__etext, .)
                [!provide]                        PROVIDE (_etext, .)
                [!provide]                        PROVIDE (etext, .)

.rodata         0x000000000000fb60     0x2c64
 *(.rodata .rodata.* .gnu.linkonce.r.*)
 .rodata        0x000000000000fb60       0x47 kernel/start.o
 *fill*         0x000000000000fba7        0x1 
 .rodata        0x000000000000fba8      0x21c kernel/main.o
 .rodata        0x000000000000fdc4       0x64 kernel/keyboard.o
 .rodata        0x000000000000fe28      0x1bc kernel/tty.o
 .rodata        0x000000000000ffe4       0xd3 kernel/monitortask.o
 *fill*         0x00000000000100b7        0x1 
 .rodata        0x00000000000100b8       0x5b kernel/console.o
 .rodata        0x0000000000010113       0x11 kernel/i8259.o
 .rodata        0x0000000000010124       0x10 kernel/global.o
                0x0000000000010124                FSBUF_SIZE
                0x0000000000010128                MMBUF_SIZE
                0x000000000001012c                LOGBUF_SIZE
                0x0000000000010130                LOGDISKBUF_SIZE
 *fill*         0x0000000000010134        0xc 
 .rodata        0x0000000000010140      0x580 kernel/protect.o
 .rodata        0x00000000000106c0      0x5da kernel/proc.o
 .rodata        0x0000000000010c9a       0x11 kernel/systask.o
 *fill*         0x0000000000010cab        0x1 
 .rodata        0x0000000000010cac      0x1df kernel/hd.o
 *fill*         0x0000000000010e8b        0x1 
 .rodata        0x0000000000010e8c       0x6a kernel/klib.o
 .rodata        0x0000000000010ef6      0x231 lib/syslog.o
 *fill*         0x0000000000011127        0x1 
 .rodata        0x0000000000011128       0xc9 mm/main.o
 *fill*         0x00000000000111f1        0x3 
 .rodata        0x00000000000111f4       0xeb mm/forkexit.o
 *fill*         0x00000000000112df        0x1 
 .rodata        0x00000000000112e0       0xa4 mm/exec.o
 .rodata        0x0000000000011384       0x3d mm/shell.o
 *fill*         0x00000000000113c1        0x3 
 .rodata        0x00000000000113c4      0x2ce fs/main.o
 *fill*         0x0000000000011692        0x2 
 .rodata        0x0000000000011694      0x257 fs/open.o
 *fill*         0x00000000000118eb        0x1 
 .rodata        0x00000000000118ec       0x74 fs/misc.o
 .rodata        0x0000000000011960      0x1c8 fs/read_write.o
 .rodata        0x0000000000011b28      0x1b5 fs/link.o
 *fill*         0x0000000000011cdd        0x3 
 .rodata        0x0000000000011ce0      0x806 fs/disklog.o
 .rodata        0x00000000000124e6       0x14 lib/orangescrt.a(printf.o)
 *fill*         0x00000000000124fa        0x2 
 .rodata        0x00000000000124fc       0xbd lib/orangescrt.a(misc.o)
 .rodata        0x00000000000125b9       0x4b lib/orangescrt.a(open.o)
 .rodata        0x0000000000012604       0x25 lib/orangescrt.a(getpid.o)
 .rodata        0x0000000000012629       0x33 lib/orangescrt.a(stat.o)
 .rodata        0x000000000001265c       0x33 lib/orangescrt.a(fork.o)
 *fill*         0x000000000001268f        0x1 
 .rodata        0x0000000000012690       0xa7 lib/orangescrt.a(exec.o)
 .rodata        0x0000000000012737       0x56 lib/orangescrt.a(logfila.o)
 .rodata        0x000000000001278d       0x37 lib/orangescrt.a(shell.o)

.rodata1
 *(.rodata1)

.eh_frame_hdr
 *(.eh_frame_hdr)
 *(.eh_frame_entry .eh_frame_entry.*)

.eh_frame       0x00000000000127c4     0x1a34
 *(.eh_frame)
 .eh_frame      0x00000000000127c4       0x38 kernel/start.o
 .eh_frame      0x00000000000127fc      0x10c kernel/main.o
                                        0x124 (size before relaxing)
 .eh_frame      0x0000000000012908       0x60 kernel/clock.o
                                         0x78 (size before relaxing)
 .eh_frame      0x0000000000012968      0x100 kernel/keyboard.o
                                        0x118 (size before relaxing)
 .eh_frame      0x0000000000012a68      0x1c0 kernel/tty.o
                                        0x1d8 (size before relaxing)
 .eh_frame      0x0000000000012c28       0x20 kernel/logtask.o
                                         0x38 (size before relaxing)
 .eh_frame      0x0000000000012c48       0xc0 kernel/monitortask.o
                                         0xd8 (size before relaxing)
 .eh_frame      0x0000000000012d08      0x164 kernel/console.o
                                        0x17c (size before relaxing)
 .eh_frame      0x0000000000012e6c       0x60 kernel/i8259.o
                                         0x78 (size before relaxing)
 .eh_frame      0x0000000000012ecc       0xb0 kernel/protect.o
                                         0xc8 (size before relaxing)
 .eh_frame      0x0000000000012f7c      0x1b8 kernel/proc.o
                                        0x1d0 (size before relaxing)
 .eh_frame      0x0000000000013134       0x5c kernel/systask.o
                                         0x74 (size before relaxing)
 .eh_frame      0x0000000000013190      0x1f0 kernel/hd.o
                                        0x208 (size before relaxing)
 .eh_frame      0x0000000000013380       0xa0 kernel/klib.o
                                         0xb8 (size before relaxing)
 .eh_frame      0x0000000000013420       0x6c lib/syslog.o
                                         0x84 (size before relaxing)
 .eh_frame      0x000000000001348c       0x7c mm/main.o
                                         0x94 (size before relaxing)
 .eh_frame      0x0000000000013508       0xb0 mm/forkexit.o
                                         0xc8 (size before relaxing)
 .eh_frame      0x00000000000135b8       0x2c mm/exec.o
                                         0x44 (size before relaxing)
 .eh_frame      0x00000000000135e4       0x84 mm/shell.o
                                         0x9c (size before relaxing)
 .eh_frame      0x0000000000013668      0x1f0 fs/main.o
                                        0x208 (size before relaxing)
 .eh_frame      0x0000000000013858      0x188 fs/open.o
                                        0x1a0 (size before relaxing)
 .eh_frame      0x00000000000139e0       0xb4 fs/misc.o
                                         0xcc (size before relaxing)
 .eh_frame      0x0000000000013a94       0x30 fs/read_write.o
                                         0x48 (size before relaxing)
 .eh_frame      0x0000000000013ac4       0x4c fs/link.o
                                         0x64 (size before relaxing)
 .eh_frame      0x0000000000013b10       0x60 fs/disklog.o
                                         0x78 (size before relaxing)
 .eh_frame      0x0000000000013b70       0x40 lib/orangescrt.a(printf.o)
                                         0x58 (size before relaxing)
 .eh_frame      0x0000000000013bb0       0x60 lib/orangescrt.a(vsprintf.o)
                                         0x78 (size before relaxing)
 .eh_frame      0x0000000000013c10      0x260 lib/orangescrt.a(misc.o)
                                        0x278 (size before relaxing)
 .eh_frame      0x0000000000013e70       0x40 lib/orangescrt.a(open.o)
                                         0x58 (size before relaxing)
 .eh_frame      0x0000000000013eb0       0x20 lib/orangescrt.a(read.o)
                                         0x38 (size before relaxing)
 .eh_frame      0x0000000000013ed0       0x20 lib/orangescrt.a(write.o)
                                         0x38 (size before relaxing)
 .eh_frame      0x0000000000013ef0       0x20 lib/orangescrt.a(close.o)
                                         0x38 (size before relaxing)
 .eh_frame      0x0000000000013f10       0x20 lib/orangescrt.a(getpid.o)
                                         0x38 (size before relaxing)
 .eh_frame      0x0000000000013f30       0x20 lib/orangescrt.a(stat.o)
                                         0x38 (size before relaxing)
 .eh_frame      0x0000000000013f50       0x20 lib/orangescrt.a(fork.o)
                                         0x38 (size before relaxing)
 .eh_frame      0x0000000000013f70       0x20 lib/orangescrt.a(wait.o)
                                         0x38 (size before relaxing)
 .eh_frame      0x0000000000013f90       0x60 lib/orangescrt.a(exec.o)
                                         0x78 (size before relaxing)
 .eh_frame      0x0000000000013ff0      0x164 lib/orangescrt.a(logfila.o)
                                        0x17c (size before relaxing)
 .eh_frame      0x0000000000014154       0xa4 lib/orangescrt.a(shell.o)
                                         0xbc (size before relaxing)
 *(.eh_frame.*)

.gcc_except_table
 *(.gcc_except_table .gcc_except_table.*)

.gnu_extab
 *(.gnu_extab*)

.exception_ranges
 *(.exception_ranges .exception_ranges*)
                0x00000000000151f8                . = DATA_SEGMENT_ALIGN (0x1000, 0x1000)

.eh_frame
 *(.eh_frame)
 *(.eh_frame.*)

.gnu_extab
 *(.gnu_extab)

.gcc_except_table
 *(.gcc_except_table .gcc_except_table.*)

.exception_ranges
 *(.exception_ranges .exception_ranges*)

.tdata
 *(.tdata .tdata.* .gnu.linkonce.td.*)

.tbss
 *(.tbss .tbss.* .gnu.linkonce.tb.*)
 *(.tcommon)

.preinit_array  0x00000000000151f8        0x0
                [!provide]                        PROVIDE (__preinit_array_start, .)
 *(.preinit_array)
                [!provide]                        PROVIDE (__preinit_array_end, .)

.init_array     0x00000000000151f8        0x0
                [!provide]                        PROVIDE (__init_array_start, .)
 *(SORT(.init_array.*) SORT(.ctors.*))
 *(.init_array EXCLUDE_FILE(*crtend?.o *crtend.o *crtbegin?.o *crtbegin.o) .ctors)
                [!provide]                        PROVIDE (__init_array_end, .)

.fini_array     0x00000000000151f8        0x0
                [!provide]                        PROVIDE (__fini_array_start, .)
 *(SORT(.fini_array.*) SORT(.dtors.*))
 *(.fini_array EXCLUDE_FILE(*crtend?.o *crtend.o *crtbegin?.o *crtbegin.o) .dtors)
                [!provide]                        PROVIDE (__fini_array_end, .)

.ctors
 *crtbegin.o(.ctors)
 *crtbegin?.o(.ctors)
 *(EXCLUDE_FILE(*crtend?.o *crtend.o) .ctors)
 *(SORT(.ctors.*))
 *(.ctors)

.dtors
 *crtbegin.o(.dtors)
 *crtbegin?.o(.dtors)
 *(EXCLUDE_FILE(*crtend?.o *crtend.o) .dtors)
 *(SORT(.dtors.*))
 *(.dtors)

.jcr
 *(.jcr)

.data.rel.ro
 *(.data.rel.ro.local* .gnu.linkonce.d.rel.ro.local.*)
 *(.data.rel.ro .data.rel.ro.* .gnu.linkonce.d.rel.ro.*)

.dynamic
 *(.dynamic)

.got
 *(.got)
 *(.igot)
                0x00000000000151f8                . = DATA_SEGMENT_RELRO_END (., (SIZEOF (.got.plt) >= 0xc)?0xc:0x0)

.got.plt        0x00000000000151f8        0x0
 *(.got.plt)
 *(.igot.plt)
 .igot.plt      0x00000000000151f8        0x0 kernel/kernel.o

.data           0x0000000000015200      0x89c
 *(.data .data.* .gnu.linkonce.d.*)
 .data          0x0000000000015200        0x2 kernel/kernel.o
 .data          0x0000000000015202        0x0 kernel/start.o
 .data          0x0000000000015202        0x0 kernel/main.o
 .data          0x0000000000015202        0x0 kernel/clock.o
 *fill*         0x0000000000015202       0x1e 
 .data          0x0000000000015220      0x600 kernel/keyboard.o
                0x0000000000015220                keymap
 .data          0x0000000000015820       0x42 kernel/tty.o
 .data          0x0000000000015862        0x0 kernel/logtask.o
 .data          0x0000000000015862        0x0 kernel/monitortask.o
 .data          0x0000000000015862        0x0 kernel/console.o
 .data          0x0000000000015862        0x0 kernel/i8259.o
 *fill*         0x0000000000015862       0x1e 
 .data          0x0000000000015880      0x1f4 kernel/global.o
                0x0000000000015880                task_table
                0x00000000000159a0                user_proc_table
                0x0000000000015a40                sys_call_table
                0x0000000000015a4c                dd_map
                0x0000000000015a64                fsbuf
                0x0000000000015a68                mmbuf
                0x0000000000015a6c                logbuf
                0x0000000000015a70                logdiskbuf
 .data          0x0000000000015a74        0x0 kernel/protect.o
 .data          0x0000000000015a74        0x0 kernel/proc.o
 .data          0x0000000000015a74        0x0 kernel/systask.o
 .data          0x0000000000015a74        0x0 kernel/hd.o
 .data          0x0000000000015a74        0x0 kernel/klib.o
 .data          0x0000000000015a74        0x0 lib/syslog.o
 .data          0x0000000000015a74        0x0 mm/main.o
 .data          0x0000000000015a74        0x0 mm/forkexit.o
 .data          0x0000000000015a74        0x0 mm/exec.o
 .data          0x0000000000015a74        0x0 mm/shell.o
 .data          0x0000000000015a74        0x0 fs/main.o
 .data          0x0000000000015a74        0x0 fs/open.o
 .data          0x0000000000015a74        0x4 fs/misc.o
                0x0000000000015a74                last_query_dev
 .data          0x0000000000015a78        0x0 fs/read_write.o
 .data          0x0000000000015a78        0x0 fs/link.o
 .data          0x0000000000015a78        0x0 fs/disklog.o
 .data          0x0000000000015a78        0x0 lib/orangescrt.a(printf.o)
 .data          0x0000000000015a78        0x0 lib/orangescrt.a(vsprintf.o)
 .data          0x0000000000015a78        0x0 lib/orangescrt.a(misc.o)
 .data          0x0000000000015a78        0x0 lib/orangescrt.a(open.o)
 .data          0x0000000000015a78        0x0 lib/orangescrt.a(read.o)
 .data          0x0000000000015a78        0x0 lib/orangescrt.a(write.o)
 .data          0x0000000000015a78        0x0 lib/orangescrt.a(close.o)
 .data          0x0000000000015a78        0x0 lib/orangescrt.a(getpid.o)
 .data          0x0000000000015a78        0x0 lib/orangescrt.a(stat.o)
 .data          0x0000000000015a78        0x0 lib/orangescrt.a(fork.o)
 .data          0x0000000000015a78        0x0 lib/orangescrt.a(wait.o)
 .data          0x0000000000015a78        0x0 lib/orangescrt.a(exec.o)
 .data          0x0000000000015a78       0x24 lib/orangescrt.a(logfila.o)
                0x0000000000015a80                LogLevelStrings
 .data          0x0000000000015a9c        0x0 lib/orangescrt.a(shell.o)

.data1
 *(.data1)
                0x0000000000015a9c                _edata = .
                [!provide]                        PROVIDE (edata, .)
                0x0000000000015a9c                . = .
                0x0000000000015a9c                __bss_start = .

.bss            0x0000000000015aa0    0x623d8
 *(.dynbss)
 *(.bss .bss.* .gnu.linkonce.b.*)
 .bss           0x0000000000015aa0      0x800 kernel/kernel.o
 .bss           0x00000000000162a0        0x0 kernel/start.o
 .bss           0x00000000000162a0        0x0 kernel/main.o
 .bss           0x00000000000162a0        0x0 kernel/clock.o
 .bss           0x00000000000162a0       0x58 kernel/keyboard.o
 .bss           0x00000000000162f8        0x4 kernel/tty.o
 .bss           0x00000000000162fc        0x0 kernel/logtask.o
 .bss           0x00000000000162fc        0x0 kernel/monitortask.o
 .bss           0x00000000000162fc        0x0 kernel/console.o
 .bss           0x00000000000162fc        0x0 kernel/i8259.o
 .bss           0x00000000000162fc        0x0 kernel/global.o
 .bss           0x00000000000162fc        0x0 kernel/protect.o
 .bss           0x00000000000162fc        0x0 kernel/proc.o
 .bss           0x00000000000162fc        0x0 kernel/systask.o
 *fill*         0x00000000000162fc        0x4 
 .bss           0x0000000000016300      0x64c kernel/hd.o
 .bss           0x000000000001694c        0x0 kernel/klib.o
 .bss           0x000000000001694c        0x4 lib/syslog.o
 .bss           0x0000000000016950        0x0 mm/main.o
 .bss           0x0000000000016950        0x0 mm/forkexit.o
 .bss           0x0000000000016950        0x0 mm/exec.o
 .bss           0x0000000000016950        0x0 mm/shell.o
 .bss           0x0000000000016950        0x0 fs/main.o
 .bss           0x0000000000016950        0x0 fs/open.o
 .bss           0x0000000000016950        0x0 fs/misc.o
 .bss           0x0000000000016950        0x0 fs/read_write.o
 .bss           0x0000000000016950        0x0 fs/link.o
 *fill*         0x0000000000016950       0x10 
 .bss           0x0000000000016960      0x208 fs/disklog.o
 .bss           0x0000000000016b68        0x0 lib/orangescrt.a(printf.o)
 .bss           0x0000000000016b68        0x0 lib/orangescrt.a(vsprintf.o)
 .bss           0x0000000000016b68        0x4 lib/orangescrt.a(misc.o)
 .bss           0x0000000000016b6c        0x0 lib/orangescrt.a(open.o)
 .bss           0x0000000000016b6c        0x0 lib/orangescrt.a(read.o)
 .bss           0x0000000000016b6c        0x0 lib/orangescrt.a(write.o)
 .bss           0x0000000000016b6c        0x0 lib/orangescrt.a(close.o)
 .bss           0x0000000000016b6c        0x0 lib/orangescrt.a(getpid.o)
 .bss           0x0000000000016b6c        0x0 lib/orangescrt.a(stat.o)
 .bss           0x0000000000016b6c        0x0 lib/orangescrt.a(fork.o)
 .bss           0x0000000000016b6c        0x0 lib/orangescrt.a(wait.o)
 .bss           0x0000000000016b6c        0x0 lib/orangescrt.a(exec.o)
 *fill*         0x0000000000016b6c       0x14 
 .bss           0x0000000000016b80       0x28 lib/orangescrt.a(logfila.o)
 .bss           0x0000000000016ba8        0x0 lib/orangescrt.a(shell.o)
 *(COMMON)
 *fill*         0x0000000000016ba8       0x18 
 COMMON         0x0000000000016bc0    0x612a8 kernel/global.o
                0x0000000000016bc0                idt_ptr
                0x0000000000016be0                inode_table
                0x00000000000176e0                task_stack
                0x000000000006f6e0                k_reenter
                0x000000000006f700                permission_map
                0x0000000000071e00                gdt
                0x0000000000072200                current_console
                0x0000000000072204                pcaller
                0x0000000000072220                tty_table
                0x0000000000072ea0                tss
                0x0000000000072f20                fs_msg
                0x0000000000072f50                memory_size
                0x0000000000072f60                f_desc_table
                0x0000000000073460                root_inode
                0x0000000000073464                disp_pos
                0x0000000000073480                mm_msg
                0x00000000000734c0                Working_Directory
                0x0000000000073540                key_pressed
                0x0000000000073544                gdt_ptr
                0x0000000000073560                idt
                0x0000000000073d60                super_block
                0x0000000000073f40                ticks
                0x0000000000073f60                m_msg
                0x0000000000073fa0                console_table
                0x0000000000073fe0                irq_table
                0x0000000000074020                p_proc_ready
                0x0000000000074040                proc_table
 COMMON         0x0000000000077e68       0x10 kernel/hd.o
                0x0000000000077e68                PARTITION_ENTRY
                0x0000000000077e78                . = ALIGN ((. != 0x0)?0x4:0x1)
                0x0000000000077e78                . = ALIGN (0x4)
                0x0000000000077e78                . = SEGMENT_START ("ldata-segment", .)
                0x0000000000077e78                . = ALIGN (0x4)
                0x0000000000077e78                _end = .
                [!provide]                        PROVIDE (end, .)
                0x0000000000077e78                . = DATA_SEGMENT_END (.)

.stab
 *(.stab)

.stabstr
 *(.stabstr)

.stab.excl
 *(.stab.excl)

.stab.exclstr
 *(.stab.exclstr)

.stab.index
 *(.stab.index)

.stab.indexstr
 *(.stab.indexstr)

.comment        0x0000000000000000       0x35
 *(.comment)
 .comment       0x0000000000000000       0x35 kernel/start.o
                                         0x36 (size before relaxing)
 .comment       0x0000000000000035       0x36 kernel/main.o
 .comment       0x0000000000000035       0x36 kernel/clock.o
 .comment       0x0000000000000035       0x36 kernel/keyboard.o
 .comment       0x0000000000000035       0x36 kernel/tty.o
 .comment       0x0000000000000035       0x36 kernel/logtask.o
 .comment       0x0000000000000035       0x36 kernel/monitortask.o
 .comment       0x0000000000000035       0x36 kernel/console.o
 .comment       0x0000000000000035       0x36 kernel/i8259.o
 .comment       0x0000000000000035       0x36 kernel/global.o
 .comment       0x0000000000000035       0x36 kernel/protect.o
 .comment       0x0000000000000035       0x36 kernel/proc.o
 .comment       0x0000000000000035       0x36 kernel/systask.o
 .comment       0x0000000000000035       0x36 kernel/hd.o
 .comment       0x0000000000000035       0x36 kernel/klib.o
 .comment       0x0000000000000035       0x36 lib/syslog.o
 .comment       0x0000000000000035       0x36 mm/main.o
 .comment       0x0000000000000035       0x36 mm/forkexit.o
 .comment       0x0000000000000035       0x36 mm/exec.o
 .comment       0x0000000000000035       0x36 mm/shell.o
 .comment       0x0000000000000035       0x36 fs/main.o
 .comment       0x0000000000000035       0x36 fs/open.o
 .comment       0x0000000000000035       0x36 fs/misc.o
 .comment       0x0000000000000035       0x36 fs/read_write.o
 .comment       0x0000000000000035       0x36 fs/link.o
 .comment       0x0000000000000035       0x36 fs/disklog.o
 .comment       0x0000000000000035       0x36 lib/orangescrt.a(printf.o)
 .comment       0x0000000000000035       0x36 lib/orangescrt.a(vsprintf.o)
 .comment       0x0000000000000035       0x36 lib/orangescrt.a(misc.o)
 .comment       0x0000000000000035       0x36 lib/orangescrt.a(open.o)
 .comment       0x0000000000000035       0x36 lib/orangescrt.a(read.o)
 .comment       0x0000000000000035       0x36 lib/orangescrt.a(write.o)
 .comment       0x0000000000000035       0x36 lib/orangescrt.a(close.o)
 .comment       0x0000000000000035       0x36 lib/orangescrt.a(getpid.o)
 .comment       0x0000000000000035       0x36 lib/orangescrt.a(stat.o)
 .comment       0x0000000000000035       0x36 lib/orangescrt.a(fork.o)
 .comment       0x0000000000000035       0x36 lib/orangescrt.a(wait.o)
 .comment       0x0000000000000035       0x36 lib/orangescrt.a(exec.o)
 .comment       0x0000000000000035       0x36 lib/orangescrt.a(logfila.o)
 .comment       0x0000000000000035       0x36 lib/orangescrt.a(shell.o)

.debug
 *(.debug)

.line
 *(.line)

.debug_srcinfo
 *(.debug_srcinfo)

.debug_sfnames
 *(.debug_sfnames)

.debug_aranges
 *(.debug_aranges)

.debug_pubnames
 *(.debug_pubnames)

.debug_info
 *(.debug_info .gnu.linkonce.wi.*)

.debug_abbrev
 *(.debug_abbrev)

.debug_line
 *(.debug_line .debug_line.* .debug_line_end)

.debug_frame
 *(.debug_frame)

.debug_str
 *(.debug_str)

.debug_loc
 *(.debug_loc)

.debug_macinfo
 *(.debug_macinfo)

.debug_weaknames
 *(.debug_weaknames)

.debug_funcnames
 *(.debug_funcnames)

.debug_typenames
 *(.debug_typenames)

.debug_varnames
 *(.debug_varnames)

.debug_pubtypes
 *(.debug_pubtypes)

.debug_ranges
 *(.debug_ranges)

.debug_macro
 *(.debug_macro)

.gnu.attributes
 *(.gnu.attributes)

/DISCARD/
 *(.note.GNU-stack)
 *(.gnu_debuglink)
 *(.gnu.lto_*)
OUTPUT(kernel.bin elf32-i386)
