Archive member included to satisfy reference by file (symbol)

lib/orangescrt.a(syscall.o)   mm/shell.o (printx)
lib/orangescrt.a(printf.o)    kernel/main.o (printf)
lib/orangescrt.a(vsprintf.o)  kernel/main.o (vsprintf)
lib/orangescrt.a(string.o)    kernel/start.o (memcpy)
lib/orangescrt.a(misc.o)      kernel/main.o (send_recv)
lib/orangescrt.a(open.o)      kernel/main.o (open)
lib/orangescrt.a(read.o)      kernel/main.o (read)
lib/orangescrt.a(write.o)     kernel/main.o (write)
lib/orangescrt.a(close.o)     kernel/main.o (close)
lib/orangescrt.a(getpid.o)    kernel/main.o (getpid)
lib/orangescrt.a(stat.o)      mm/exec.o (stat)
lib/orangescrt.a(fork.o)      kernel/main.o (fork)
lib/orangescrt.a(wait.o)      kernel/main.o (wait)
lib/orangescrt.a(exec.o)      kernel/main.o (execv)
lib/orangescrt.a(logfila.o)   mm/exec.o (LogFuncEntry)
lib/orangescrt.a(shell.o)     kernel/main.o (Init_Shell)
lib/orangescrt.a(check.o)     kernel/main.o (Check)

Allocating common symbols
Common symbol       size              file

idt_ptr             0x6               kernel/global.o
inode_table         0xb00             kernel/global.o
task_stack          0x50000           kernel/global.o
k_reenter           0x4               kernel/global.o
gdt                 0x400             kernel/global.o
current_console     0x4               kernel/global.o
pcaller             0x4               kernel/global.o
tty_table           0xc6c             kernel/global.o
tss                 0x68              kernel/global.o
fs_msg              0x30              kernel/global.o
memory_size         0x4               kernel/global.o
f_desc_table        0x500             kernel/global.o
check_table         0x410             kernel/main.o
root_inode          0x4               kernel/global.o
test_flag           0x4               kernel/global.o
disp_pos            0x4               kernel/global.o
mm_msg              0x30              kernel/global.o
p_queue             0x108             kernel/global.o
Working_Directory   0x80              kernel/global.o
key_pressed         0x4               kernel/global.o
gdt_ptr             0x6               kernel/global.o
idt                 0x800             kernel/global.o
super_block         0x1e0             kernel/global.o
PARTITION_ENTRY     0x10              kernel/hd.o
ticks               0x4               kernel/global.o
console_table       0x3c              kernel/global.o
irq_table           0x40              kernel/global.o
accomplish          0x4               kernel/global.o
p_proc_ready        0x4               kernel/global.o
proc_table          0x4280            kernel/global.o

Discarded input sections

 .note.GNU-stack
                0x0000000000000000        0x0 kernel/start.o
 .note.GNU-stack
                0x0000000000000000        0x0 kernel/main.o
 .note.GNU-stack
                0x0000000000000000        0x0 kernel/clock.o
 .note.GNU-stack
                0x0000000000000000        0x0 kernel/keyboard.o
 .note.GNU-stack
                0x0000000000000000        0x0 kernel/tty.o
 .note.GNU-stack
                0x0000000000000000        0x0 kernel/logtask.o
 .note.GNU-stack
                0x0000000000000000        0x0 kernel/console.o
 .note.GNU-stack
                0x0000000000000000        0x0 kernel/i8259.o
 .note.GNU-stack
                0x0000000000000000        0x0 kernel/global.o
 .note.GNU-stack
                0x0000000000000000        0x0 kernel/protect.o
 .note.GNU-stack
                0x0000000000000000        0x0 kernel/proc.o
 .note.GNU-stack
                0x0000000000000000        0x0 kernel/systask.o
 .note.GNU-stack
                0x0000000000000000        0x0 kernel/hd.o
 .note.GNU-stack
                0x0000000000000000        0x0 kernel/klib.o
 .note.GNU-stack
                0x0000000000000000        0x0 lib/syslog.o
 .note.GNU-stack
                0x0000000000000000        0x0 mm/main.o
 .note.GNU-stack
                0x0000000000000000        0x0 mm/forkexit.o
 .note.GNU-stack
                0x0000000000000000        0x0 mm/exec.o
 .note.GNU-stack
                0x0000000000000000        0x0 mm/shell.o
 .note.GNU-stack
                0x0000000000000000        0x0 fs/main.o
 .note.GNU-stack
                0x0000000000000000        0x0 fs/open.o
 .note.GNU-stack
                0x0000000000000000        0x0 fs/misc.o
 .note.GNU-stack
                0x0000000000000000        0x0 fs/read_write.o
 .note.GNU-stack
                0x0000000000000000        0x0 fs/link.o
 .note.GNU-stack
                0x0000000000000000        0x0 fs/disklog.o
 .note.GNU-stack
                0x0000000000000000        0x0 lib/orangescrt.a(printf.o)
 .note.GNU-stack
                0x0000000000000000        0x0 lib/orangescrt.a(vsprintf.o)
 .note.GNU-stack
                0x0000000000000000        0x0 lib/orangescrt.a(misc.o)
 .note.GNU-stack
                0x0000000000000000        0x0 lib/orangescrt.a(open.o)
 .note.GNU-stack
                0x0000000000000000        0x0 lib/orangescrt.a(read.o)
 .note.GNU-stack
                0x0000000000000000        0x0 lib/orangescrt.a(write.o)
 .note.GNU-stack
                0x0000000000000000        0x0 lib/orangescrt.a(close.o)
 .note.GNU-stack
                0x0000000000000000        0x0 lib/orangescrt.a(getpid.o)
 .note.GNU-stack
                0x0000000000000000        0x0 lib/orangescrt.a(stat.o)
 .note.GNU-stack
                0x0000000000000000        0x0 lib/orangescrt.a(fork.o)
 .note.GNU-stack
                0x0000000000000000        0x0 lib/orangescrt.a(wait.o)
 .note.GNU-stack
                0x0000000000000000        0x0 lib/orangescrt.a(exec.o)
 .note.GNU-stack
                0x0000000000000000        0x0 lib/orangescrt.a(logfila.o)
 .note.GNU-stack
                0x0000000000000000        0x0 lib/orangescrt.a(shell.o)
 .note.GNU-stack
                0x0000000000000000        0x0 lib/orangescrt.a(check.o)

Memory Configuration

Name             Origin             Length             Attributes
*default*        0x0000000000000000 0xffffffffffffffff

Linker script and memory map

Address of section .text set to 0x1000
LOAD kernel/kernel.o
LOAD kernel/start.o
LOAD kernel/main.o
LOAD kernel/clock.o
LOAD kernel/keyboard.o
LOAD kernel/tty.o
LOAD kernel/logtask.o
LOAD kernel/console.o
LOAD kernel/i8259.o
LOAD kernel/global.o
LOAD kernel/protect.o
LOAD kernel/proc.o
LOAD kernel/systask.o
LOAD kernel/hd.o
LOAD kernel/kliba.o
LOAD kernel/klib.o
LOAD lib/syslog.o
LOAD mm/main.o
LOAD mm/forkexit.o
LOAD mm/exec.o
LOAD mm/shell.o
LOAD fs/main.o
LOAD fs/open.o
LOAD fs/misc.o
LOAD fs/read_write.o
LOAD fs/link.o
LOAD fs/disklog.o
LOAD lib/orangescrt.a
                [!provide]                        PROVIDE (__executable_start, 0x8048000)
                0x0000000008048094                . = (0x8048000 + SIZEOF_HEADERS)

.interp
 *(.interp)

.note.gnu.build-id
 *(.note.gnu.build-id)

.hash
 *(.hash)

.gnu.hash
 *(.gnu.hash)

.dynsym
 *(.dynsym)

.dynstr
 *(.dynstr)

.gnu.version
 *(.gnu.version)

.gnu.version_d
 *(.gnu.version_d)

.gnu.version_r
 *(.gnu.version_r)

.rel.dyn        0x0000000008048094        0x0
 *(.rel.init)
 *(.rel.text .rel.text.* .rel.gnu.linkonce.t.*)
 .rel.text      0x0000000008048094        0x0 kernel/kernel.o
 *(.rel.fini)
 *(.rel.rodata .rel.rodata.* .rel.gnu.linkonce.r.*)
 *(.rel.data.rel.ro .rel.data.rel.ro.* .rel.gnu.linkonce.d.rel.ro.*)
 *(.rel.data .rel.data.* .rel.gnu.linkonce.d.*)
 .rel.data      0x0000000008048094        0x0 kernel/kernel.o
 *(.rel.tdata .rel.tdata.* .rel.gnu.linkonce.td.*)
 *(.rel.tbss .rel.tbss.* .rel.gnu.linkonce.tb.*)
 *(.rel.ctors)
 *(.rel.dtors)
 *(.rel.got)
 *(.rel.bss .rel.bss.* .rel.gnu.linkonce.b.*)
 *(.rel.ifunc)

.rel.plt        0x0000000008048094        0x0
 *(.rel.plt)
                [!provide]                        PROVIDE (__rel_iplt_start, .)
 *(.rel.iplt)
 .rel.iplt      0x0000000008048094        0x0 kernel/kernel.o
                [!provide]                        PROVIDE (__rel_iplt_end, .)

.init
 *(SORT(.init))

.plt            0x00000000080480a0        0x0
 *(.plt)
 *(.iplt)
 .iplt          0x00000000080480a0        0x0 kernel/kernel.o

.plt.got
 *(.plt.got)

.text           0x0000000000001000     0xf9a5
 *(.text.unlikely .text.*_unlikely .text.unlikely.*)
 *(.text.exit .text.exit.*)
 *(.text.startup .text.startup.*)
 *(.text.hot .text.hot.*)
 *(.text .stub .text.* .gnu.linkonce.t.*)
 .text          0x0000000000001000      0x410 kernel/kernel.o
                0x0000000000001000                _start
                0x0000000000001040                hwint00
                0x0000000000001070                hwint01
                0x00000000000010a0                hwint02
                0x00000000000010d0                hwint03
                0x0000000000001100                hwint04
                0x0000000000001130                hwint05
                0x0000000000001160                hwint06
                0x0000000000001190                hwint07
                0x00000000000011c0                hwint08
                0x00000000000011f0                hwint09
                0x0000000000001220                hwint10
                0x0000000000001250                hwint11
                0x0000000000001280                hwint12
                0x00000000000012b0                hwint13
                0x00000000000012e0                hwint14
                0x0000000000001310                hwint15
                0x0000000000001334                divide_error
                0x000000000000133a                single_step_exception
                0x0000000000001340                nmi
                0x0000000000001346                breakpoint_exception
                0x000000000000134c                overflow
                0x0000000000001352                bounds_check
                0x0000000000001358                inval_opcode
                0x000000000000135e                copr_not_available
                0x0000000000001364                double_fault
                0x0000000000001368                copr_seg_overrun
                0x000000000000136e                inval_tss
                0x0000000000001372                segment_not_present
                0x0000000000001376                stack_exception
                0x000000000000137a                general_protection
                0x000000000000137e                page_fault
                0x0000000000001382                copr_error
                0x00000000000013cb                sys_call
                0x00000000000013eb                restart
 .text          0x0000000000001410       0x95 kernel/start.o
                0x0000000000001410                cstart
 .text          0x00000000000014a5      0xf51 kernel/main.o
                0x00000000000014a5                kernel_main
                0x00000000000018c2                get_ticks
                0x00000000000018f6                untar
                0x0000000000001c40                shabby_shell
                0x0000000000002126                Init
                0x000000000000239e                TestA
                0x00000000000023a3                TestB
                0x00000000000023a8                TestC
                0x00000000000023ad                panic
 .text          0x00000000000023f6      0x194 kernel/clock.o
                0x00000000000023f6                clock_handler
                0x00000000000024f8                milli_delay
                0x0000000000002532                init_clock
 .text          0x000000000000258a      0x77f kernel/keyboard.o
                0x000000000000258a                IsFlag
                0x000000000000262f                keyboard_handler
                0x0000000000002699                init_keyboard
                0x0000000000002748                keyboard_read
 .text          0x0000000000002d09      0xb6f kernel/tty.o
                0x0000000000002d09                task_tty
                0x0000000000002fea                in_process
                0x0000000000003560                sys_printx
                0x00000000000036ff                dump_tty_buf
 .text          0x0000000000003878        0xd kernel/logtask.o
                0x0000000000003878                task_log
 .text          0x0000000000003885      0x7d7 kernel/console.o
                0x0000000000003885                init_screen
                0x00000000000039f9                out_char
                0x0000000000003cd6                is_current_console
                0x0000000000003dc9                select_console
                0x0000000000003e09                scroll_screen
 .text          0x000000000000405c      0x130 kernel/i8259.o
                0x000000000000405c                init_8259A
                0x0000000000004131                spurious_irq
                0x0000000000004168                put_irq_handler
 .text          0x000000000000418c        0x0 kernel/global.o
 .text          0x000000000000418c      0x680 kernel/protect.o
                0x000000000000418c                init_prot
                0x0000000000004615                seg2linear
                0x0000000000004664                init_desc
                0x00000000000046d1                exception_handler
 .text          0x000000000000480c     0x1b54 kernel/proc.o
                0x000000000000480c                schedule
                0x0000000000004d88                sys_sendrec
                0x0000000000004ebb                ldt_seg_linear
                0x0000000000004f05                va2la
                0x0000000000004f72                reset_msg
                0x0000000000005d93                inform_int
                0x0000000000005f0b                dump_proc
                0x0000000000006247                dump_msg
 .text          0x0000000000006360      0x33e kernel/systask.o
                0x0000000000006360                task_sys
 .text          0x000000000000669e      0xe1f kernel/hd.o
                0x000000000000669e                task_hd
                0x0000000000007492                hd_handler
 *fill*         0x00000000000074bd        0x3 
 .text          0x00000000000074c0      0x19a kernel/kliba.o
                0x00000000000074c0                disp_str
                0x00000000000074fe                disp_color_str
                0x000000000000753d                out_byte
                0x0000000000007549                in_byte
                0x0000000000007553                port_read
                0x0000000000007566                port_write
                0x0000000000007579                disable_irq
                0x00000000000075ae                enable_irq
                0x00000000000075cd                disable_int
                0x00000000000075cf                enable_int
                0x00000000000075d1                glitter
 .text          0x000000000000765a      0x2af kernel/klib.o
                0x000000000000765a                get_boot_params
                0x00000000000076e0                get_kernel_map
                0x00000000000077f0                itoa
                0x000000000000789b                disp_int
                0x00000000000078c2                delay
 .text          0x0000000000007909       0x6f lib/syslog.o
                0x0000000000007909                syslog
 .text          0x0000000000007978      0x1cf mm/main.o
                0x0000000000007978                task_mm
                0x0000000000007ac5                alloc_mem
                0x0000000000007b3d                free_mem
 .text          0x0000000000007b47      0x8bd mm/forkexit.o
                0x0000000000007b47                do_fork
                0x0000000000007edf                do_exit
                0x00000000000080c4                do_kill
                0x000000000000833e                do_wait
 .text          0x0000000000008404      0x37f mm/exec.o
                0x0000000000008404                do_exec
 .text          0x0000000000008783      0x26b mm/shell.o
                0x0000000000008783                do_shell
                0x00000000000088f6                initShell
                0x0000000000008916                changeCWD
                0x00000000000089d2                getCWD
 .text          0x00000000000089ee     0x125f fs/main.o
                0x00000000000089ee                task_fs
                0x00000000000094d9                rw_sector
                0x00000000000096fc                get_super_block
                0x0000000000009742                get_inode
                0x00000000000098a5                get_inode_directly
                0x00000000000098f0                count_surplus_inode_link
                0x0000000000009930                put_inode
                0x000000000000996e                put_inodes_link
                0x00000000000099c9                sync_inode
                0x0000000000009ac8                sync_inode_link
 .text          0x0000000000009c4d      0xd34 fs/open.o
                0x0000000000009c4d                do_open
                0x000000000000a023                do_mkdir
                0x000000000000a263                do_close
                0x000000000000a2de                do_lseek
 .text          0x000000000000a981      0x76d fs/misc.o
                0x000000000000a981                do_stat
                0x000000000000ab9c                low_search_entry
                0x000000000000ac8f                search_file
                0x000000000000ad4d                do_List_Dir
                0x000000000000afbe                strip_path
 .text          0x000000000000b0ee      0x799 fs/read_write.o
                0x000000000000b0ee                do_rdwt
 .text          0x000000000000b887      0x8cc fs/link.o
                0x000000000000b887                do_unlink
                0x000000000000c0e3                getsize
 .text          0x000000000000c153     0x1fe3 fs/disklog.o
                0x000000000000c153                disklog
                0x000000000000c6c0                dump_fd_graph
 *fill*         0x000000000000e136        0xa 
 .text          0x000000000000e140       0x28 lib/orangescrt.a(syscall.o)
                0x000000000000e140                sendrec
                0x000000000000e15a                printx
 .text          0x000000000000e168       0xad lib/orangescrt.a(printf.o)
                0x000000000000e168                printf
                0x000000000000e1d3                printl
 .text          0x000000000000e215      0x38b lib/orangescrt.a(vsprintf.o)
                0x000000000000e273                vsprintf
                0x000000000000e57a                sprintf
 .text          0x000000000000e5a0       0x78 lib/orangescrt.a(string.o)
                0x000000000000e5a0                memcpy
                0x000000000000e5c9                memset
                0x000000000000e5ea                strcpy
                0x000000000000e602                strlen
 .text          0x000000000000e618      0x800 lib/orangescrt.a(misc.o)
                0x000000000000e618                send_recv
                0x000000000000e6d2                memcmp
                0x000000000000e748                strcmp
                0x000000000000e7bb                strcat
                0x000000000000e81a                spin
                0x000000000000e835                strchr
                0x000000000000e862                strtok
                0x000000000000e930                _strcpy
                0x000000000000e96c                putchar_to_buffer
                0x000000000000e993                puts_to_buffer
                0x000000000000e9c0                putint_to_buffer
                0x000000000000ea7e                puthex_to_buffer
                0x000000000000eaea                _vsprintf
                0x000000000000ebe7                _sprintf
                0x000000000000ec1a                _strncpy
                0x000000000000ec93                memmove
                0x000000000000ed0e                proc_memcpy
                0x000000000000ed22                atoi
                0x000000000000eddf                assertion_failure
 .text          0x000000000000ee18       0xc6 lib/orangescrt.a(open.o)
                0x000000000000ee18                open
                0x000000000000ee7b                mkdir
 .text          0x000000000000eede       0x37 lib/orangescrt.a(read.o)
                0x000000000000eede                read
 .text          0x000000000000ef15       0x37 lib/orangescrt.a(write.o)
                0x000000000000ef15                write
 .text          0x000000000000ef4c       0x2b lib/orangescrt.a(close.o)
                0x000000000000ef4c                close
 .text          0x000000000000ef77       0x46 lib/orangescrt.a(getpid.o)
                0x000000000000ef77                getpid
 .text          0x000000000000efbd       0x76 lib/orangescrt.a(stat.o)
                0x000000000000efbd                stat
 .text          0x000000000000f033       0x66 lib/orangescrt.a(fork.o)
                0x000000000000f033                fork
 .text          0x000000000000f099       0x3c lib/orangescrt.a(wait.o)
                0x000000000000f099                wait
 .text          0x000000000000f0d5      0x276 lib/orangescrt.a(exec.o)
                0x000000000000f0d5                exec
                0x000000000000f140                execl
                0x000000000000f165                execv
 .text          0x000000000000f34b      0x1a4 lib/orangescrt.a(logfila.o)
                0x000000000000f34b                LogFuncEntry
                0x000000000000f44c                AddLogWare
                0x000000000000f489                DefaultLogHandler
                0x000000000000f4ab                InitLogWares
 .text          0x000000000000f4ef      0x459 lib/orangescrt.a(shell.o)
                0x000000000000f4ef                Init_Shell
                0x000000000000f530                chdir
                0x000000000000f587                getcwd
                0x000000000000f5c0                extractExecDir
                0x000000000000f66c                get_full_path
 .text          0x000000000000f948     0x105d lib/orangescrt.a(check.o)
                0x000000000000f948                MD5Init
                0x000000000000f989                MD5Update
                0x000000000000fab8                MD5Final
                0x000000000000fb4e                MD5Encode
                0x000000000000fbfc                MD5Decode
                0x000000000000fc8b                MD5Transform
                0x000000000001089c                Check
 *(.gnu.warning)

.fini
 *(SORT(.fini))
                [!provide]                        PROVIDE (__etext, .)
                [!provide]                        PROVIDE (_etext, .)
                [!provide]                        PROVIDE (etext, .)

.rodata         0x00000000000109c0     0x2901
 *(.rodata .rodata.* .gnu.linkonce.r.*)
 .rodata        0x00000000000109c0       0x47 kernel/start.o
 *fill*         0x0000000000010a07        0x1 
 .rodata        0x0000000000010a08      0x32c kernel/main.o
 .rodata        0x0000000000010d34        0x2 kernel/clock.o
 *fill*         0x0000000000010d36        0x2 
 .rodata        0x0000000000010d38       0x64 kernel/keyboard.o
 .rodata        0x0000000000010d9c      0x168 kernel/tty.o
 .rodata        0x0000000000010f04       0x5b kernel/console.o
 .rodata        0x0000000000010f5f       0x11 kernel/i8259.o
 .rodata        0x0000000000010f70       0x10 kernel/global.o
                0x0000000000010f70                FSBUF_SIZE
                0x0000000000010f74                MMBUF_SIZE
                0x0000000000010f78                LOGBUF_SIZE
                0x0000000000010f7c                LOGDISKBUF_SIZE
 .rodata        0x0000000000010f80      0x580 kernel/protect.o
 .rodata        0x0000000000011500      0x602 kernel/proc.o
 .rodata        0x0000000000011b02       0x11 kernel/systask.o
 *fill*         0x0000000000011b13        0x1 
 .rodata        0x0000000000011b14      0x1df kernel/hd.o
 *fill*         0x0000000000011cf3        0x1 
 .rodata        0x0000000000011cf4       0x6a kernel/klib.o
 .rodata        0x0000000000011d5e       0x1e lib/syslog.o
 .rodata        0x0000000000011d7c       0xc9 mm/main.o
 *fill*         0x0000000000011e45        0x3 
 .rodata        0x0000000000011e48       0xeb mm/forkexit.o
 *fill*         0x0000000000011f33        0x1 
 .rodata        0x0000000000011f34       0x90 mm/exec.o
 .rodata        0x0000000000011fc4       0x3d mm/shell.o
 *fill*         0x0000000000012001        0x3 
 .rodata        0x0000000000012004      0x2de fs/main.o
 *fill*         0x00000000000122e2        0x2 
 .rodata        0x00000000000122e4      0x13b fs/open.o
 *fill*         0x000000000001241f        0x1 
 .rodata        0x0000000000012420       0xb5 fs/misc.o
 *fill*         0x00000000000124d5        0x3 
 .rodata        0x00000000000124d8      0x164 fs/read_write.o
 .rodata        0x000000000001263c      0x1ad fs/link.o
 *fill*         0x00000000000127e9        0x3 
 .rodata        0x00000000000127ec      0x806 fs/disklog.o
 .rodata        0x0000000000012ff2       0x14 lib/orangescrt.a(printf.o)
 *fill*         0x0000000000013006        0x2 
 .rodata        0x0000000000013008       0xbd lib/orangescrt.a(misc.o)
 .rodata        0x00000000000130c5       0x23 lib/orangescrt.a(open.o)
 .rodata        0x00000000000130e8       0x25 lib/orangescrt.a(getpid.o)
 .rodata        0x000000000001310d       0x33 lib/orangescrt.a(stat.o)
 .rodata        0x0000000000013140       0x33 lib/orangescrt.a(fork.o)
 *fill*         0x0000000000013173        0x1 
 .rodata        0x0000000000013174       0xa7 lib/orangescrt.a(exec.o)
 .rodata        0x000000000001321b       0x6f lib/orangescrt.a(logfila.o)
 .rodata        0x000000000001328a       0x37 lib/orangescrt.a(shell.o)

.rodata1
 *(.rodata1)

.eh_frame_hdr
 *(.eh_frame_hdr)
 *(.eh_frame_entry .eh_frame_entry.*)

.eh_frame       0x00000000000132c4     0x18f0
 *(.eh_frame)
 .eh_frame      0x00000000000132c4       0x38 kernel/start.o
 .eh_frame      0x00000000000132fc      0x110 kernel/main.o
                                        0x128 (size before relaxing)
 .eh_frame      0x000000000001340c       0x60 kernel/clock.o
                                         0x78 (size before relaxing)
 .eh_frame      0x000000000001346c      0x100 kernel/keyboard.o
                                        0x118 (size before relaxing)
 .eh_frame      0x000000000001356c      0x19c kernel/tty.o
                                        0x1b4 (size before relaxing)
 .eh_frame      0x0000000000013708       0x1c kernel/logtask.o
                                         0x34 (size before relaxing)
 .eh_frame      0x0000000000013724      0x144 kernel/console.o
                                        0x15c (size before relaxing)
 .eh_frame      0x0000000000013868       0x60 kernel/i8259.o
                                         0x78 (size before relaxing)
 .eh_frame      0x00000000000138c8       0xb0 kernel/protect.o
                                         0xc8 (size before relaxing)
 .eh_frame      0x0000000000013978      0x1b8 kernel/proc.o
                                        0x1d0 (size before relaxing)
 .eh_frame      0x0000000000013b30       0x5c kernel/systask.o
                                         0x74 (size before relaxing)
 .eh_frame      0x0000000000013b8c      0x1f0 kernel/hd.o
                                        0x208 (size before relaxing)
 .eh_frame      0x0000000000013d7c       0xa0 kernel/klib.o
                                         0xb8 (size before relaxing)
 .eh_frame      0x0000000000013e1c       0x20 lib/syslog.o
                                         0x38 (size before relaxing)
 .eh_frame      0x0000000000013e3c       0x7c mm/main.o
                                         0x94 (size before relaxing)
 .eh_frame      0x0000000000013eb8       0xb0 mm/forkexit.o
                                         0xc8 (size before relaxing)
 .eh_frame      0x0000000000013f68       0x2c mm/exec.o
                                         0x44 (size before relaxing)
 .eh_frame      0x0000000000013f94       0x84 mm/shell.o
                                         0x9c (size before relaxing)
 .eh_frame      0x0000000000014018      0x1f0 fs/main.o
                                        0x208 (size before relaxing)
 .eh_frame      0x0000000000014208      0x188 fs/open.o
                                        0x1a0 (size before relaxing)
 .eh_frame      0x0000000000014390       0xb4 fs/misc.o
                                         0xcc (size before relaxing)
 .eh_frame      0x0000000000014444       0x30 fs/read_write.o
                                         0x48 (size before relaxing)
 .eh_frame      0x0000000000014474       0x4c fs/link.o
                                         0x64 (size before relaxing)
 .eh_frame      0x00000000000144c0       0x60 fs/disklog.o
                                         0x78 (size before relaxing)
 .eh_frame      0x0000000000014520       0x40 lib/orangescrt.a(printf.o)
                                         0x58 (size before relaxing)
 .eh_frame      0x0000000000014560       0x60 lib/orangescrt.a(vsprintf.o)
                                         0x78 (size before relaxing)
 .eh_frame      0x00000000000145c0      0x260 lib/orangescrt.a(misc.o)
                                        0x278 (size before relaxing)
 .eh_frame      0x0000000000014820       0x40 lib/orangescrt.a(open.o)
                                         0x58 (size before relaxing)
 .eh_frame      0x0000000000014860       0x20 lib/orangescrt.a(read.o)
                                         0x38 (size before relaxing)
 .eh_frame      0x0000000000014880       0x20 lib/orangescrt.a(write.o)
                                         0x38 (size before relaxing)
 .eh_frame      0x00000000000148a0       0x20 lib/orangescrt.a(close.o)
                                         0x38 (size before relaxing)
 .eh_frame      0x00000000000148c0       0x20 lib/orangescrt.a(getpid.o)
                                         0x38 (size before relaxing)
 .eh_frame      0x00000000000148e0       0x20 lib/orangescrt.a(stat.o)
                                         0x38 (size before relaxing)
 .eh_frame      0x0000000000014900       0x20 lib/orangescrt.a(fork.o)
                                         0x38 (size before relaxing)
 .eh_frame      0x0000000000014920       0x20 lib/orangescrt.a(wait.o)
                                         0x38 (size before relaxing)
 .eh_frame      0x0000000000014940       0x60 lib/orangescrt.a(exec.o)
                                         0x78 (size before relaxing)
 .eh_frame      0x00000000000149a0       0x84 lib/orangescrt.a(logfila.o)
                                         0x9c (size before relaxing)
 .eh_frame      0x0000000000014a24       0xa4 lib/orangescrt.a(shell.o)
                                         0xbc (size before relaxing)
 .eh_frame      0x0000000000014ac8       0xec lib/orangescrt.a(check.o)
                                        0x104 (size before relaxing)
 *(.eh_frame.*)

.gcc_except_table
 *(.gcc_except_table .gcc_except_table.*)

.gnu_extab
 *(.gnu_extab*)

.exception_ranges
 *(.exception_ranges .exception_ranges*)
                0x0000000000015000                . = DATA_SEGMENT_ALIGN (0x1000, 0x1000)

.eh_frame
 *(.eh_frame)
 *(.eh_frame.*)

.gnu_extab
 *(.gnu_extab)

.gcc_except_table
 *(.gcc_except_table .gcc_except_table.*)

.exception_ranges
 *(.exception_ranges .exception_ranges*)

.tdata
 *(.tdata .tdata.* .gnu.linkonce.td.*)

.tbss
 *(.tbss .tbss.* .gnu.linkonce.tb.*)
 *(.tcommon)

.preinit_array  0x0000000000015000        0x0
                [!provide]                        PROVIDE (__preinit_array_start, .)
 *(.preinit_array)
                [!provide]                        PROVIDE (__preinit_array_end, .)

.init_array     0x0000000000015000        0x0
                [!provide]                        PROVIDE (__init_array_start, .)
 *(SORT(.init_array.*) SORT(.ctors.*))
 *(.init_array EXCLUDE_FILE(*crtend?.o *crtend.o *crtbegin?.o *crtbegin.o) .ctors)
                [!provide]                        PROVIDE (__init_array_end, .)

.fini_array     0x0000000000015000        0x0
                [!provide]                        PROVIDE (__fini_array_start, .)
 *(SORT(.fini_array.*) SORT(.dtors.*))
 *(.fini_array EXCLUDE_FILE(*crtend?.o *crtend.o *crtbegin?.o *crtbegin.o) .dtors)
                [!provide]                        PROVIDE (__fini_array_end, .)

.ctors
 *crtbegin.o(.ctors)
 *crtbegin?.o(.ctors)
 *(EXCLUDE_FILE(*crtend?.o *crtend.o) .ctors)
 *(SORT(.ctors.*))
 *(.ctors)

.dtors
 *crtbegin.o(.dtors)
 *crtbegin?.o(.dtors)
 *(EXCLUDE_FILE(*crtend?.o *crtend.o) .dtors)
 *(SORT(.dtors.*))
 *(.dtors)

.jcr
 *(.jcr)

.data.rel.ro
 *(.data.rel.ro.local* .gnu.linkonce.d.rel.ro.local.*)
 *(.data.rel.ro .data.rel.ro.* .gnu.linkonce.d.rel.ro.*)

.dynamic
 *(.dynamic)

.got
 *(.got)
 *(.igot)
                0x0000000000015000                . = DATA_SEGMENT_RELRO_END (., (SIZEOF (.got.plt) >= 0xc)?0xc:0x0)

.got.plt        0x0000000000015000        0x0
 *(.got.plt)
 *(.igot.plt)
 .igot.plt      0x0000000000015000        0x0 kernel/kernel.o

.data           0x0000000000015000      0x8c0
 *(.data .data.* .gnu.linkonce.d.*)
 .data          0x0000000000015000        0x2 kernel/kernel.o
 .data          0x0000000000015002        0x0 kernel/start.o
 .data          0x0000000000015002        0x0 kernel/main.o
 .data          0x0000000000015002        0x0 kernel/clock.o
 *fill*         0x0000000000015002       0x1e 
 .data          0x0000000000015020      0x600 kernel/keyboard.o
                0x0000000000015020                keymap
 .data          0x0000000000015620       0x42 kernel/tty.o
 .data          0x0000000000015662        0x0 kernel/logtask.o
 .data          0x0000000000015662        0x0 kernel/console.o
 .data          0x0000000000015662        0x0 kernel/i8259.o
 *fill*         0x0000000000015662       0x1e 
 .data          0x0000000000015680      0x1d4 kernel/global.o
                0x0000000000015680                task_table
                0x0000000000015780                user_proc_table
                0x0000000000015820                sys_call_table
                0x000000000001582c                dd_map
                0x0000000000015844                fsbuf
                0x0000000000015848                mmbuf
                0x000000000001584c                logbuf
                0x0000000000015850                logdiskbuf
 .data          0x0000000000015854        0x0 kernel/protect.o
 .data          0x0000000000015854        0x0 kernel/proc.o
 .data          0x0000000000015854        0x0 kernel/systask.o
 .data          0x0000000000015854        0x0 kernel/hd.o
 .data          0x0000000000015854        0x0 kernel/klib.o
 .data          0x0000000000015854        0x0 lib/syslog.o
 .data          0x0000000000015854        0x0 mm/main.o
 .data          0x0000000000015854        0x0 mm/forkexit.o
 .data          0x0000000000015854        0x0 mm/exec.o
 .data          0x0000000000015854        0x0 mm/shell.o
 .data          0x0000000000015854        0x0 fs/main.o
 .data          0x0000000000015854        0x0 fs/open.o
 .data          0x0000000000015854        0x4 fs/misc.o
                0x0000000000015854                last_query_dev
 .data          0x0000000000015858        0x0 fs/read_write.o
 .data          0x0000000000015858        0x0 fs/link.o
 .data          0x0000000000015858        0x0 fs/disklog.o
 .data          0x0000000000015858        0x0 lib/orangescrt.a(printf.o)
 .data          0x0000000000015858        0x0 lib/orangescrt.a(vsprintf.o)
 .data          0x0000000000015858        0x0 lib/orangescrt.a(misc.o)
 .data          0x0000000000015858        0x0 lib/orangescrt.a(open.o)
 .data          0x0000000000015858        0x0 lib/orangescrt.a(read.o)
 .data          0x0000000000015858        0x0 lib/orangescrt.a(write.o)
 .data          0x0000000000015858        0x0 lib/orangescrt.a(close.o)
 .data          0x0000000000015858        0x0 lib/orangescrt.a(getpid.o)
 .data          0x0000000000015858        0x0 lib/orangescrt.a(stat.o)
 .data          0x0000000000015858        0x0 lib/orangescrt.a(fork.o)
 .data          0x0000000000015858        0x0 lib/orangescrt.a(wait.o)
 .data          0x0000000000015858        0x0 lib/orangescrt.a(exec.o)
 .data          0x0000000000015858       0x1c lib/orangescrt.a(logfila.o)
                0x0000000000015858                LogLevelStrings
 .data          0x0000000000015874        0x0 lib/orangescrt.a(shell.o)
 *fill*         0x0000000000015874        0xc 
 .data          0x0000000000015880       0x40 lib/orangescrt.a(check.o)
                0x0000000000015880                PADDING

.data1
 *(.data1)
                0x00000000000158c0                _edata = .
                [!provide]                        PROVIDE (edata, .)
                0x00000000000158c0                . = .
                0x00000000000158c0                __bss_start = .

.bss            0x00000000000158c0    0x58630
 *(.dynbss)
 *(.bss .bss.* .gnu.linkonce.b.*)
 .bss           0x00000000000158c0      0x800 kernel/kernel.o
 .bss           0x00000000000160c0        0x0 kernel/start.o
 .bss           0x00000000000160c0        0x0 kernel/main.o
 .bss           0x00000000000160c0        0x0 kernel/clock.o
 .bss           0x00000000000160c0       0x58 kernel/keyboard.o
 .bss           0x0000000000016118        0x4 kernel/tty.o
 .bss           0x000000000001611c        0x0 kernel/logtask.o
 .bss           0x000000000001611c        0x0 kernel/console.o
 .bss           0x000000000001611c        0x0 kernel/i8259.o
 .bss           0x000000000001611c        0x0 kernel/global.o
 .bss           0x000000000001611c        0x0 kernel/protect.o
 .bss           0x000000000001611c        0x0 kernel/proc.o
 .bss           0x000000000001611c        0x0 kernel/systask.o
 *fill*         0x000000000001611c        0x4 
 .bss           0x0000000000016120      0x64c kernel/hd.o
 .bss           0x000000000001676c        0x0 kernel/klib.o
 .bss           0x000000000001676c        0x0 lib/syslog.o
 .bss           0x000000000001676c        0x0 mm/main.o
 .bss           0x000000000001676c        0x0 mm/forkexit.o
 .bss           0x000000000001676c        0x0 mm/exec.o
 .bss           0x000000000001676c        0x0 mm/shell.o
 .bss           0x000000000001676c        0x0 fs/main.o
 .bss           0x000000000001676c        0x0 fs/open.o
 .bss           0x000000000001676c        0x0 fs/misc.o
 .bss           0x000000000001676c        0x0 fs/read_write.o
 .bss           0x000000000001676c        0x0 fs/link.o
 *fill*         0x000000000001676c       0x14 
 .bss           0x0000000000016780      0x208 fs/disklog.o
 .bss           0x0000000000016988        0x0 lib/orangescrt.a(printf.o)
 .bss           0x0000000000016988        0x0 lib/orangescrt.a(vsprintf.o)
 .bss           0x0000000000016988        0x4 lib/orangescrt.a(misc.o)
 .bss           0x000000000001698c        0x0 lib/orangescrt.a(open.o)
 .bss           0x000000000001698c        0x0 lib/orangescrt.a(read.o)
 .bss           0x000000000001698c        0x0 lib/orangescrt.a(write.o)
 .bss           0x000000000001698c        0x0 lib/orangescrt.a(close.o)
 .bss           0x000000000001698c        0x0 lib/orangescrt.a(getpid.o)
 .bss           0x000000000001698c        0x0 lib/orangescrt.a(stat.o)
 .bss           0x000000000001698c        0x0 lib/orangescrt.a(fork.o)
 .bss           0x000000000001698c        0x0 lib/orangescrt.a(wait.o)
 .bss           0x000000000001698c        0x0 lib/orangescrt.a(exec.o)
 *fill*         0x000000000001698c       0x14 
 .bss           0x00000000000169a0       0x24 lib/orangescrt.a(logfila.o)
 .bss           0x00000000000169c4        0x0 lib/orangescrt.a(shell.o)
 .bss           0x00000000000169c4        0x0 lib/orangescrt.a(check.o)
 *(COMMON)
 *fill*         0x00000000000169c4       0x1c 
 COMMON         0x00000000000169e0      0x410 kernel/main.o
                0x00000000000169e0                check_table
 *fill*         0x0000000000016df0       0x10 
 COMMON         0x0000000000016e00    0x570e0 kernel/global.o
                0x0000000000016e00                idt_ptr
                0x0000000000016e20                inode_table
                0x0000000000017920                task_stack
                0x0000000000067920                k_reenter
                0x0000000000067940                gdt
                0x0000000000067d40                current_console
                0x0000000000067d44                pcaller
                0x0000000000067d60                tty_table
                0x00000000000689e0                tss
                0x0000000000068a60                fs_msg
                0x0000000000068a90                memory_size
                0x0000000000068aa0                f_desc_table
                0x0000000000068fa0                root_inode
                0x0000000000068fa4                test_flag
                0x0000000000068fa8                disp_pos
                0x0000000000068fc0                mm_msg
                0x0000000000069000                p_queue
                0x0000000000069120                Working_Directory
                0x00000000000691a0                key_pressed
                0x00000000000691a4                gdt_ptr
                0x00000000000691c0                idt
                0x00000000000699c0                super_block
                0x0000000000069ba0                ticks
                0x0000000000069bc0                console_table
                0x0000000000069c00                irq_table
                0x0000000000069c40                accomplish
                0x0000000000069c44                p_proc_ready
                0x0000000000069c60                proc_table
 COMMON         0x000000000006dee0       0x10 kernel/hd.o
                0x000000000006dee0                PARTITION_ENTRY
                0x000000000006def0                . = ALIGN ((. != 0x0)?0x4:0x1)
                0x000000000006def0                . = ALIGN (0x4)
                0x000000000006def0                . = SEGMENT_START ("ldata-segment", .)
                0x000000000006def0                . = ALIGN (0x4)
                0x000000000006def0                _end = .
                [!provide]                        PROVIDE (end, .)
                0x000000000006def0                . = DATA_SEGMENT_END (.)

.stab
 *(.stab)

.stabstr
 *(.stabstr)

.stab.excl
 *(.stab.excl)

.stab.exclstr
 *(.stab.exclstr)

.stab.index
 *(.stab.index)

.stab.indexstr
 *(.stab.indexstr)

.comment        0x0000000000000000       0x35
 *(.comment)
 .comment       0x0000000000000000       0x35 kernel/start.o
                                         0x36 (size before relaxing)
 .comment       0x0000000000000035       0x36 kernel/main.o
 .comment       0x0000000000000035       0x36 kernel/clock.o
 .comment       0x0000000000000035       0x36 kernel/keyboard.o
 .comment       0x0000000000000035       0x36 kernel/tty.o
 .comment       0x0000000000000035       0x36 kernel/logtask.o
 .comment       0x0000000000000035       0x36 kernel/console.o
 .comment       0x0000000000000035       0x36 kernel/i8259.o
 .comment       0x0000000000000035       0x36 kernel/global.o
 .comment       0x0000000000000035       0x36 kernel/protect.o
 .comment       0x0000000000000035       0x36 kernel/proc.o
 .comment       0x0000000000000035       0x36 kernel/systask.o
 .comment       0x0000000000000035       0x36 kernel/hd.o
 .comment       0x0000000000000035       0x36 kernel/klib.o
 .comment       0x0000000000000035       0x36 lib/syslog.o
 .comment       0x0000000000000035       0x36 mm/main.o
 .comment       0x0000000000000035       0x36 mm/forkexit.o
 .comment       0x0000000000000035       0x36 mm/exec.o
 .comment       0x0000000000000035       0x36 mm/shell.o
 .comment       0x0000000000000035       0x36 fs/main.o
 .comment       0x0000000000000035       0x36 fs/open.o
 .comment       0x0000000000000035       0x36 fs/misc.o
 .comment       0x0000000000000035       0x36 fs/read_write.o
 .comment       0x0000000000000035       0x36 fs/link.o
 .comment       0x0000000000000035       0x36 fs/disklog.o
 .comment       0x0000000000000035       0x36 lib/orangescrt.a(printf.o)
 .comment       0x0000000000000035       0x36 lib/orangescrt.a(vsprintf.o)
 .comment       0x0000000000000035       0x36 lib/orangescrt.a(misc.o)
 .comment       0x0000000000000035       0x36 lib/orangescrt.a(open.o)
 .comment       0x0000000000000035       0x36 lib/orangescrt.a(read.o)
 .comment       0x0000000000000035       0x36 lib/orangescrt.a(write.o)
 .comment       0x0000000000000035       0x36 lib/orangescrt.a(close.o)
 .comment       0x0000000000000035       0x36 lib/orangescrt.a(getpid.o)
 .comment       0x0000000000000035       0x36 lib/orangescrt.a(stat.o)
 .comment       0x0000000000000035       0x36 lib/orangescrt.a(fork.o)
 .comment       0x0000000000000035       0x36 lib/orangescrt.a(wait.o)
 .comment       0x0000000000000035       0x36 lib/orangescrt.a(exec.o)
 .comment       0x0000000000000035       0x36 lib/orangescrt.a(logfila.o)
 .comment       0x0000000000000035       0x36 lib/orangescrt.a(shell.o)
 .comment       0x0000000000000035       0x36 lib/orangescrt.a(check.o)

.debug
 *(.debug)

.line
 *(.line)

.debug_srcinfo
 *(.debug_srcinfo)

.debug_sfnames
 *(.debug_sfnames)

.debug_aranges
 *(.debug_aranges)

.debug_pubnames
 *(.debug_pubnames)

.debug_info
 *(.debug_info .gnu.linkonce.wi.*)

.debug_abbrev
 *(.debug_abbrev)

.debug_line
 *(.debug_line .debug_line.* .debug_line_end)

.debug_frame
 *(.debug_frame)

.debug_str
 *(.debug_str)

.debug_loc
 *(.debug_loc)

.debug_macinfo
 *(.debug_macinfo)

.debug_weaknames
 *(.debug_weaknames)

.debug_funcnames
 *(.debug_funcnames)

.debug_typenames
 *(.debug_typenames)

.debug_varnames
 *(.debug_varnames)

.debug_pubtypes
 *(.debug_pubtypes)

.debug_ranges
 *(.debug_ranges)

.debug_macro
 *(.debug_macro)

.gnu.attributes
 *(.gnu.attributes)

/DISCARD/
 *(.note.GNU-stack)
 *(.gnu_debuglink)
 *(.gnu.lto_*)
OUTPUT(kernel.bin elf32-i386)
