Archive member included to satisfy reference by file (symbol)

lib/orangescrt.a(syscall.o)   kernel/proc.o (printx)
lib/orangescrt.a(printf.o)    kernel/main.o (printf)
lib/orangescrt.a(vsprintf.o)  kernel/main.o (vsprintf)
lib/orangescrt.a(string.o)    kernel/start.o (memcpy)
lib/orangescrt.a(misc.o)      kernel/main.o (send_recv)
lib/orangescrt.a(open.o)      kernel/main.o (open)
lib/orangescrt.a(read.o)      kernel/main.o (read)
lib/orangescrt.a(write.o)     kernel/main.o (write)
lib/orangescrt.a(close.o)     kernel/main.o (close)
lib/orangescrt.a(getpid.o)    kernel/main.o (getpid)
lib/orangescrt.a(stat.o)      mm/exec.o (stat)
lib/orangescrt.a(fork.o)      kernel/main.o (fork)
lib/orangescrt.a(wait.o)      kernel/main.o (wait)
lib/orangescrt.a(exec.o)      kernel/main.o (execv)
lib/orangescrt.a(logfila.o)   kernel/tty.o (LogFuncEntry)
lib/orangescrt.a(shell.o)     kernel/main.o (Init_Shell)

Allocating common symbols
Common symbol       size              file

idt_ptr             0x6               kernel/global.o
inode_table         0xb00             kernel/global.o
task_stack          0x58000           kernel/global.o
k_reenter           0x4               kernel/global.o
gdt                 0x400             kernel/global.o
current_console     0x4               kernel/global.o
pcaller             0x4               kernel/global.o
tty_table           0xc6c             kernel/global.o
tss                 0x68              kernel/global.o
fs_msg              0x30              kernel/global.o
memory_size         0x4               kernel/global.o
f_desc_table        0x500             kernel/global.o
root_inode          0x4               kernel/global.o
disp_pos            0x4               kernel/global.o
mm_msg              0x30              kernel/global.o
Working_Directory   0x80              kernel/global.o
key_pressed         0x4               kernel/global.o
gdt_ptr             0x6               kernel/global.o
idt                 0x800             kernel/global.o
super_block         0x1e0             kernel/global.o
PARTITION_ENTRY     0x10              kernel/hd.o
ticks               0x4               kernel/global.o
m_msg               0x30              kernel/global.o
console_table       0x3c              kernel/global.o
irq_table           0x40              kernel/global.o
p_proc_ready        0x4               kernel/global.o
proc_table          0x3e28            kernel/global.o

Discarded input sections

 .note.GNU-stack
                0x0000000000000000        0x0 kernel/start.o
 .note.GNU-stack
                0x0000000000000000        0x0 kernel/main.o
 .note.GNU-stack
                0x0000000000000000        0x0 kernel/clock.o
 .note.GNU-stack
                0x0000000000000000        0x0 kernel/keyboard.o
 .note.GNU-stack
                0x0000000000000000        0x0 kernel/tty.o
 .note.GNU-stack
                0x0000000000000000        0x0 kernel/logtask.o
 .note.GNU-stack
                0x0000000000000000        0x0 kernel/monitortask.o
 .note.GNU-stack
                0x0000000000000000        0x0 kernel/console.o
 .note.GNU-stack
                0x0000000000000000        0x0 kernel/i8259.o
 .note.GNU-stack
                0x0000000000000000        0x0 kernel/global.o
 .note.GNU-stack
                0x0000000000000000        0x0 kernel/protect.o
 .note.GNU-stack
                0x0000000000000000        0x0 kernel/proc.o
 .note.GNU-stack
                0x0000000000000000        0x0 kernel/systask.o
 .note.GNU-stack
                0x0000000000000000        0x0 kernel/hd.o
 .note.GNU-stack
                0x0000000000000000        0x0 kernel/klib.o
 .note.GNU-stack
                0x0000000000000000        0x0 lib/syslog.o
 .note.GNU-stack
                0x0000000000000000        0x0 mm/main.o
 .note.GNU-stack
                0x0000000000000000        0x0 mm/forkexit.o
 .note.GNU-stack
                0x0000000000000000        0x0 mm/exec.o
 .note.GNU-stack
                0x0000000000000000        0x0 mm/shell.o
 .note.GNU-stack
                0x0000000000000000        0x0 fs/main.o
 .note.GNU-stack
                0x0000000000000000        0x0 fs/open.o
 .note.GNU-stack
                0x0000000000000000        0x0 fs/misc.o
 .note.GNU-stack
                0x0000000000000000        0x0 fs/read_write.o
 .note.GNU-stack
                0x0000000000000000        0x0 fs/link.o
 .note.GNU-stack
                0x0000000000000000        0x0 fs/disklog.o
 .note.GNU-stack
                0x0000000000000000        0x0 lib/orangescrt.a(printf.o)
 .note.GNU-stack
                0x0000000000000000        0x0 lib/orangescrt.a(vsprintf.o)
 .note.GNU-stack
                0x0000000000000000        0x0 lib/orangescrt.a(misc.o)
 .note.GNU-stack
                0x0000000000000000        0x0 lib/orangescrt.a(open.o)
 .note.GNU-stack
                0x0000000000000000        0x0 lib/orangescrt.a(read.o)
 .note.GNU-stack
                0x0000000000000000        0x0 lib/orangescrt.a(write.o)
 .note.GNU-stack
                0x0000000000000000        0x0 lib/orangescrt.a(close.o)
 .note.GNU-stack
                0x0000000000000000        0x0 lib/orangescrt.a(getpid.o)
 .note.GNU-stack
                0x0000000000000000        0x0 lib/orangescrt.a(stat.o)
 .note.GNU-stack
                0x0000000000000000        0x0 lib/orangescrt.a(fork.o)
 .note.GNU-stack
                0x0000000000000000        0x0 lib/orangescrt.a(wait.o)
 .note.GNU-stack
                0x0000000000000000        0x0 lib/orangescrt.a(exec.o)
 .note.GNU-stack
                0x0000000000000000        0x0 lib/orangescrt.a(logfila.o)
 .note.GNU-stack
                0x0000000000000000        0x0 lib/orangescrt.a(shell.o)

Memory Configuration

Name             Origin             Length             Attributes
*default*        0x0000000000000000 0xffffffffffffffff

Linker script and memory map

Address of section .text set to 0x1000
LOAD kernel/kernel.o
LOAD kernel/start.o
LOAD kernel/main.o
LOAD kernel/clock.o
LOAD kernel/keyboard.o
LOAD kernel/tty.o
LOAD kernel/logtask.o
LOAD kernel/monitortask.o
LOAD kernel/console.o
LOAD kernel/i8259.o
LOAD kernel/global.o
LOAD kernel/protect.o
LOAD kernel/proc.o
LOAD kernel/systask.o
LOAD kernel/hd.o
LOAD kernel/kliba.o
LOAD kernel/klib.o
LOAD lib/syslog.o
LOAD mm/main.o
LOAD mm/forkexit.o
LOAD mm/exec.o
LOAD mm/shell.o
LOAD fs/main.o
LOAD fs/open.o
LOAD fs/misc.o
LOAD fs/read_write.o
LOAD fs/link.o
LOAD fs/disklog.o
LOAD lib/orangescrt.a
                [!provide]                        PROVIDE (__executable_start, 0x8048000)
                0x0000000008048094                . = (0x8048000 + SIZEOF_HEADERS)

.interp
 *(.interp)

.note.gnu.build-id
 *(.note.gnu.build-id)

.hash
 *(.hash)

.gnu.hash
 *(.gnu.hash)

.dynsym
 *(.dynsym)

.dynstr
 *(.dynstr)

.gnu.version
 *(.gnu.version)

.gnu.version_d
 *(.gnu.version_d)

.gnu.version_r
 *(.gnu.version_r)

.rel.dyn        0x0000000008048094        0x0
 *(.rel.init)
 *(.rel.text .rel.text.* .rel.gnu.linkonce.t.*)
 .rel.text      0x0000000008048094        0x0 kernel/kernel.o
 *(.rel.fini)
 *(.rel.rodata .rel.rodata.* .rel.gnu.linkonce.r.*)
 *(.rel.data.rel.ro .rel.data.rel.ro.* .rel.gnu.linkonce.d.rel.ro.*)
 *(.rel.data .rel.data.* .rel.gnu.linkonce.d.*)
 .rel.data      0x0000000008048094        0x0 kernel/kernel.o
 *(.rel.tdata .rel.tdata.* .rel.gnu.linkonce.td.*)
 *(.rel.tbss .rel.tbss.* .rel.gnu.linkonce.tb.*)
 *(.rel.ctors)
 *(.rel.dtors)
 *(.rel.got)
 *(.rel.bss .rel.bss.* .rel.gnu.linkonce.b.*)
 *(.rel.ifunc)

.rel.plt        0x0000000008048094        0x0
 *(.rel.plt)
                [!provide]                        PROVIDE (__rel_iplt_start, .)
 *(.rel.iplt)
 .rel.iplt      0x0000000008048094        0x0 kernel/kernel.o
                [!provide]                        PROVIDE (__rel_iplt_end, .)

.init
 *(SORT(.init))

.plt            0x00000000080480a0        0x0
 *(.plt)
 *(.iplt)
 .iplt          0x00000000080480a0        0x0 kernel/kernel.o

.plt.got
 *(.plt.got)

.text           0x0000000000001000     0xe684
 *(.text.unlikely .text.*_unlikely .text.unlikely.*)
 *(.text.exit .text.exit.*)
 *(.text.startup .text.startup.*)
 *(.text.hot .text.hot.*)
 *(.text .stub .text.* .gnu.linkonce.t.*)
 .text          0x0000000000001000      0x410 kernel/kernel.o
                0x0000000000001000                _start
                0x0000000000001040                hwint00
                0x0000000000001070                hwint01
                0x00000000000010a0                hwint02
                0x00000000000010d0                hwint03
                0x0000000000001100                hwint04
                0x0000000000001130                hwint05
                0x0000000000001160                hwint06
                0x0000000000001190                hwint07
                0x00000000000011c0                hwint08
                0x00000000000011f0                hwint09
                0x0000000000001220                hwint10
                0x0000000000001250                hwint11
                0x0000000000001280                hwint12
                0x00000000000012b0                hwint13
                0x00000000000012e0                hwint14
                0x0000000000001310                hwint15
                0x0000000000001334                divide_error
                0x000000000000133a                single_step_exception
                0x0000000000001340                nmi
                0x0000000000001346                breakpoint_exception
                0x000000000000134c                overflow
                0x0000000000001352                bounds_check
                0x0000000000001358                inval_opcode
                0x000000000000135e                copr_not_available
                0x0000000000001364                double_fault
                0x0000000000001368                copr_seg_overrun
                0x000000000000136e                inval_tss
                0x0000000000001372                segment_not_present
                0x0000000000001376                stack_exception
                0x000000000000137a                general_protection
                0x000000000000137e                page_fault
                0x0000000000001382                copr_error
                0x00000000000013cb                sys_call
                0x00000000000013eb                restart
 .text          0x0000000000001410       0x95 kernel/start.o
                0x0000000000001410                cstart
 .text          0x00000000000014a5     0x1052 kernel/main.o
                0x00000000000014a5                kernel_main
                0x00000000000017c0                get_ticks
                0x00000000000017f4                untar
                0x0000000000001a00                shell_permission
                0x0000000000001a46                set_permission
                0x0000000000001a8c                add_permission
                0x0000000000001acc                clear_permission
                0x0000000000001b0c                shabby_shell
                0x0000000000001f62                permission_ls
                0x000000000000203b                test_cipher
                0x0000000000002247                set_cipherkey
                0x0000000000002297                Init
                0x000000000000249f                TestA
                0x00000000000024a4                TestB
                0x00000000000024a9                TestC
                0x00000000000024ae                panic
 .text          0x00000000000024f7      0x112 kernel/clock.o
                0x00000000000024f7                clock_handler
                0x0000000000002577                milli_delay
                0x00000000000025b1                init_clock
 .text          0x0000000000002609      0x77f kernel/keyboard.o
                0x0000000000002609                IsFlag
                0x00000000000026ae                keyboard_handler
                0x0000000000002718                init_keyboard
                0x00000000000027c7                keyboard_read
 .text          0x0000000000002d88     0x103c kernel/tty.o
                0x0000000000002d88                task_tty
                0x000000000000354e                in_process
                0x0000000000003ac4                sys_printx
                0x0000000000003c63                dump_tty_buf
 .text          0x0000000000003dc4       0xe2 kernel/logtask.o
                0x0000000000003dc4                task_log
 .text          0x0000000000003ea6      0xa99 kernel/monitortask.o
                0x0000000000003ea6                task_m
                0x00000000000045bd                rc4_init
                0x00000000000046d9                rc4_crypt
                0x00000000000047f0                cipher
 .text          0x000000000000493f      0x7ee kernel/console.o
                0x000000000000493f                init_screen
                0x0000000000004ab3                out_char
                0x0000000000004d90                is_current_console
                0x0000000000004e83                select_console
                0x0000000000004ec3                scroll_screen
                0x00000000000050e2                flush_cursor
 .text          0x000000000000512d      0x130 kernel/i8259.o
                0x000000000000512d                init_8259A
                0x0000000000005202                spurious_irq
                0x0000000000005239                put_irq_handler
 .text          0x000000000000525d        0x0 kernel/global.o
 .text          0x000000000000525d      0x65f kernel/protect.o
                0x000000000000525d                init_prot
                0x00000000000056c5                seg2linear
                0x0000000000005714                init_desc
                0x0000000000005781                exception_handler
 .text          0x00000000000058bc     0x186b kernel/proc.o
                0x00000000000058bc                schedule
                0x0000000000005948                sys_sendrec
                0x0000000000005a72                ldt_seg_linear
                0x0000000000005abc                va2la
                0x0000000000005b1d                reset_msg
                0x0000000000006902                inform_int
                0x0000000000006a72                dump_proc
                0x0000000000006dae                dump_msg
                0x0000000000006ebb                get_num
                0x0000000000006f2f                sys_check_stack
 .text          0x0000000000007127      0x332 kernel/systask.o
                0x0000000000007127                task_sys
 .text          0x0000000000007459      0xe1f kernel/hd.o
                0x0000000000007459                task_hd
                0x000000000000824d                hd_handler
 *fill*         0x0000000000008278        0x8 
 .text          0x0000000000008280      0x19a kernel/kliba.o
                0x0000000000008280                disp_str
                0x00000000000082be                disp_color_str
                0x00000000000082fd                out_byte
                0x0000000000008309                in_byte
                0x0000000000008313                port_read
                0x0000000000008326                port_write
                0x0000000000008339                disable_irq
                0x000000000000836e                enable_irq
                0x000000000000838d                disable_int
                0x000000000000838f                enable_int
                0x0000000000008391                glitter
 .text          0x000000000000841a      0x2af kernel/klib.o
                0x000000000000841a                get_boot_params
                0x00000000000084a0                get_kernel_map
                0x00000000000085b0                itoa
                0x000000000000865b                disp_int
                0x0000000000008682                delay
 .text          0x00000000000086c9      0x25d lib/syslog.o
                0x00000000000086c9                syslog
                0x0000000000008742                syslogWithStr
                0x0000000000008762                printLogTail
 .text          0x0000000000008926      0x1d2 mm/main.o
                0x0000000000008926                task_mm
                0x0000000000008a73                alloc_mem
                0x0000000000008aee                free_mem
 .text          0x0000000000008af8      0x772 mm/forkexit.o
                0x0000000000008af8                do_fork
                0x0000000000008e3f                do_exit
                0x0000000000008fb1                do_kill
                0x00000000000091b4                do_wait
 .text          0x000000000000926a      0x356 mm/exec.o
                0x000000000000926a                do_exec
 .text          0x00000000000095c0      0x26b mm/shell.o
                0x00000000000095c0                do_shell
                0x0000000000009733                initShell
                0x0000000000009753                changeCWD
                0x000000000000980f                getCWD
 .text          0x000000000000982b     0x12db fs/main.o
                0x000000000000982b                task_fs
                0x000000000000a2ea                rw_sector
                0x000000000000a383                rw_cipher
                0x000000000000a5cd                get_super_block
                0x000000000000a613                get_inode
                0x000000000000a776                get_inode_directly
                0x000000000000a7c1                count_surplus_inode_link
                0x000000000000a801                put_inode
                0x000000000000a83f                put_inodes_link
                0x000000000000a89a                sync_inode
                0x000000000000a999                sync_inode_link
 .text          0x000000000000ab06      0xd3a fs/open.o
                0x000000000000ab06                do_open
                0x000000000000aef8                do_mkdir
                0x000000000000b15f                do_close
                0x000000000000b1da                do_lseek
 .text          0x000000000000b840      0x747 fs/misc.o
                0x000000000000b840                do_stat
                0x000000000000ba5b                low_search_entry
                0x000000000000bb69                search_file
                0x000000000000bc27                do_List_Dir
                0x000000000000be81                strip_path
 .text          0x000000000000bf87      0x839 fs/read_write.o
                0x000000000000bf87                do_rdwt
 .text          0x000000000000c7c0      0x8fc fs/link.o
                0x000000000000c7c0                do_unlink
                0x000000000000d04c                getsize
 .text          0x000000000000d0bc      0xc40 fs/disklog.o
                0x000000000000d0bc                disklog
                0x000000000000d629                dump_fd_graph
 *fill*         0x000000000000dcfc        0x4 
 .text          0x000000000000dd00       0x30 lib/orangescrt.a(syscall.o)
                0x000000000000dd00                sendrec
                0x000000000000dd1a                printx
                0x000000000000dd28                check_stack
 .text          0x000000000000dd30       0xad lib/orangescrt.a(printf.o)
                0x000000000000dd30                printf
                0x000000000000dd9b                printl
 .text          0x000000000000dddd      0x305 lib/orangescrt.a(vsprintf.o)
                0x000000000000de3b                vsprintf
                0x000000000000e0bc                sprintf
 *fill*         0x000000000000e0e2        0xe 
 .text          0x000000000000e0f0       0x78 lib/orangescrt.a(string.o)
                0x000000000000e0f0                memcpy
                0x000000000000e119                memset
                0x000000000000e13a                strcpy
                0x000000000000e152                strlen
 .text          0x000000000000e168      0x800 lib/orangescrt.a(misc.o)
                0x000000000000e168                send_recv
                0x000000000000e222                memcmp
                0x000000000000e298                strcmp
                0x000000000000e30b                strcat
                0x000000000000e36a                spin
                0x000000000000e385                strchr
                0x000000000000e3b2                strtok
                0x000000000000e480                _strcpy
                0x000000000000e4bc                putchar_to_buffer
                0x000000000000e4e3                puts_to_buffer
                0x000000000000e510                putint_to_buffer
                0x000000000000e5ce                puthex_to_buffer
                0x000000000000e63a                _vsprintf
                0x000000000000e737                _sprintf
                0x000000000000e76a                _strncpy
                0x000000000000e7e3                memmove
                0x000000000000e85e                proc_memcpy
                0x000000000000e872                atoi
                0x000000000000e92f                assertion_failure
 .text          0x000000000000e968      0x19b lib/orangescrt.a(open.o)
                0x000000000000e968                open
                0x000000000000eaa0                mkdir
 .text          0x000000000000eb03       0x37 lib/orangescrt.a(read.o)
                0x000000000000eb03                read
 .text          0x000000000000eb3a       0x37 lib/orangescrt.a(write.o)
                0x000000000000eb3a                write
 .text          0x000000000000eb71       0x2b lib/orangescrt.a(close.o)
                0x000000000000eb71                close
 .text          0x000000000000eb9c       0x46 lib/orangescrt.a(getpid.o)
                0x000000000000eb9c                getpid
 .text          0x000000000000ebe2       0x63 lib/orangescrt.a(stat.o)
                0x000000000000ebe2                stat
 .text          0x000000000000ec45       0x66 lib/orangescrt.a(fork.o)
                0x000000000000ec45                fork
 .text          0x000000000000ecab       0x3c lib/orangescrt.a(wait.o)
                0x000000000000ecab                wait
 .text          0x000000000000ece7      0x2aa lib/orangescrt.a(exec.o)
                0x000000000000ece7                exec
                0x000000000000ed52                execl
                0x000000000000ed77                ret_permission
                0x000000000000edda                execv
 .text          0x000000000000ef91      0x29a lib/orangescrt.a(logfila.o)
                0x000000000000efad                lock
                0x000000000000efc7                unlock
                0x000000000000efd7                LogFuncEntry
                0x000000000000f127                AddLogWare
                0x000000000000f14f                DefaultLogHandler
                0x000000000000f16b                DiskLogHandler
                0x000000000000f1a5                InitLogWares
                0x000000000000f1fa                DisableLOGGING
                0x000000000000f20d                EnableLOGGING
                0x000000000000f21d                SwitchLogLevel
 .text          0x000000000000f22b      0x459 lib/orangescrt.a(shell.o)
                0x000000000000f22b                Init_Shell
                0x000000000000f26c                chdir
                0x000000000000f2c3                getcwd
                0x000000000000f2fc                extractExecDir
                0x000000000000f3a8                get_full_path
 *(.gnu.warning)

.fini
 *(SORT(.fini))
                [!provide]                        PROVIDE (__etext, .)
                [!provide]                        PROVIDE (_etext, .)
                [!provide]                        PROVIDE (etext, .)

.rodata         0x000000000000f6a0     0x2a25
 *(.rodata .rodata.* .gnu.linkonce.r.*)
 .rodata        0x000000000000f6a0       0x47 kernel/start.o
 *fill*         0x000000000000f6e7        0x1 
 .rodata        0x000000000000f6e8      0x380 kernel/main.o
 .rodata        0x000000000000fa68       0x64 kernel/keyboard.o
 .rodata        0x000000000000facc      0x1bc kernel/tty.o
 .rodata        0x000000000000fc88      0x2dc kernel/monitortask.o
 .rodata        0x000000000000ff64       0x5b kernel/console.o
 .rodata        0x000000000000ffbf       0x11 kernel/i8259.o
 .rodata        0x000000000000ffd0       0x14 kernel/global.o
                0x000000000000ffd0                FSBUF_SIZE
                0x000000000000ffd4                MMBUF_SIZE
                0x000000000000ffd8                LOGBUF_SIZE
                0x000000000000ffdc                LOGDISKBUF_SIZE
                0x000000000000ffe0                MBUF_SIZE
 *fill*         0x000000000000ffe4       0x1c 
 .rodata        0x0000000000010000      0x580 kernel/protect.o
 .rodata        0x0000000000010580      0x65e kernel/proc.o
 .rodata        0x0000000000010bde       0x11 kernel/systask.o
 *fill*         0x0000000000010bef        0x1 
 .rodata        0x0000000000010bf0      0x1df kernel/hd.o
 *fill*         0x0000000000010dcf        0x1 
 .rodata        0x0000000000010dd0       0x6a kernel/klib.o
 .rodata        0x0000000000010e3a      0x231 lib/syslog.o
 *fill*         0x000000000001106b        0x1 
 .rodata        0x000000000001106c       0xc9 mm/main.o
 *fill*         0x0000000000011135        0x3 
 .rodata        0x0000000000011138       0xeb mm/forkexit.o
 *fill*         0x0000000000011223        0x1 
 .rodata        0x0000000000011224       0xa4 mm/exec.o
 .rodata        0x00000000000112c8       0x3d mm/shell.o
 *fill*         0x0000000000011305        0x3 
 .rodata        0x0000000000011308      0x2d6 fs/main.o
 *fill*         0x00000000000115de        0x2 
 .rodata        0x00000000000115e0      0x165 fs/open.o
 *fill*         0x0000000000011745        0x3 
 .rodata        0x0000000000011748       0x74 fs/misc.o
 .rodata        0x00000000000117bc      0x191 fs/read_write.o
 *fill*         0x000000000001194d        0x3 
 .rodata        0x0000000000011950      0x1b5 fs/link.o
 *fill*         0x0000000000011b05        0x3 
 .rodata        0x0000000000011b08      0x2cf fs/disklog.o
 .rodata        0x0000000000011dd7       0x14 lib/orangescrt.a(printf.o)
 *fill*         0x0000000000011deb        0x1 
 .rodata        0x0000000000011dec       0xbd lib/orangescrt.a(misc.o)
 .rodata        0x0000000000011ea9       0x51 lib/orangescrt.a(open.o)
 .rodata        0x0000000000011efa       0x25 lib/orangescrt.a(getpid.o)
 .rodata        0x0000000000011f1f       0x23 lib/orangescrt.a(stat.o)
 .rodata        0x0000000000011f42       0x33 lib/orangescrt.a(fork.o)
 *fill*         0x0000000000011f75        0x3 
 .rodata        0x0000000000011f78       0xc0 lib/orangescrt.a(exec.o)
 .rodata        0x0000000000012038       0x56 lib/orangescrt.a(logfila.o)
 .rodata        0x000000000001208e       0x37 lib/orangescrt.a(shell.o)

.rodata1
 *(.rodata1)

.eh_frame_hdr
 *(.eh_frame_hdr)
 *(.eh_frame_entry .eh_frame_entry.*)

.eh_frame       0x00000000000120c8     0x1c98
 *(.eh_frame)
 .eh_frame      0x00000000000120c8       0x38 kernel/start.o
 .eh_frame      0x0000000000012100      0x1f0 kernel/main.o
                                        0x208 (size before relaxing)
 .eh_frame      0x00000000000122f0       0x60 kernel/clock.o
                                         0x78 (size before relaxing)
 .eh_frame      0x0000000000012350      0x100 kernel/keyboard.o
                                        0x118 (size before relaxing)
 .eh_frame      0x0000000000012450      0x1c0 kernel/tty.o
                                        0x1d8 (size before relaxing)
 .eh_frame      0x0000000000012610       0x20 kernel/logtask.o
                                         0x38 (size before relaxing)
 .eh_frame      0x0000000000012630      0x1bc kernel/monitortask.o
                                        0x1d4 (size before relaxing)
 .eh_frame      0x00000000000127ec      0x164 kernel/console.o
                                        0x17c (size before relaxing)
 .eh_frame      0x0000000000012950       0x60 kernel/i8259.o
                                         0x78 (size before relaxing)
 .eh_frame      0x00000000000129b0       0xb0 kernel/protect.o
                                         0xc8 (size before relaxing)
 .eh_frame      0x0000000000012a60      0x1f8 kernel/proc.o
                                        0x210 (size before relaxing)
 .eh_frame      0x0000000000012c58       0x5c kernel/systask.o
                                         0x74 (size before relaxing)
 .eh_frame      0x0000000000012cb4      0x1f0 kernel/hd.o
                                        0x208 (size before relaxing)
 .eh_frame      0x0000000000012ea4       0xa0 kernel/klib.o
                                         0xb8 (size before relaxing)
 .eh_frame      0x0000000000012f44       0x6c lib/syslog.o
                                         0x84 (size before relaxing)
 .eh_frame      0x0000000000012fb0       0x7c mm/main.o
                                         0x94 (size before relaxing)
 .eh_frame      0x000000000001302c       0xb0 mm/forkexit.o
                                         0xc8 (size before relaxing)
 .eh_frame      0x00000000000130dc       0x2c mm/exec.o
                                         0x44 (size before relaxing)
 .eh_frame      0x0000000000013108       0x84 mm/shell.o
                                         0x9c (size before relaxing)
 .eh_frame      0x000000000001318c      0x214 fs/main.o
                                        0x22c (size before relaxing)
 .eh_frame      0x00000000000133a0      0x188 fs/open.o
                                        0x1a0 (size before relaxing)
 .eh_frame      0x0000000000013528       0xb4 fs/misc.o
                                         0xcc (size before relaxing)
 .eh_frame      0x00000000000135dc       0x30 fs/read_write.o
                                         0x48 (size before relaxing)
 .eh_frame      0x000000000001360c       0x4c fs/link.o
                                         0x64 (size before relaxing)
 .eh_frame      0x0000000000013658       0x60 fs/disklog.o
                                         0x78 (size before relaxing)
 .eh_frame      0x00000000000136b8       0x40 lib/orangescrt.a(printf.o)
                                         0x58 (size before relaxing)
 .eh_frame      0x00000000000136f8       0x60 lib/orangescrt.a(vsprintf.o)
                                         0x78 (size before relaxing)
 .eh_frame      0x0000000000013758      0x260 lib/orangescrt.a(misc.o)
                                        0x278 (size before relaxing)
 .eh_frame      0x00000000000139b8       0x40 lib/orangescrt.a(open.o)
                                         0x58 (size before relaxing)
 .eh_frame      0x00000000000139f8       0x20 lib/orangescrt.a(read.o)
                                         0x38 (size before relaxing)
 .eh_frame      0x0000000000013a18       0x20 lib/orangescrt.a(write.o)
                                         0x38 (size before relaxing)
 .eh_frame      0x0000000000013a38       0x20 lib/orangescrt.a(close.o)
                                         0x38 (size before relaxing)
 .eh_frame      0x0000000000013a58       0x20 lib/orangescrt.a(getpid.o)
                                         0x38 (size before relaxing)
 .eh_frame      0x0000000000013a78       0x20 lib/orangescrt.a(stat.o)
                                         0x38 (size before relaxing)
 .eh_frame      0x0000000000013a98       0x20 lib/orangescrt.a(fork.o)
                                         0x38 (size before relaxing)
 .eh_frame      0x0000000000013ab8       0x20 lib/orangescrt.a(wait.o)
                                         0x38 (size before relaxing)
 .eh_frame      0x0000000000013ad8       0x80 lib/orangescrt.a(exec.o)
                                         0x98 (size before relaxing)
 .eh_frame      0x0000000000013b58      0x164 lib/orangescrt.a(logfila.o)
                                        0x17c (size before relaxing)
 .eh_frame      0x0000000000013cbc       0xa4 lib/orangescrt.a(shell.o)
                                         0xbc (size before relaxing)
 *(.eh_frame.*)

.gcc_except_table
 *(.gcc_except_table .gcc_except_table.*)

.gnu_extab
 *(.gnu_extab*)

.exception_ranges
 *(.exception_ranges .exception_ranges*)
                0x0000000000014000                . = DATA_SEGMENT_ALIGN (0x1000, 0x1000)

.eh_frame
 *(.eh_frame)
 *(.eh_frame.*)

.gnu_extab
 *(.gnu_extab)

.gcc_except_table
 *(.gcc_except_table .gcc_except_table.*)

.exception_ranges
 *(.exception_ranges .exception_ranges*)

.tdata
 *(.tdata .tdata.* .gnu.linkonce.td.*)

.tbss
 *(.tbss .tbss.* .gnu.linkonce.tb.*)
 *(.tcommon)

.preinit_array  0x0000000000014000        0x0
                [!provide]                        PROVIDE (__preinit_array_start, .)
 *(.preinit_array)
                [!provide]                        PROVIDE (__preinit_array_end, .)

.init_array     0x0000000000014000        0x0
                [!provide]                        PROVIDE (__init_array_start, .)
 *(SORT(.init_array.*) SORT(.ctors.*))
 *(.init_array EXCLUDE_FILE(*crtend?.o *crtend.o *crtbegin?.o *crtbegin.o) .ctors)
                [!provide]                        PROVIDE (__init_array_end, .)

.fini_array     0x0000000000014000        0x0
                [!provide]                        PROVIDE (__fini_array_start, .)
 *(SORT(.fini_array.*) SORT(.dtors.*))
 *(.fini_array EXCLUDE_FILE(*crtend?.o *crtend.o *crtbegin?.o *crtbegin.o) .dtors)
                [!provide]                        PROVIDE (__fini_array_end, .)

.ctors
 *crtbegin.o(.ctors)
 *crtbegin?.o(.ctors)
 *(EXCLUDE_FILE(*crtend?.o *crtend.o) .ctors)
 *(SORT(.ctors.*))
 *(.ctors)

.dtors
 *crtbegin.o(.dtors)
 *crtbegin?.o(.dtors)
 *(EXCLUDE_FILE(*crtend?.o *crtend.o) .dtors)
 *(SORT(.dtors.*))
 *(.dtors)

.jcr
 *(.jcr)

.data.rel.ro
 *(.data.rel.ro.local* .gnu.linkonce.d.rel.ro.local.*)
 *(.data.rel.ro .data.rel.ro.* .gnu.linkonce.d.rel.ro.*)

.dynamic
 *(.dynamic)

.got
 *(.got)
 *(.igot)
                0x0000000000014000                . = DATA_SEGMENT_RELRO_END (., (SIZEOF (.got.plt) >= 0xc)?0xc:0x0)

.got.plt        0x0000000000014000        0x0
 *(.got.plt)
 *(.igot.plt)
 .igot.plt      0x0000000000014000        0x0 kernel/kernel.o

.data           0x0000000000014000      0x9a8
 *(.data .data.* .gnu.linkonce.d.*)
 .data          0x0000000000014000        0x2 kernel/kernel.o
 .data          0x0000000000014002        0x0 kernel/start.o
 .data          0x0000000000014002        0x0 kernel/main.o
 .data          0x0000000000014002        0x0 kernel/clock.o
 *fill*         0x0000000000014002       0x1e 
 .data          0x0000000000014020      0x600 kernel/keyboard.o
                0x0000000000014020                keymap
 .data          0x0000000000014620       0x42 kernel/tty.o
 .data          0x0000000000014662        0x0 kernel/logtask.o
 *fill*         0x0000000000014662       0x1e 
 .data          0x0000000000014680      0x100 kernel/monitortask.o
 .data          0x0000000000014780        0x0 kernel/console.o
 .data          0x0000000000014780        0x0 kernel/i8259.o
 .data          0x0000000000014780      0x200 kernel/global.o
                0x0000000000014780                task_table
                0x00000000000148a0                user_proc_table
                0x0000000000014940                sys_call_table
                0x0000000000014950                dd_map
                0x0000000000014968                fsbuf
                0x000000000001496c                mmbuf
                0x0000000000014970                logbuf
                0x0000000000014974                logdiskbuf
                0x0000000000014978                mbuf
                0x000000000001497c                mbuf2
 .data          0x0000000000014980        0x0 kernel/protect.o
 .data          0x0000000000014980        0x0 kernel/proc.o
 .data          0x0000000000014980        0x0 kernel/systask.o
 .data          0x0000000000014980        0x0 kernel/hd.o
 .data          0x0000000000014980        0x0 kernel/klib.o
 .data          0x0000000000014980        0x0 lib/syslog.o
 .data          0x0000000000014980        0x0 mm/main.o
 .data          0x0000000000014980        0x0 mm/forkexit.o
 .data          0x0000000000014980        0x0 mm/exec.o
 .data          0x0000000000014980        0x0 mm/shell.o
 .data          0x0000000000014980        0x0 fs/main.o
 .data          0x0000000000014980        0x0 fs/open.o
 .data          0x0000000000014980        0x4 fs/misc.o
                0x0000000000014980                last_query_dev
 .data          0x0000000000014984        0x0 fs/read_write.o
 .data          0x0000000000014984        0x0 fs/link.o
 .data          0x0000000000014984        0x0 fs/disklog.o
 .data          0x0000000000014984        0x0 lib/orangescrt.a(printf.o)
 .data          0x0000000000014984        0x0 lib/orangescrt.a(vsprintf.o)
 .data          0x0000000000014984        0x0 lib/orangescrt.a(misc.o)
 .data          0x0000000000014984        0x0 lib/orangescrt.a(open.o)
 .data          0x0000000000014984        0x0 lib/orangescrt.a(read.o)
 .data          0x0000000000014984        0x0 lib/orangescrt.a(write.o)
 .data          0x0000000000014984        0x0 lib/orangescrt.a(close.o)
 .data          0x0000000000014984        0x0 lib/orangescrt.a(getpid.o)
 .data          0x0000000000014984        0x0 lib/orangescrt.a(stat.o)
 .data          0x0000000000014984        0x0 lib/orangescrt.a(fork.o)
 .data          0x0000000000014984        0x0 lib/orangescrt.a(wait.o)
 .data          0x0000000000014984        0x0 lib/orangescrt.a(exec.o)
 .data          0x0000000000014984       0x24 lib/orangescrt.a(logfila.o)
                0x000000000001498c                LogLevelStrings
 .data          0x00000000000149a8        0x0 lib/orangescrt.a(shell.o)

.data1
 *(.data1)
                0x00000000000149a8                _edata = .
                [!provide]                        PROVIDE (edata, .)
                0x00000000000149a8                . = .
                0x00000000000149a8                __bss_start = .

.bss            0x00000000000149c0    0x623b8
 *(.dynbss)
 *(.bss .bss.* .gnu.linkonce.b.*)
 .bss           0x00000000000149c0      0x800 kernel/kernel.o
 .bss           0x00000000000151c0        0x0 kernel/start.o
 .bss           0x00000000000151c0        0x0 kernel/main.o
 .bss           0x00000000000151c0        0x0 kernel/clock.o
 .bss           0x00000000000151c0       0x58 kernel/keyboard.o
 .bss           0x0000000000015218        0x4 kernel/tty.o
 .bss           0x000000000001521c        0x0 kernel/logtask.o
 *fill*         0x000000000001521c        0x4 
 .bss           0x0000000000015220     0x2900 kernel/monitortask.o
 .bss           0x0000000000017b20        0x0 kernel/console.o
 .bss           0x0000000000017b20        0x0 kernel/i8259.o
 .bss           0x0000000000017b20        0x0 kernel/global.o
 .bss           0x0000000000017b20        0x0 kernel/protect.o
 .bss           0x0000000000017b20        0x0 kernel/proc.o
 .bss           0x0000000000017b20        0x0 kernel/systask.o
 .bss           0x0000000000017b20      0x64c kernel/hd.o
 .bss           0x000000000001816c        0x0 kernel/klib.o
 .bss           0x000000000001816c        0x4 lib/syslog.o
 .bss           0x0000000000018170        0x0 mm/main.o
 .bss           0x0000000000018170        0x0 mm/forkexit.o
 .bss           0x0000000000018170        0x0 mm/exec.o
 .bss           0x0000000000018170        0x0 mm/shell.o
 .bss           0x0000000000018170        0x0 fs/main.o
 .bss           0x0000000000018170        0x0 fs/open.o
 .bss           0x0000000000018170        0x0 fs/misc.o
 .bss           0x0000000000018170        0x0 fs/read_write.o
 .bss           0x0000000000018170        0x0 fs/link.o
 .bss           0x0000000000018170        0x8 fs/disklog.o
 .bss           0x0000000000018178        0x0 lib/orangescrt.a(printf.o)
 .bss           0x0000000000018178        0x0 lib/orangescrt.a(vsprintf.o)
 .bss           0x0000000000018178        0x4 lib/orangescrt.a(misc.o)
 .bss           0x000000000001817c        0x0 lib/orangescrt.a(open.o)
 .bss           0x000000000001817c        0x0 lib/orangescrt.a(read.o)
 .bss           0x000000000001817c        0x0 lib/orangescrt.a(write.o)
 .bss           0x000000000001817c        0x0 lib/orangescrt.a(close.o)
 .bss           0x000000000001817c        0x0 lib/orangescrt.a(getpid.o)
 .bss           0x000000000001817c        0x0 lib/orangescrt.a(stat.o)
 .bss           0x000000000001817c        0x0 lib/orangescrt.a(fork.o)
 .bss           0x000000000001817c        0x0 lib/orangescrt.a(wait.o)
 .bss           0x000000000001817c        0x0 lib/orangescrt.a(exec.o)
 *fill*         0x000000000001817c        0x4 
 .bss           0x0000000000018180       0x28 lib/orangescrt.a(logfila.o)
 .bss           0x00000000000181a8        0x0 lib/orangescrt.a(shell.o)
 *(COMMON)
 *fill*         0x00000000000181a8       0x18 
 COMMON         0x00000000000181c0    0x5eba8 kernel/global.o
                0x00000000000181c0                idt_ptr
                0x00000000000181e0                inode_table
                0x0000000000018ce0                task_stack
                0x0000000000070ce0                k_reenter
                0x0000000000070d00                gdt
                0x0000000000071100                current_console
                0x0000000000071104                pcaller
                0x0000000000071120                tty_table
                0x0000000000071da0                tss
                0x0000000000071e20                fs_msg
                0x0000000000071e50                memory_size
                0x0000000000071e60                f_desc_table
                0x0000000000072360                root_inode
                0x0000000000072364                disp_pos
                0x0000000000072380                mm_msg
                0x00000000000723c0                Working_Directory
                0x0000000000072440                key_pressed
                0x0000000000072444                gdt_ptr
                0x0000000000072460                idt
                0x0000000000072c60                super_block
                0x0000000000072e40                ticks
                0x0000000000072e60                m_msg
                0x0000000000072ea0                console_table
                0x0000000000072ee0                irq_table
                0x0000000000072f20                p_proc_ready
                0x0000000000072f40                proc_table
 COMMON         0x0000000000076d68       0x10 kernel/hd.o
                0x0000000000076d68                PARTITION_ENTRY
                0x0000000000076d78                . = ALIGN ((. != 0x0)?0x4:0x1)
                0x0000000000076d78                . = ALIGN (0x4)
                0x0000000000076d78                . = SEGMENT_START ("ldata-segment", .)
                0x0000000000076d78                . = ALIGN (0x4)
                0x0000000000076d78                _end = .
                [!provide]                        PROVIDE (end, .)
                0x0000000000076d78                . = DATA_SEGMENT_END (.)

.stab
 *(.stab)

.stabstr
 *(.stabstr)

.stab.excl
 *(.stab.excl)

.stab.exclstr
 *(.stab.exclstr)

.stab.index
 *(.stab.index)

.stab.indexstr
 *(.stab.indexstr)

.comment        0x0000000000000000       0x35
 *(.comment)
 .comment       0x0000000000000000       0x35 kernel/start.o
                                         0x36 (size before relaxing)
 .comment       0x0000000000000035       0x36 kernel/main.o
 .comment       0x0000000000000035       0x36 kernel/clock.o
 .comment       0x0000000000000035       0x36 kernel/keyboard.o
 .comment       0x0000000000000035       0x36 kernel/tty.o
 .comment       0x0000000000000035       0x36 kernel/logtask.o
 .comment       0x0000000000000035       0x36 kernel/monitortask.o
 .comment       0x0000000000000035       0x36 kernel/console.o
 .comment       0x0000000000000035       0x36 kernel/i8259.o
 .comment       0x0000000000000035       0x36 kernel/global.o
 .comment       0x0000000000000035       0x36 kernel/protect.o
 .comment       0x0000000000000035       0x36 kernel/proc.o
 .comment       0x0000000000000035       0x36 kernel/systask.o
 .comment       0x0000000000000035       0x36 kernel/hd.o
 .comment       0x0000000000000035       0x36 kernel/klib.o
 .comment       0x0000000000000035       0x36 lib/syslog.o
 .comment       0x0000000000000035       0x36 mm/main.o
 .comment       0x0000000000000035       0x36 mm/forkexit.o
 .comment       0x0000000000000035       0x36 mm/exec.o
 .comment       0x0000000000000035       0x36 mm/shell.o
 .comment       0x0000000000000035       0x36 fs/main.o
 .comment       0x0000000000000035       0x36 fs/open.o
 .comment       0x0000000000000035       0x36 fs/misc.o
 .comment       0x0000000000000035       0x36 fs/read_write.o
 .comment       0x0000000000000035       0x36 fs/link.o
 .comment       0x0000000000000035       0x36 fs/disklog.o
 .comment       0x0000000000000035       0x36 lib/orangescrt.a(printf.o)
 .comment       0x0000000000000035       0x36 lib/orangescrt.a(vsprintf.o)
 .comment       0x0000000000000035       0x36 lib/orangescrt.a(misc.o)
 .comment       0x0000000000000035       0x36 lib/orangescrt.a(open.o)
 .comment       0x0000000000000035       0x36 lib/orangescrt.a(read.o)
 .comment       0x0000000000000035       0x36 lib/orangescrt.a(write.o)
 .comment       0x0000000000000035       0x36 lib/orangescrt.a(close.o)
 .comment       0x0000000000000035       0x36 lib/orangescrt.a(getpid.o)
 .comment       0x0000000000000035       0x36 lib/orangescrt.a(stat.o)
 .comment       0x0000000000000035       0x36 lib/orangescrt.a(fork.o)
 .comment       0x0000000000000035       0x36 lib/orangescrt.a(wait.o)
 .comment       0x0000000000000035       0x36 lib/orangescrt.a(exec.o)
 .comment       0x0000000000000035       0x36 lib/orangescrt.a(logfila.o)
 .comment       0x0000000000000035       0x36 lib/orangescrt.a(shell.o)

.debug
 *(.debug)

.line
 *(.line)

.debug_srcinfo
 *(.debug_srcinfo)

.debug_sfnames
 *(.debug_sfnames)

.debug_aranges
 *(.debug_aranges)

.debug_pubnames
 *(.debug_pubnames)

.debug_info
 *(.debug_info .gnu.linkonce.wi.*)

.debug_abbrev
 *(.debug_abbrev)

.debug_line
 *(.debug_line .debug_line.* .debug_line_end)

.debug_frame
 *(.debug_frame)

.debug_str
 *(.debug_str)

.debug_loc
 *(.debug_loc)

.debug_macinfo
 *(.debug_macinfo)

.debug_weaknames
 *(.debug_weaknames)

.debug_funcnames
 *(.debug_funcnames)

.debug_typenames
 *(.debug_typenames)

.debug_varnames
 *(.debug_varnames)

.debug_pubtypes
 *(.debug_pubtypes)

.debug_ranges
 *(.debug_ranges)

.debug_macro
 *(.debug_macro)

.gnu.attributes
 *(.gnu.attributes)

/DISCARD/
 *(.note.GNU-stack)
 *(.gnu_debuglink)
 *(.gnu.lto_*)
OUTPUT(kernel.bin elf32-i386)
