Archive member included to satisfy reference by file (symbol)

lib/orangescrt.a(syscall.o)   lib/syslog.o (printx)
lib/orangescrt.a(printf.o)    kernel/main.o (printf)
lib/orangescrt.a(vsprintf.o)  kernel/main.o (vsprintf)
lib/orangescrt.a(string.o)    kernel/start.o (memcpy)
lib/orangescrt.a(misc.o)      kernel/main.o (send_recv)
lib/orangescrt.a(open.o)      kernel/main.o (open)
lib/orangescrt.a(read.o)      kernel/main.o (read)
lib/orangescrt.a(write.o)     kernel/main.o (write)
lib/orangescrt.a(close.o)     kernel/main.o (close)
lib/orangescrt.a(getpid.o)    kernel/main.o (getpid)
lib/orangescrt.a(stat.o)      mm/exec.o (stat)
lib/orangescrt.a(fork.o)      kernel/main.o (fork)
lib/orangescrt.a(wait.o)      kernel/main.o (wait)
lib/orangescrt.a(exec.o)      kernel/main.o (execv)
lib/orangescrt.a(logfila.o)   kernel/tty.o (LogFuncEntry)
lib/orangescrt.a(shell.o)     kernel/main.o (Init_Shell)
lib/orangescrt.a(cipher.o)    kernel/monitortask.o (cipher)

Allocating common symbols
Common symbol       size              file

idt_ptr             0x6               kernel/global.o
inode_table         0xb00             kernel/global.o
task_stack          0x58000           kernel/global.o
k_reenter           0x4               kernel/global.o
permission_map      0x2700            kernel/global.o
gdt                 0x400             kernel/global.o
current_console     0x4               kernel/global.o
pcaller             0x4               kernel/global.o
tty_table           0xc6c             kernel/global.o
tss                 0x68              kernel/global.o
fs_msg              0x30              kernel/global.o
memory_size         0x4               kernel/global.o
f_desc_table        0x500             kernel/global.o
root_inode          0x4               kernel/global.o
disp_pos            0x4               kernel/global.o
mm_msg              0x30              kernel/global.o
Working_Directory   0x80              kernel/global.o
key_pressed         0x4               kernel/global.o
gdt_ptr             0x6               kernel/global.o
idt                 0x800             kernel/global.o
super_block         0x1e0             kernel/global.o
PARTITION_ENTRY     0x10              kernel/hd.o
ticks               0x4               kernel/global.o
m_msg               0x30              kernel/global.o
console_table       0x3c              kernel/global.o
irq_table           0x40              kernel/global.o
p_proc_ready        0x4               kernel/global.o
proc_table          0x3e28            kernel/global.o

Discarded input sections

 .note.GNU-stack
                0x0000000000000000        0x0 kernel/start.o
 .note.GNU-stack
                0x0000000000000000        0x0 kernel/main.o
 .note.GNU-stack
                0x0000000000000000        0x0 kernel/clock.o
 .note.GNU-stack
                0x0000000000000000        0x0 kernel/keyboard.o
 .note.GNU-stack
                0x0000000000000000        0x0 kernel/tty.o
 .note.GNU-stack
                0x0000000000000000        0x0 kernel/logtask.o
 .note.GNU-stack
                0x0000000000000000        0x0 kernel/monitortask.o
 .note.GNU-stack
                0x0000000000000000        0x0 kernel/console.o
 .note.GNU-stack
                0x0000000000000000        0x0 kernel/i8259.o
 .note.GNU-stack
                0x0000000000000000        0x0 kernel/global.o
 .note.GNU-stack
                0x0000000000000000        0x0 kernel/protect.o
 .note.GNU-stack
                0x0000000000000000        0x0 kernel/proc.o
 .note.GNU-stack
                0x0000000000000000        0x0 kernel/systask.o
 .note.GNU-stack
                0x0000000000000000        0x0 kernel/hd.o
 .note.GNU-stack
                0x0000000000000000        0x0 kernel/klib.o
 .note.GNU-stack
                0x0000000000000000        0x0 lib/syslog.o
 .note.GNU-stack
                0x0000000000000000        0x0 mm/main.o
 .note.GNU-stack
                0x0000000000000000        0x0 mm/forkexit.o
 .note.GNU-stack
                0x0000000000000000        0x0 mm/exec.o
 .note.GNU-stack
                0x0000000000000000        0x0 mm/shell.o
 .note.GNU-stack
                0x0000000000000000        0x0 fs/main.o
 .note.GNU-stack
                0x0000000000000000        0x0 fs/open.o
 .note.GNU-stack
                0x0000000000000000        0x0 fs/misc.o
 .note.GNU-stack
                0x0000000000000000        0x0 fs/read_write.o
 .note.GNU-stack
                0x0000000000000000        0x0 fs/link.o
 .note.GNU-stack
                0x0000000000000000        0x0 fs/disklog.o
 .note.GNU-stack
                0x0000000000000000        0x0 lib/orangescrt.a(printf.o)
 .note.GNU-stack
                0x0000000000000000        0x0 lib/orangescrt.a(vsprintf.o)
 .note.GNU-stack
                0x0000000000000000        0x0 lib/orangescrt.a(misc.o)
 .note.GNU-stack
                0x0000000000000000        0x0 lib/orangescrt.a(open.o)
 .note.GNU-stack
                0x0000000000000000        0x0 lib/orangescrt.a(read.o)
 .note.GNU-stack
                0x0000000000000000        0x0 lib/orangescrt.a(write.o)
 .note.GNU-stack
                0x0000000000000000        0x0 lib/orangescrt.a(close.o)
 .note.GNU-stack
                0x0000000000000000        0x0 lib/orangescrt.a(getpid.o)
 .note.GNU-stack
                0x0000000000000000        0x0 lib/orangescrt.a(stat.o)
 .note.GNU-stack
                0x0000000000000000        0x0 lib/orangescrt.a(fork.o)
 .note.GNU-stack
                0x0000000000000000        0x0 lib/orangescrt.a(wait.o)
 .note.GNU-stack
                0x0000000000000000        0x0 lib/orangescrt.a(exec.o)
 .note.GNU-stack
                0x0000000000000000        0x0 lib/orangescrt.a(logfila.o)
 .note.GNU-stack
                0x0000000000000000        0x0 lib/orangescrt.a(shell.o)
 .note.GNU-stack
                0x0000000000000000        0x0 lib/orangescrt.a(cipher.o)

Memory Configuration

Name             Origin             Length             Attributes
*default*        0x0000000000000000 0xffffffffffffffff

Linker script and memory map

Address of section .text set to 0x1000
LOAD kernel/kernel.o
LOAD kernel/start.o
LOAD kernel/main.o
LOAD kernel/clock.o
LOAD kernel/keyboard.o
LOAD kernel/tty.o
LOAD kernel/logtask.o
LOAD kernel/monitortask.o
LOAD kernel/console.o
LOAD kernel/i8259.o
LOAD kernel/global.o
LOAD kernel/protect.o
LOAD kernel/proc.o
LOAD kernel/systask.o
LOAD kernel/hd.o
LOAD kernel/kliba.o
LOAD kernel/klib.o
LOAD lib/syslog.o
LOAD mm/main.o
LOAD mm/forkexit.o
LOAD mm/exec.o
LOAD mm/shell.o
LOAD fs/main.o
LOAD fs/open.o
LOAD fs/misc.o
LOAD fs/read_write.o
LOAD fs/link.o
LOAD fs/disklog.o
LOAD lib/orangescrt.a
                [!provide]                        PROVIDE (__executable_start, 0x8048000)
                0x0000000008048094                . = (0x8048000 + SIZEOF_HEADERS)

.interp
 *(.interp)

.note.gnu.build-id
 *(.note.gnu.build-id)

.hash
 *(.hash)

.gnu.hash
 *(.gnu.hash)

.dynsym
 *(.dynsym)

.dynstr
 *(.dynstr)

.gnu.version
 *(.gnu.version)

.gnu.version_d
 *(.gnu.version_d)

.gnu.version_r
 *(.gnu.version_r)

.rel.dyn        0x0000000008048094        0x0
 *(.rel.init)
 *(.rel.text .rel.text.* .rel.gnu.linkonce.t.*)
 .rel.text      0x0000000008048094        0x0 kernel/kernel.o
 *(.rel.fini)
 *(.rel.rodata .rel.rodata.* .rel.gnu.linkonce.r.*)
 *(.rel.data.rel.ro .rel.data.rel.ro.* .rel.gnu.linkonce.d.rel.ro.*)
 *(.rel.data .rel.data.* .rel.gnu.linkonce.d.*)
 .rel.data      0x0000000008048094        0x0 kernel/kernel.o
 *(.rel.tdata .rel.tdata.* .rel.gnu.linkonce.td.*)
 *(.rel.tbss .rel.tbss.* .rel.gnu.linkonce.tb.*)
 *(.rel.ctors)
 *(.rel.dtors)
 *(.rel.got)
 *(.rel.bss .rel.bss.* .rel.gnu.linkonce.b.*)
 *(.rel.ifunc)

.rel.plt        0x0000000008048094        0x0
 *(.rel.plt)
                [!provide]                        PROVIDE (__rel_iplt_start, .)
 *(.rel.iplt)
 .rel.iplt      0x0000000008048094        0x0 kernel/kernel.o
                [!provide]                        PROVIDE (__rel_iplt_end, .)

.init
 *(SORT(.init))

.plt            0x00000000080480a0        0x0
 *(.plt)
 *(.iplt)
 .iplt          0x00000000080480a0        0x0 kernel/kernel.o

.plt.got
 *(.plt.got)

.text           0x0000000000001000     0xe280
 *(.text.unlikely .text.*_unlikely .text.unlikely.*)
 *(.text.exit .text.exit.*)
 *(.text.startup .text.startup.*)
 *(.text.hot .text.hot.*)
 *(.text .stub .text.* .gnu.linkonce.t.*)
 .text          0x0000000000001000      0x410 kernel/kernel.o
                0x0000000000001000                _start
                0x0000000000001040                hwint00
                0x0000000000001070                hwint01
                0x00000000000010a0                hwint02
                0x00000000000010d0                hwint03
                0x0000000000001100                hwint04
                0x0000000000001130                hwint05
                0x0000000000001160                hwint06
                0x0000000000001190                hwint07
                0x00000000000011c0                hwint08
                0x00000000000011f0                hwint09
                0x0000000000001220                hwint10
                0x0000000000001250                hwint11
                0x0000000000001280                hwint12
                0x00000000000012b0                hwint13
                0x00000000000012e0                hwint14
                0x0000000000001310                hwint15
                0x0000000000001334                divide_error
                0x000000000000133a                single_step_exception
                0x0000000000001340                nmi
                0x0000000000001346                breakpoint_exception
                0x000000000000134c                overflow
                0x0000000000001352                bounds_check
                0x0000000000001358                inval_opcode
                0x000000000000135e                copr_not_available
                0x0000000000001364                double_fault
                0x0000000000001368                copr_seg_overrun
                0x000000000000136e                inval_tss
                0x0000000000001372                segment_not_present
                0x0000000000001376                stack_exception
                0x000000000000137a                general_protection
                0x000000000000137e                page_fault
                0x0000000000001382                copr_error
                0x00000000000013cb                sys_call
                0x00000000000013eb                restart
 .text          0x0000000000001410       0x95 kernel/start.o
                0x0000000000001410                cstart
 .text          0x00000000000014a5     0x1177 kernel/main.o
                0x00000000000014a5                kernel_main
                0x00000000000017c0                get_ticks
                0x00000000000017f4                untar
                0x0000000000001a00                shell_permission
                0x0000000000001a46                set_permission
                0x0000000000001a8c                add_permission
                0x0000000000001acc                clear_permission
                0x0000000000001b0c                shabby_shell
                0x0000000000001f62                permission_ls
                0x000000000000203b                test_cipher
                0x0000000000002247                Init
                0x00000000000025c4                TestA
                0x00000000000025c9                TestB
                0x00000000000025ce                TestC
                0x00000000000025d3                panic
 .text          0x000000000000261c      0x10d kernel/clock.o
                0x000000000000261c                clock_handler
                0x0000000000002697                milli_delay
                0x00000000000026d1                init_clock
 .text          0x0000000000002729      0x77f kernel/keyboard.o
                0x0000000000002729                IsFlag
                0x00000000000027ce                keyboard_handler
                0x0000000000002838                init_keyboard
                0x00000000000028e7                keyboard_read
 .text          0x0000000000002ea8     0x103c kernel/tty.o
                0x0000000000002ea8                task_tty
                0x000000000000366e                in_process
                0x0000000000003be4                sys_printx
                0x0000000000003d83                dump_tty_buf
 .text          0x0000000000003ee4       0xe2 kernel/logtask.o
                0x0000000000003ee4                task_log
 .text          0x0000000000003fc6      0x682 kernel/monitortask.o
                0x0000000000003fc6                task_m1
                0x0000000000003fcb                task_m
 .text          0x0000000000004648      0x7ee kernel/console.o
                0x0000000000004648                init_screen
                0x00000000000047bc                out_char
                0x0000000000004a99                is_current_console
                0x0000000000004b8c                select_console
                0x0000000000004bcc                scroll_screen
                0x0000000000004deb                flush_cursor
 .text          0x0000000000004e36      0x130 kernel/i8259.o
                0x0000000000004e36                init_8259A
                0x0000000000004f0b                spurious_irq
                0x0000000000004f42                put_irq_handler
 .text          0x0000000000004f66        0x0 kernel/global.o
 .text          0x0000000000004f66      0x65f kernel/protect.o
                0x0000000000004f66                init_prot
                0x00000000000053ce                seg2linear
                0x000000000000541d                init_desc
                0x000000000000548a                exception_handler
 .text          0x00000000000055c5     0x15ff kernel/proc.o
                0x00000000000055c5                schedule
                0x0000000000005651                sys_sendrec
                0x000000000000577b                ldt_seg_linear
                0x00000000000057c5                va2la
                0x0000000000005826                reset_msg
                0x000000000000660b                inform_int
                0x000000000000677b                dump_proc
                0x0000000000006ab7                dump_msg
 .text          0x0000000000006bc4      0x332 kernel/systask.o
                0x0000000000006bc4                task_sys
 .text          0x0000000000006ef6      0xe1f kernel/hd.o
                0x0000000000006ef6                task_hd
                0x0000000000007cea                hd_handler
 *fill*         0x0000000000007d15        0xb 
 .text          0x0000000000007d20      0x19a kernel/kliba.o
                0x0000000000007d20                disp_str
                0x0000000000007d5e                disp_color_str
                0x0000000000007d9d                out_byte
                0x0000000000007da9                in_byte
                0x0000000000007db3                port_read
                0x0000000000007dc6                port_write
                0x0000000000007dd9                disable_irq
                0x0000000000007e0e                enable_irq
                0x0000000000007e2d                disable_int
                0x0000000000007e2f                enable_int
                0x0000000000007e31                glitter
 .text          0x0000000000007eba      0x2af kernel/klib.o
                0x0000000000007eba                get_boot_params
                0x0000000000007f40                get_kernel_map
                0x0000000000008050                itoa
                0x00000000000080fb                disp_int
                0x0000000000008122                delay
 .text          0x0000000000008169      0x25d lib/syslog.o
                0x0000000000008169                syslog
                0x00000000000081e2                syslogWithStr
                0x0000000000008202                printLogTail
 .text          0x00000000000083c6      0x1d2 mm/main.o
                0x00000000000083c6                task_mm
                0x0000000000008513                alloc_mem
                0x000000000000858e                free_mem
 .text          0x0000000000008598      0x772 mm/forkexit.o
                0x0000000000008598                do_fork
                0x00000000000088df                do_exit
                0x0000000000008a51                do_kill
                0x0000000000008c54                do_wait
 .text          0x0000000000008d0a      0x356 mm/exec.o
                0x0000000000008d0a                do_exec
 .text          0x0000000000009060      0x26b mm/shell.o
                0x0000000000009060                do_shell
                0x00000000000091d3                initShell
                0x00000000000091f3                changeCWD
                0x00000000000092af                getCWD
 .text          0x00000000000092cb     0x1301 fs/main.o
                0x00000000000092cb                task_fs
                0x0000000000009d8a                rw_sector
                0x0000000000009e23                rw_cipher
                0x000000000000a093                get_super_block
                0x000000000000a0d9                get_inode
                0x000000000000a23c                get_inode_directly
                0x000000000000a287                count_surplus_inode_link
                0x000000000000a2c7                put_inode
                0x000000000000a305                put_inodes_link
                0x000000000000a360                sync_inode
                0x000000000000a45f                sync_inode_link
 .text          0x000000000000a5cc      0xd3a fs/open.o
                0x000000000000a5cc                do_open
                0x000000000000a9be                do_mkdir
                0x000000000000ac25                do_close
                0x000000000000aca0                do_lseek
 .text          0x000000000000b306      0x747 fs/misc.o
                0x000000000000b306                do_stat
                0x000000000000b521                low_search_entry
                0x000000000000b62f                search_file
                0x000000000000b6ed                do_List_Dir
                0x000000000000b947                strip_path
 .text          0x000000000000ba4d      0x839 fs/read_write.o
                0x000000000000ba4d                do_rdwt
 .text          0x000000000000c286      0x8fc fs/link.o
                0x000000000000c286                do_unlink
                0x000000000000cb12                getsize
 .text          0x000000000000cb82      0xa6c fs/disklog.o
                0x000000000000cb82                disklog
                0x000000000000d0ef                dump_fd_graph
 *fill*         0x000000000000d5ee        0x2 
 .text          0x000000000000d5f0       0x28 lib/orangescrt.a(syscall.o)
                0x000000000000d5f0                sendrec
                0x000000000000d60a                printx
 .text          0x000000000000d618       0xad lib/orangescrt.a(printf.o)
                0x000000000000d618                printf
                0x000000000000d683                printl
 .text          0x000000000000d6c5      0x305 lib/orangescrt.a(vsprintf.o)
                0x000000000000d723                vsprintf
                0x000000000000d9a4                sprintf
 *fill*         0x000000000000d9ca        0x6 
 .text          0x000000000000d9d0       0x78 lib/orangescrt.a(string.o)
                0x000000000000d9d0                memcpy
                0x000000000000d9f9                memset
                0x000000000000da1a                strcpy
                0x000000000000da32                strlen
 .text          0x000000000000da48      0x800 lib/orangescrt.a(misc.o)
                0x000000000000da48                send_recv
                0x000000000000db02                memcmp
                0x000000000000db78                strcmp
                0x000000000000dbeb                strcat
                0x000000000000dc4a                spin
                0x000000000000dc65                strchr
                0x000000000000dc92                strtok
                0x000000000000dd60                _strcpy
                0x000000000000dd9c                putchar_to_buffer
                0x000000000000ddc3                puts_to_buffer
                0x000000000000ddf0                putint_to_buffer
                0x000000000000deae                puthex_to_buffer
                0x000000000000df1a                _vsprintf
                0x000000000000e017                _sprintf
                0x000000000000e04a                _strncpy
                0x000000000000e0c3                memmove
                0x000000000000e13e                proc_memcpy
                0x000000000000e152                atoi
                0x000000000000e20f                assertion_failure
 .text          0x000000000000e248      0x19b lib/orangescrt.a(open.o)
                0x000000000000e248                open
                0x000000000000e380                mkdir
 .text          0x000000000000e3e3       0x37 lib/orangescrt.a(read.o)
                0x000000000000e3e3                read
 .text          0x000000000000e41a       0x37 lib/orangescrt.a(write.o)
                0x000000000000e41a                write
 .text          0x000000000000e451       0x2b lib/orangescrt.a(close.o)
                0x000000000000e451                close
 .text          0x000000000000e47c       0x46 lib/orangescrt.a(getpid.o)
                0x000000000000e47c                getpid
 .text          0x000000000000e4c2       0x63 lib/orangescrt.a(stat.o)
                0x000000000000e4c2                stat
 .text          0x000000000000e525       0x66 lib/orangescrt.a(fork.o)
                0x000000000000e525                fork
 .text          0x000000000000e58b       0x3c lib/orangescrt.a(wait.o)
                0x000000000000e58b                wait
 .text          0x000000000000e5c7      0x2aa lib/orangescrt.a(exec.o)
                0x000000000000e5c7                exec
                0x000000000000e632                execl
                0x000000000000e657                ret_permission
                0x000000000000e6ba                execv
 .text          0x000000000000e871      0x29a lib/orangescrt.a(logfila.o)
                0x000000000000e88d                lock
                0x000000000000e8a7                unlock
                0x000000000000e8b7                LogFuncEntry
                0x000000000000ea07                AddLogWare
                0x000000000000ea2f                DefaultLogHandler
                0x000000000000ea4b                DiskLogHandler
                0x000000000000ea85                InitLogWares
                0x000000000000eada                DisableLOGGING
                0x000000000000eaed                EnableLOGGING
                0x000000000000eafd                SwitchLogLevel
 .text          0x000000000000eb0b      0x459 lib/orangescrt.a(shell.o)
                0x000000000000eb0b                Init_Shell
                0x000000000000eb4c                chdir
                0x000000000000eba3                getcwd
                0x000000000000ebdc                extractExecDir
                0x000000000000ec88                get_full_path
 .text          0x000000000000ef64      0x31c lib/orangescrt.a(cipher.o)
                0x000000000000ef64                rc4_init
                0x000000000000f080                rc4_crypt
                0x000000000000f180                cipher
 *(.gnu.warning)

.fini
 *(SORT(.fini))
                [!provide]                        PROVIDE (__etext, .)
                [!provide]                        PROVIDE (_etext, .)
                [!provide]                        PROVIDE (etext, .)

.rodata         0x000000000000f280     0x2775
 *(.rodata .rodata.* .gnu.linkonce.r.*)
 .rodata        0x000000000000f280       0x47 kernel/start.o
 *fill*         0x000000000000f2c7        0x1 
 .rodata        0x000000000000f2c8      0x31c kernel/main.o
 .rodata        0x000000000000f5e4       0x64 kernel/keyboard.o
 .rodata        0x000000000000f648      0x1bc kernel/tty.o
 .rodata        0x000000000000f804      0x1ab kernel/monitortask.o
 *fill*         0x000000000000f9af        0x1 
 .rodata        0x000000000000f9b0       0x5b kernel/console.o
 .rodata        0x000000000000fa0b       0x11 kernel/i8259.o
 .rodata        0x000000000000fa1c       0x14 kernel/global.o
                0x000000000000fa1c                FSBUF_SIZE
                0x000000000000fa20                MMBUF_SIZE
                0x000000000000fa24                LOGBUF_SIZE
                0x000000000000fa28                LOGDISKBUF_SIZE
                0x000000000000fa2c                MBUF_SIZE
 *fill*         0x000000000000fa30       0x10 
 .rodata        0x000000000000fa40      0x580 kernel/protect.o
 .rodata        0x000000000000ffc0      0x5da kernel/proc.o
 .rodata        0x000000000001059a       0x11 kernel/systask.o
 *fill*         0x00000000000105ab        0x1 
 .rodata        0x00000000000105ac      0x1df kernel/hd.o
 *fill*         0x000000000001078b        0x1 
 .rodata        0x000000000001078c       0x6a kernel/klib.o
 .rodata        0x00000000000107f6      0x231 lib/syslog.o
 *fill*         0x0000000000010a27        0x1 
 .rodata        0x0000000000010a28       0xc9 mm/main.o
 *fill*         0x0000000000010af1        0x3 
 .rodata        0x0000000000010af4       0xeb mm/forkexit.o
 *fill*         0x0000000000010bdf        0x1 
 .rodata        0x0000000000010be0       0xa4 mm/exec.o
 .rodata        0x0000000000010c84       0x3d mm/shell.o
 *fill*         0x0000000000010cc1        0x3 
 .rodata        0x0000000000010cc4      0x2f6 fs/main.o
 *fill*         0x0000000000010fba        0x2 
 .rodata        0x0000000000010fbc      0x165 fs/open.o
 *fill*         0x0000000000011121        0x3 
 .rodata        0x0000000000011124       0x74 fs/misc.o
 .rodata        0x0000000000011198      0x191 fs/read_write.o
 *fill*         0x0000000000011329        0x3 
 .rodata        0x000000000001132c      0x1b5 fs/link.o
 *fill*         0x00000000000114e1        0x3 
 .rodata        0x00000000000114e4      0x20d fs/disklog.o
 .rodata        0x00000000000116f1       0x14 lib/orangescrt.a(printf.o)
 *fill*         0x0000000000011705        0x3 
 .rodata        0x0000000000011708       0xbd lib/orangescrt.a(misc.o)
 .rodata        0x00000000000117c5       0x51 lib/orangescrt.a(open.o)
 .rodata        0x0000000000011816       0x25 lib/orangescrt.a(getpid.o)
 .rodata        0x000000000001183b       0x23 lib/orangescrt.a(stat.o)
 .rodata        0x000000000001185e       0x33 lib/orangescrt.a(fork.o)
 *fill*         0x0000000000011891        0x3 
 .rodata        0x0000000000011894       0xc0 lib/orangescrt.a(exec.o)
 .rodata        0x0000000000011954       0x56 lib/orangescrt.a(logfila.o)
 .rodata        0x00000000000119aa       0x37 lib/orangescrt.a(shell.o)
 .rodata        0x00000000000119e1       0x14 lib/orangescrt.a(cipher.o)

.rodata1
 *(.rodata1)

.eh_frame_hdr
 *(.eh_frame_hdr)
 *(.eh_frame_entry .eh_frame_entry.*)

.eh_frame       0x00000000000119f8     0x1c28
 *(.eh_frame)
 .eh_frame      0x00000000000119f8       0x38 kernel/start.o
 .eh_frame      0x0000000000011a30      0x1d0 kernel/main.o
                                        0x1e8 (size before relaxing)
 .eh_frame      0x0000000000011c00       0x60 kernel/clock.o
                                         0x78 (size before relaxing)
 .eh_frame      0x0000000000011c60      0x100 kernel/keyboard.o
                                        0x118 (size before relaxing)
 .eh_frame      0x0000000000011d60      0x1c0 kernel/tty.o
                                        0x1d8 (size before relaxing)
 .eh_frame      0x0000000000011f20       0x20 kernel/logtask.o
                                         0x38 (size before relaxing)
 .eh_frame      0x0000000000011f40      0x148 kernel/monitortask.o
                                        0x160 (size before relaxing)
 .eh_frame      0x0000000000012088      0x164 kernel/console.o
                                        0x17c (size before relaxing)
 .eh_frame      0x00000000000121ec       0x60 kernel/i8259.o
                                         0x78 (size before relaxing)
 .eh_frame      0x000000000001224c       0xb0 kernel/protect.o
                                         0xc8 (size before relaxing)
 .eh_frame      0x00000000000122fc      0x1b8 kernel/proc.o
                                        0x1d0 (size before relaxing)
 .eh_frame      0x00000000000124b4       0x5c kernel/systask.o
                                         0x74 (size before relaxing)
 .eh_frame      0x0000000000012510      0x1f0 kernel/hd.o
                                        0x208 (size before relaxing)
 .eh_frame      0x0000000000012700       0xa0 kernel/klib.o
                                         0xb8 (size before relaxing)
 .eh_frame      0x00000000000127a0       0x6c lib/syslog.o
                                         0x84 (size before relaxing)
 .eh_frame      0x000000000001280c       0x7c mm/main.o
                                         0x94 (size before relaxing)
 .eh_frame      0x0000000000012888       0xb0 mm/forkexit.o
                                         0xc8 (size before relaxing)
 .eh_frame      0x0000000000012938       0x2c mm/exec.o
                                         0x44 (size before relaxing)
 .eh_frame      0x0000000000012964       0x84 mm/shell.o
                                         0x9c (size before relaxing)
 .eh_frame      0x00000000000129e8      0x214 fs/main.o
                                        0x22c (size before relaxing)
 .eh_frame      0x0000000000012bfc      0x188 fs/open.o
                                        0x1a0 (size before relaxing)
 .eh_frame      0x0000000000012d84       0xb4 fs/misc.o
                                         0xcc (size before relaxing)
 .eh_frame      0x0000000000012e38       0x30 fs/read_write.o
                                         0x48 (size before relaxing)
 .eh_frame      0x0000000000012e68       0x4c fs/link.o
                                         0x64 (size before relaxing)
 .eh_frame      0x0000000000012eb4       0x50 fs/disklog.o
                                         0x68 (size before relaxing)
 .eh_frame      0x0000000000012f04       0x40 lib/orangescrt.a(printf.o)
                                         0x58 (size before relaxing)
 .eh_frame      0x0000000000012f44       0x60 lib/orangescrt.a(vsprintf.o)
                                         0x78 (size before relaxing)
 .eh_frame      0x0000000000012fa4      0x260 lib/orangescrt.a(misc.o)
                                        0x278 (size before relaxing)
 .eh_frame      0x0000000000013204       0x40 lib/orangescrt.a(open.o)
                                         0x58 (size before relaxing)
 .eh_frame      0x0000000000013244       0x20 lib/orangescrt.a(read.o)
                                         0x38 (size before relaxing)
 .eh_frame      0x0000000000013264       0x20 lib/orangescrt.a(write.o)
                                         0x38 (size before relaxing)
 .eh_frame      0x0000000000013284       0x20 lib/orangescrt.a(close.o)
                                         0x38 (size before relaxing)
 .eh_frame      0x00000000000132a4       0x20 lib/orangescrt.a(getpid.o)
                                         0x38 (size before relaxing)
 .eh_frame      0x00000000000132c4       0x20 lib/orangescrt.a(stat.o)
                                         0x38 (size before relaxing)
 .eh_frame      0x00000000000132e4       0x20 lib/orangescrt.a(fork.o)
                                         0x38 (size before relaxing)
 .eh_frame      0x0000000000013304       0x20 lib/orangescrt.a(wait.o)
                                         0x38 (size before relaxing)
 .eh_frame      0x0000000000013324       0x80 lib/orangescrt.a(exec.o)
                                         0x98 (size before relaxing)
 .eh_frame      0x00000000000133a4      0x164 lib/orangescrt.a(logfila.o)
                                        0x17c (size before relaxing)
 .eh_frame      0x0000000000013508       0xa4 lib/orangescrt.a(shell.o)
                                         0xbc (size before relaxing)
 .eh_frame      0x00000000000135ac       0x74 lib/orangescrt.a(cipher.o)
                                         0x8c (size before relaxing)
 *(.eh_frame.*)

.gcc_except_table
 *(.gcc_except_table .gcc_except_table.*)

.gnu_extab
 *(.gnu_extab*)

.exception_ranges
 *(.exception_ranges .exception_ranges*)
                0x0000000000014000                . = DATA_SEGMENT_ALIGN (0x1000, 0x1000)

.eh_frame
 *(.eh_frame)
 *(.eh_frame.*)

.gnu_extab
 *(.gnu_extab)

.gcc_except_table
 *(.gcc_except_table .gcc_except_table.*)

.exception_ranges
 *(.exception_ranges .exception_ranges*)

.tdata
 *(.tdata .tdata.* .gnu.linkonce.td.*)

.tbss
 *(.tbss .tbss.* .gnu.linkonce.tb.*)
 *(.tcommon)

.preinit_array  0x0000000000014000        0x0
                [!provide]                        PROVIDE (__preinit_array_start, .)
 *(.preinit_array)
                [!provide]                        PROVIDE (__preinit_array_end, .)

.init_array     0x0000000000014000        0x0
                [!provide]                        PROVIDE (__init_array_start, .)
 *(SORT(.init_array.*) SORT(.ctors.*))
 *(.init_array EXCLUDE_FILE(*crtend?.o *crtend.o *crtbegin?.o *crtbegin.o) .ctors)
                [!provide]                        PROVIDE (__init_array_end, .)

.fini_array     0x0000000000014000        0x0
                [!provide]                        PROVIDE (__fini_array_start, .)
 *(SORT(.fini_array.*) SORT(.dtors.*))
 *(.fini_array EXCLUDE_FILE(*crtend?.o *crtend.o *crtbegin?.o *crtbegin.o) .dtors)
                [!provide]                        PROVIDE (__fini_array_end, .)

.ctors
 *crtbegin.o(.ctors)
 *crtbegin?.o(.ctors)
 *(EXCLUDE_FILE(*crtend?.o *crtend.o) .ctors)
 *(SORT(.ctors.*))
 *(.ctors)

.dtors
 *crtbegin.o(.dtors)
 *crtbegin?.o(.dtors)
 *(EXCLUDE_FILE(*crtend?.o *crtend.o) .dtors)
 *(SORT(.dtors.*))
 *(.dtors)

.jcr
 *(.jcr)

.data.rel.ro
 *(.data.rel.ro.local* .gnu.linkonce.d.rel.ro.local.*)
 *(.data.rel.ro .data.rel.ro.* .gnu.linkonce.d.rel.ro.*)

.dynamic
 *(.dynamic)

.got
 *(.got)
 *(.igot)
                0x0000000000014000                . = DATA_SEGMENT_RELRO_END (., (SIZEOF (.got.plt) >= 0xc)?0xc:0x0)

.got.plt        0x0000000000014000        0x0
 *(.got.plt)
 *(.igot.plt)
 .igot.plt      0x0000000000014000        0x0 kernel/kernel.o

.data           0x0000000000014000      0x8a4
 *(.data .data.* .gnu.linkonce.d.*)
 .data          0x0000000000014000        0x2 kernel/kernel.o
 .data          0x0000000000014002        0x0 kernel/start.o
 .data          0x0000000000014002        0x0 kernel/main.o
 .data          0x0000000000014002        0x0 kernel/clock.o
 *fill*         0x0000000000014002       0x1e 
 .data          0x0000000000014020      0x600 kernel/keyboard.o
                0x0000000000014020                keymap
 .data          0x0000000000014620       0x42 kernel/tty.o
 .data          0x0000000000014662        0x0 kernel/logtask.o
 .data          0x0000000000014662        0x0 kernel/monitortask.o
 .data          0x0000000000014662        0x0 kernel/console.o
 .data          0x0000000000014662        0x0 kernel/i8259.o
 *fill*         0x0000000000014662       0x1e 
 .data          0x0000000000014680      0x1fc kernel/global.o
                0x0000000000014680                task_table
                0x00000000000147a0                user_proc_table
                0x0000000000014840                sys_call_table
                0x000000000001484c                dd_map
                0x0000000000014864                fsbuf
                0x0000000000014868                mmbuf
                0x000000000001486c                logbuf
                0x0000000000014870                logdiskbuf
                0x0000000000014874                mbuf
                0x0000000000014878                mbuf2
 .data          0x000000000001487c        0x0 kernel/protect.o
 .data          0x000000000001487c        0x0 kernel/proc.o
 .data          0x000000000001487c        0x0 kernel/systask.o
 .data          0x000000000001487c        0x0 kernel/hd.o
 .data          0x000000000001487c        0x0 kernel/klib.o
 .data          0x000000000001487c        0x0 lib/syslog.o
 .data          0x000000000001487c        0x0 mm/main.o
 .data          0x000000000001487c        0x0 mm/forkexit.o
 .data          0x000000000001487c        0x0 mm/exec.o
 .data          0x000000000001487c        0x0 mm/shell.o
 .data          0x000000000001487c        0x0 fs/main.o
 .data          0x000000000001487c        0x0 fs/open.o
 .data          0x000000000001487c        0x4 fs/misc.o
                0x000000000001487c                last_query_dev
 .data          0x0000000000014880        0x0 fs/read_write.o
 .data          0x0000000000014880        0x0 fs/link.o
 .data          0x0000000000014880        0x0 fs/disklog.o
 .data          0x0000000000014880        0x0 lib/orangescrt.a(printf.o)
 .data          0x0000000000014880        0x0 lib/orangescrt.a(vsprintf.o)
 .data          0x0000000000014880        0x0 lib/orangescrt.a(misc.o)
 .data          0x0000000000014880        0x0 lib/orangescrt.a(open.o)
 .data          0x0000000000014880        0x0 lib/orangescrt.a(read.o)
 .data          0x0000000000014880        0x0 lib/orangescrt.a(write.o)
 .data          0x0000000000014880        0x0 lib/orangescrt.a(close.o)
 .data          0x0000000000014880        0x0 lib/orangescrt.a(getpid.o)
 .data          0x0000000000014880        0x0 lib/orangescrt.a(stat.o)
 .data          0x0000000000014880        0x0 lib/orangescrt.a(fork.o)
 .data          0x0000000000014880        0x0 lib/orangescrt.a(wait.o)
 .data          0x0000000000014880        0x0 lib/orangescrt.a(exec.o)
 .data          0x0000000000014880       0x24 lib/orangescrt.a(logfila.o)
                0x0000000000014888                LogLevelStrings
 .data          0x00000000000148a4        0x0 lib/orangescrt.a(shell.o)
 .data          0x00000000000148a4        0x0 lib/orangescrt.a(cipher.o)

.data1
 *(.data1)
                0x00000000000148a4                _edata = .
                [!provide]                        PROVIDE (edata, .)
                0x00000000000148a4                . = .
                0x00000000000148a4                __bss_start = .

.bss            0x00000000000148c0    0x621b8
 *(.dynbss)
 *(.bss .bss.* .gnu.linkonce.b.*)
 .bss           0x00000000000148c0      0x800 kernel/kernel.o
 .bss           0x00000000000150c0        0x0 kernel/start.o
 .bss           0x00000000000150c0        0x0 kernel/main.o
 .bss           0x00000000000150c0        0x0 kernel/clock.o
 .bss           0x00000000000150c0       0x58 kernel/keyboard.o
 .bss           0x0000000000015118        0x4 kernel/tty.o
 .bss           0x000000000001511c        0x0 kernel/logtask.o
 .bss           0x000000000001511c        0x0 kernel/monitortask.o
 .bss           0x000000000001511c        0x0 kernel/console.o
 .bss           0x000000000001511c        0x0 kernel/i8259.o
 .bss           0x000000000001511c        0x0 kernel/global.o
 .bss           0x000000000001511c        0x0 kernel/protect.o
 .bss           0x000000000001511c        0x0 kernel/proc.o
 .bss           0x000000000001511c        0x0 kernel/systask.o
 *fill*         0x000000000001511c        0x4 
 .bss           0x0000000000015120      0x64c kernel/hd.o
 .bss           0x000000000001576c        0x0 kernel/klib.o
 .bss           0x000000000001576c        0x4 lib/syslog.o
 .bss           0x0000000000015770        0x0 mm/main.o
 .bss           0x0000000000015770        0x0 mm/forkexit.o
 .bss           0x0000000000015770        0x0 mm/exec.o
 .bss           0x0000000000015770        0x0 mm/shell.o
 .bss           0x0000000000015770        0x0 fs/main.o
 .bss           0x0000000000015770        0x0 fs/open.o
 .bss           0x0000000000015770        0x0 fs/misc.o
 .bss           0x0000000000015770        0x0 fs/read_write.o
 .bss           0x0000000000015770        0x0 fs/link.o
 .bss           0x0000000000015770        0x8 fs/disklog.o
 .bss           0x0000000000015778        0x0 lib/orangescrt.a(printf.o)
 .bss           0x0000000000015778        0x0 lib/orangescrt.a(vsprintf.o)
 .bss           0x0000000000015778        0x4 lib/orangescrt.a(misc.o)
 .bss           0x000000000001577c        0x0 lib/orangescrt.a(open.o)
 .bss           0x000000000001577c        0x0 lib/orangescrt.a(read.o)
 .bss           0x000000000001577c        0x0 lib/orangescrt.a(write.o)
 .bss           0x000000000001577c        0x0 lib/orangescrt.a(close.o)
 .bss           0x000000000001577c        0x0 lib/orangescrt.a(getpid.o)
 .bss           0x000000000001577c        0x0 lib/orangescrt.a(stat.o)
 .bss           0x000000000001577c        0x0 lib/orangescrt.a(fork.o)
 .bss           0x000000000001577c        0x0 lib/orangescrt.a(wait.o)
 .bss           0x000000000001577c        0x0 lib/orangescrt.a(exec.o)
 *fill*         0x000000000001577c        0x4 
 .bss           0x0000000000015780       0x28 lib/orangescrt.a(logfila.o)
 .bss           0x00000000000157a8        0x0 lib/orangescrt.a(shell.o)
 .bss           0x00000000000157a8        0x0 lib/orangescrt.a(cipher.o)
 *(COMMON)
 *fill*         0x00000000000157a8       0x18 
 COMMON         0x00000000000157c0    0x612a8 kernel/global.o
                0x00000000000157c0                idt_ptr
                0x00000000000157e0                inode_table
                0x00000000000162e0                task_stack
                0x000000000006e2e0                k_reenter
                0x000000000006e300                permission_map
                0x0000000000070a00                gdt
                0x0000000000070e00                current_console
                0x0000000000070e04                pcaller
                0x0000000000070e20                tty_table
                0x0000000000071aa0                tss
                0x0000000000071b20                fs_msg
                0x0000000000071b50                memory_size
                0x0000000000071b60                f_desc_table
                0x0000000000072060                root_inode
                0x0000000000072064                disp_pos
                0x0000000000072080                mm_msg
                0x00000000000720c0                Working_Directory
                0x0000000000072140                key_pressed
                0x0000000000072144                gdt_ptr
                0x0000000000072160                idt
                0x0000000000072960                super_block
                0x0000000000072b40                ticks
                0x0000000000072b60                m_msg
                0x0000000000072ba0                console_table
                0x0000000000072be0                irq_table
                0x0000000000072c20                p_proc_ready
                0x0000000000072c40                proc_table
 COMMON         0x0000000000076a68       0x10 kernel/hd.o
                0x0000000000076a68                PARTITION_ENTRY
                0x0000000000076a78                . = ALIGN ((. != 0x0)?0x4:0x1)
                0x0000000000076a78                . = ALIGN (0x4)
                0x0000000000076a78                . = SEGMENT_START ("ldata-segment", .)
                0x0000000000076a78                . = ALIGN (0x4)
                0x0000000000076a78                _end = .
                [!provide]                        PROVIDE (end, .)
                0x0000000000076a78                . = DATA_SEGMENT_END (.)

.stab
 *(.stab)

.stabstr
 *(.stabstr)

.stab.excl
 *(.stab.excl)

.stab.exclstr
 *(.stab.exclstr)

.stab.index
 *(.stab.index)

.stab.indexstr
 *(.stab.indexstr)

.comment        0x0000000000000000       0x35
 *(.comment)
 .comment       0x0000000000000000       0x35 kernel/start.o
                                         0x36 (size before relaxing)
 .comment       0x0000000000000035       0x36 kernel/main.o
 .comment       0x0000000000000035       0x36 kernel/clock.o
 .comment       0x0000000000000035       0x36 kernel/keyboard.o
 .comment       0x0000000000000035       0x36 kernel/tty.o
 .comment       0x0000000000000035       0x36 kernel/logtask.o
 .comment       0x0000000000000035       0x36 kernel/monitortask.o
 .comment       0x0000000000000035       0x36 kernel/console.o
 .comment       0x0000000000000035       0x36 kernel/i8259.o
 .comment       0x0000000000000035       0x36 kernel/global.o
 .comment       0x0000000000000035       0x36 kernel/protect.o
 .comment       0x0000000000000035       0x36 kernel/proc.o
 .comment       0x0000000000000035       0x36 kernel/systask.o
 .comment       0x0000000000000035       0x36 kernel/hd.o
 .comment       0x0000000000000035       0x36 kernel/klib.o
 .comment       0x0000000000000035       0x36 lib/syslog.o
 .comment       0x0000000000000035       0x36 mm/main.o
 .comment       0x0000000000000035       0x36 mm/forkexit.o
 .comment       0x0000000000000035       0x36 mm/exec.o
 .comment       0x0000000000000035       0x36 mm/shell.o
 .comment       0x0000000000000035       0x36 fs/main.o
 .comment       0x0000000000000035       0x36 fs/open.o
 .comment       0x0000000000000035       0x36 fs/misc.o
 .comment       0x0000000000000035       0x36 fs/read_write.o
 .comment       0x0000000000000035       0x36 fs/link.o
 .comment       0x0000000000000035       0x36 fs/disklog.o
 .comment       0x0000000000000035       0x36 lib/orangescrt.a(printf.o)
 .comment       0x0000000000000035       0x36 lib/orangescrt.a(vsprintf.o)
 .comment       0x0000000000000035       0x36 lib/orangescrt.a(misc.o)
 .comment       0x0000000000000035       0x36 lib/orangescrt.a(open.o)
 .comment       0x0000000000000035       0x36 lib/orangescrt.a(read.o)
 .comment       0x0000000000000035       0x36 lib/orangescrt.a(write.o)
 .comment       0x0000000000000035       0x36 lib/orangescrt.a(close.o)
 .comment       0x0000000000000035       0x36 lib/orangescrt.a(getpid.o)
 .comment       0x0000000000000035       0x36 lib/orangescrt.a(stat.o)
 .comment       0x0000000000000035       0x36 lib/orangescrt.a(fork.o)
 .comment       0x0000000000000035       0x36 lib/orangescrt.a(wait.o)
 .comment       0x0000000000000035       0x36 lib/orangescrt.a(exec.o)
 .comment       0x0000000000000035       0x36 lib/orangescrt.a(logfila.o)
 .comment       0x0000000000000035       0x36 lib/orangescrt.a(shell.o)
 .comment       0x0000000000000035       0x36 lib/orangescrt.a(cipher.o)

.debug
 *(.debug)

.line
 *(.line)

.debug_srcinfo
 *(.debug_srcinfo)

.debug_sfnames
 *(.debug_sfnames)

.debug_aranges
 *(.debug_aranges)

.debug_pubnames
 *(.debug_pubnames)

.debug_info
 *(.debug_info .gnu.linkonce.wi.*)

.debug_abbrev
 *(.debug_abbrev)

.debug_line
 *(.debug_line .debug_line.* .debug_line_end)

.debug_frame
 *(.debug_frame)

.debug_str
 *(.debug_str)

.debug_loc
 *(.debug_loc)

.debug_macinfo
 *(.debug_macinfo)

.debug_weaknames
 *(.debug_weaknames)

.debug_funcnames
 *(.debug_funcnames)

.debug_typenames
 *(.debug_typenames)

.debug_varnames
 *(.debug_varnames)

.debug_pubtypes
 *(.debug_pubtypes)

.debug_ranges
 *(.debug_ranges)

.debug_macro
 *(.debug_macro)

.gnu.attributes
 *(.gnu.attributes)

/DISCARD/
 *(.note.GNU-stack)
 *(.gnu_debuglink)
 *(.gnu.lto_*)
OUTPUT(kernel.bin elf32-i386)
