Archive member included to satisfy reference by file (symbol)

lib/orangescrt.a(syscall.o)   mm/shell.o (printx)
lib/orangescrt.a(printf.o)    kernel/main.o (printf)
lib/orangescrt.a(vsprintf.o)  kernel/main.o (vsprintf)
lib/orangescrt.a(string.o)    kernel/start.o (memcpy)
lib/orangescrt.a(misc.o)      kernel/main.o (send_recv)
lib/orangescrt.a(open.o)      kernel/main.o (open)
lib/orangescrt.a(read.o)      kernel/main.o (read)
lib/orangescrt.a(write.o)     kernel/main.o (write)
lib/orangescrt.a(close.o)     kernel/main.o (close)
lib/orangescrt.a(getpid.o)    kernel/main.o (getpid)
lib/orangescrt.a(stat.o)      mm/exec.o (stat)
lib/orangescrt.a(fork.o)      kernel/main.o (fork)
lib/orangescrt.a(wait.o)      kernel/main.o (wait)
lib/orangescrt.a(exec.o)      kernel/main.o (execv)
lib/orangescrt.a(shell.o)     kernel/main.o (Init_Shell)

Allocating common symbols
Common symbol       size              file

idt_ptr             0x6               kernel/global.o
inode_table         0xb00             kernel/global.o
task_stack          0x48000           kernel/global.o
k_reenter           0x4               kernel/global.o
gdt                 0x400             kernel/global.o
current_console     0x4               kernel/global.o
pcaller             0x4               kernel/global.o
tty_table           0xc6c             kernel/global.o
tss                 0x68              kernel/global.o
fs_msg              0x30              kernel/global.o
memory_size         0x4               kernel/global.o
f_desc_table        0x500             kernel/global.o
root_inode          0x4               kernel/global.o
disp_pos            0x4               kernel/global.o
mm_msg              0x30              kernel/global.o
Working_Directory   0x80              kernel/global.o
key_pressed         0x4               kernel/global.o
gdt_ptr             0x6               kernel/global.o
idt                 0x800             kernel/global.o
super_block         0x1e0             kernel/global.o
PARTITION_ENTRY     0x10              kernel/hd.o
ticks               0x4               kernel/global.o
console_table       0x3c              kernel/global.o
irq_table           0x40              kernel/global.o
p_proc_ready        0x4               kernel/global.o
proc_table          0x3af8            kernel/global.o

Discarded input sections

 .note.GNU-stack
                0x0000000000000000        0x0 kernel/start.o
 .note.GNU-stack
                0x0000000000000000        0x0 kernel/main.o
 .note.GNU-stack
                0x0000000000000000        0x0 kernel/clock.o
 .note.GNU-stack
                0x0000000000000000        0x0 kernel/keyboard.o
 .note.GNU-stack
                0x0000000000000000        0x0 kernel/tty.o
 .note.GNU-stack
                0x0000000000000000        0x0 kernel/console.o
 .note.GNU-stack
                0x0000000000000000        0x0 kernel/i8259.o
 .note.GNU-stack
                0x0000000000000000        0x0 kernel/global.o
 .note.GNU-stack
                0x0000000000000000        0x0 kernel/protect.o
 .note.GNU-stack
                0x0000000000000000        0x0 kernel/proc.o
 .note.GNU-stack
                0x0000000000000000        0x0 kernel/systask.o
 .note.GNU-stack
                0x0000000000000000        0x0 kernel/hd.o
 .note.GNU-stack
                0x0000000000000000        0x0 kernel/klib.o
 .note.GNU-stack
                0x0000000000000000        0x0 lib/syslog.o
 .note.GNU-stack
                0x0000000000000000        0x0 mm/main.o
 .note.GNU-stack
                0x0000000000000000        0x0 mm/forkexit.o
 .note.GNU-stack
                0x0000000000000000        0x0 mm/exec.o
 .note.GNU-stack
                0x0000000000000000        0x0 mm/shell.o
 .note.GNU-stack
                0x0000000000000000        0x0 fs/main.o
 .note.GNU-stack
                0x0000000000000000        0x0 fs/open.o
 .note.GNU-stack
                0x0000000000000000        0x0 fs/misc.o
 .note.GNU-stack
                0x0000000000000000        0x0 fs/read_write.o
 .note.GNU-stack
                0x0000000000000000        0x0 fs/link.o
 .note.GNU-stack
                0x0000000000000000        0x0 fs/disklog.o
 .note.GNU-stack
                0x0000000000000000        0x0 lib/orangescrt.a(printf.o)
 .note.GNU-stack
                0x0000000000000000        0x0 lib/orangescrt.a(vsprintf.o)
 .note.GNU-stack
                0x0000000000000000        0x0 lib/orangescrt.a(misc.o)
 .note.GNU-stack
                0x0000000000000000        0x0 lib/orangescrt.a(open.o)
 .note.GNU-stack
                0x0000000000000000        0x0 lib/orangescrt.a(read.o)
 .note.GNU-stack
                0x0000000000000000        0x0 lib/orangescrt.a(write.o)
 .note.GNU-stack
                0x0000000000000000        0x0 lib/orangescrt.a(close.o)
 .note.GNU-stack
                0x0000000000000000        0x0 lib/orangescrt.a(getpid.o)
 .note.GNU-stack
                0x0000000000000000        0x0 lib/orangescrt.a(stat.o)
 .note.GNU-stack
                0x0000000000000000        0x0 lib/orangescrt.a(fork.o)
 .note.GNU-stack
                0x0000000000000000        0x0 lib/orangescrt.a(wait.o)
 .note.GNU-stack
                0x0000000000000000        0x0 lib/orangescrt.a(exec.o)
 .note.GNU-stack
                0x0000000000000000        0x0 lib/orangescrt.a(shell.o)

Memory Configuration

Name             Origin             Length             Attributes
*default*        0x0000000000000000 0xffffffffffffffff

Linker script and memory map

Address of section .text set to 0x1000
LOAD kernel/kernel.o
LOAD kernel/start.o
LOAD kernel/main.o
LOAD kernel/clock.o
LOAD kernel/keyboard.o
LOAD kernel/tty.o
LOAD kernel/console.o
LOAD kernel/i8259.o
LOAD kernel/global.o
LOAD kernel/protect.o
LOAD kernel/proc.o
LOAD kernel/systask.o
LOAD kernel/hd.o
LOAD kernel/kliba.o
LOAD kernel/klib.o
LOAD lib/syslog.o
LOAD mm/main.o
LOAD mm/forkexit.o
LOAD mm/exec.o
LOAD mm/shell.o
LOAD fs/main.o
LOAD fs/open.o
LOAD fs/misc.o
LOAD fs/read_write.o
LOAD fs/link.o
LOAD fs/disklog.o
LOAD lib/orangescrt.a
                [!provide]                        PROVIDE (__executable_start, 0x8048000)
                0x0000000008048094                . = (0x8048000 + SIZEOF_HEADERS)

.interp
 *(.interp)

.note.gnu.build-id
 *(.note.gnu.build-id)

.hash
 *(.hash)

.gnu.hash
 *(.gnu.hash)

.dynsym
 *(.dynsym)

.dynstr
 *(.dynstr)

.gnu.version
 *(.gnu.version)

.gnu.version_d
 *(.gnu.version_d)

.gnu.version_r
 *(.gnu.version_r)

.rel.dyn        0x0000000008048094        0x0
 *(.rel.init)
 *(.rel.text .rel.text.* .rel.gnu.linkonce.t.*)
 .rel.text      0x0000000008048094        0x0 kernel/kernel.o
 *(.rel.fini)
 *(.rel.rodata .rel.rodata.* .rel.gnu.linkonce.r.*)
 *(.rel.data.rel.ro .rel.data.rel.ro.* .rel.gnu.linkonce.d.rel.ro.*)
 *(.rel.data .rel.data.* .rel.gnu.linkonce.d.*)
 .rel.data      0x0000000008048094        0x0 kernel/kernel.o
 *(.rel.tdata .rel.tdata.* .rel.gnu.linkonce.td.*)
 *(.rel.tbss .rel.tbss.* .rel.gnu.linkonce.tb.*)
 *(.rel.ctors)
 *(.rel.dtors)
 *(.rel.got)
 *(.rel.bss .rel.bss.* .rel.gnu.linkonce.b.*)
 *(.rel.ifunc)

.rel.plt        0x0000000008048094        0x0
 *(.rel.plt)
                [!provide]                        PROVIDE (__rel_iplt_start, .)
 *(.rel.iplt)
 .rel.iplt      0x0000000008048094        0x0 kernel/kernel.o
                [!provide]                        PROVIDE (__rel_iplt_end, .)

.init
 *(SORT(.init))

.plt            0x00000000080480a0        0x0
 *(.plt)
 *(.iplt)
 .iplt          0x00000000080480a0        0x0 kernel/kernel.o

.plt.got
 *(.plt.got)

.text           0x0000000000001000     0xd896
 *(.text.unlikely .text.*_unlikely .text.unlikely.*)
 *(.text.exit .text.exit.*)
 *(.text.startup .text.startup.*)
 *(.text.hot .text.hot.*)
 *(.text .stub .text.* .gnu.linkonce.t.*)
 .text          0x0000000000001000      0x410 kernel/kernel.o
                0x0000000000001000                _start
                0x0000000000001040                hwint00
                0x0000000000001070                hwint01
                0x00000000000010a0                hwint02
                0x00000000000010d0                hwint03
                0x0000000000001100                hwint04
                0x0000000000001130                hwint05
                0x0000000000001160                hwint06
                0x0000000000001190                hwint07
                0x00000000000011c0                hwint08
                0x00000000000011f0                hwint09
                0x0000000000001220                hwint10
                0x0000000000001250                hwint11
                0x0000000000001280                hwint12
                0x00000000000012b0                hwint13
                0x00000000000012e0                hwint14
                0x0000000000001310                hwint15
                0x0000000000001334                divide_error
                0x000000000000133a                single_step_exception
                0x0000000000001340                nmi
                0x0000000000001346                breakpoint_exception
                0x000000000000134c                overflow
                0x0000000000001352                bounds_check
                0x0000000000001358                inval_opcode
                0x000000000000135e                copr_not_available
                0x0000000000001364                double_fault
                0x0000000000001368                copr_seg_overrun
                0x000000000000136e                inval_tss
                0x0000000000001372                segment_not_present
                0x0000000000001376                stack_exception
                0x000000000000137a                general_protection
                0x000000000000137e                page_fault
                0x0000000000001382                copr_error
                0x00000000000013cb                sys_call
                0x00000000000013eb                restart
 .text          0x0000000000001410       0x95 kernel/start.o
                0x0000000000001410                cstart
 .text          0x00000000000014a5      0xa2a kernel/main.o
                0x00000000000014a5                kernel_main
                0x00000000000017c0                get_ticks
                0x00000000000017f4                untar
                0x0000000000001a17                shabby_shell
                0x0000000000001cfa                Init
                0x0000000000001e77                TestA
                0x0000000000001e7c                TestB
                0x0000000000001e81                TestC
                0x0000000000001e86                panic
 .text          0x0000000000001ecf      0x10d kernel/clock.o
                0x0000000000001ecf                clock_handler
                0x0000000000001f4a                milli_delay
                0x0000000000001f84                init_clock
 .text          0x0000000000001fdc      0x77f kernel/keyboard.o
                0x0000000000001fdc                IsFlag
                0x0000000000002081                keyboard_handler
                0x00000000000020eb                init_keyboard
                0x000000000000219a                keyboard_read
 .text          0x000000000000275b      0xb57 kernel/tty.o
                0x000000000000275b                task_tty
                0x0000000000002a3c                in_process
                0x0000000000002fb2                sys_printx
                0x0000000000003151                dump_tty_buf
 .text          0x00000000000032b2      0x7d7 kernel/console.o
                0x00000000000032b2                init_screen
                0x0000000000003426                out_char
                0x0000000000003703                is_current_console
                0x00000000000037f6                select_console
                0x0000000000003836                scroll_screen
 .text          0x0000000000003a89      0x130 kernel/i8259.o
                0x0000000000003a89                init_8259A
                0x0000000000003b5e                spurious_irq
                0x0000000000003b95                put_irq_handler
 .text          0x0000000000003bb9        0x0 kernel/global.o
 .text          0x0000000000003bb9      0x65f kernel/protect.o
                0x0000000000003bb9                init_prot
                0x0000000000004021                seg2linear
                0x0000000000004070                init_desc
                0x00000000000040dd                exception_handler
 .text          0x0000000000004218     0x15ff kernel/proc.o
                0x0000000000004218                schedule
                0x00000000000042a4                sys_sendrec
                0x00000000000043ce                ldt_seg_linear
                0x0000000000004418                va2la
                0x0000000000004479                reset_msg
                0x000000000000525e                inform_int
                0x00000000000053ce                dump_proc
                0x000000000000570a                dump_msg
 .text          0x0000000000005817      0x332 kernel/systask.o
                0x0000000000005817                task_sys
 .text          0x0000000000005b49      0xe1f kernel/hd.o
                0x0000000000005b49                task_hd
                0x000000000000693d                hd_handler
 *fill*         0x0000000000006968        0x8 
 .text          0x0000000000006970      0x19a kernel/kliba.o
                0x0000000000006970                disp_str
                0x00000000000069ae                disp_color_str
                0x00000000000069ed                out_byte
                0x00000000000069f9                in_byte
                0x0000000000006a03                port_read
                0x0000000000006a16                port_write
                0x0000000000006a29                disable_irq
                0x0000000000006a5e                enable_irq
                0x0000000000006a7d                disable_int
                0x0000000000006a7f                enable_int
                0x0000000000006a81                glitter
 .text          0x0000000000006b0a      0x2af kernel/klib.o
                0x0000000000006b0a                get_boot_params
                0x0000000000006b90                get_kernel_map
                0x0000000000006ca0                itoa
                0x0000000000006d4b                disp_int
                0x0000000000006d72                delay
 .text          0x0000000000006db9       0x6f lib/syslog.o
                0x0000000000006db9                syslog
 .text          0x0000000000006e28      0x1d2 mm/main.o
                0x0000000000006e28                task_mm
                0x0000000000006f75                alloc_mem
                0x0000000000006ff0                free_mem
 .text          0x0000000000006ffa      0x772 mm/forkexit.o
                0x0000000000006ffa                do_fork
                0x0000000000007341                do_exit
                0x00000000000074b3                do_kill
                0x00000000000076b6                do_wait
 .text          0x000000000000776c      0x356 mm/exec.o
                0x000000000000776c                do_exec
 .text          0x0000000000007ac2      0x26b mm/shell.o
                0x0000000000007ac2                do_shell
                0x0000000000007c35                initShell
                0x0000000000007c55                changeCWD
                0x0000000000007d11                getCWD
 .text          0x0000000000007d2d     0x123b fs/main.o
                0x0000000000007d2d                task_fs
                0x000000000000880c                rw_sector
                0x0000000000008a2f                get_super_block
                0x0000000000008a75                get_inode
                0x0000000000008bd8                get_inode_directly
                0x0000000000008c23                count_surplus_inode_link
                0x0000000000008c63                put_inode
                0x0000000000008ca1                put_inodes_link
                0x0000000000008cfc                sync_inode
                0x0000000000008dfb                sync_inode_link
 .text          0x0000000000008f68      0xe43 fs/open.o
                0x0000000000008f68                do_open
                0x00000000000093a8                do_mkdir
                0x000000000000968d                do_close
                0x0000000000009708                do_lseek
 .text          0x0000000000009dab      0x784 fs/misc.o
                0x0000000000009dab                do_stat
                0x0000000000009fc6                low_search_entry
                0x000000000000a0d0                search_file
                0x000000000000a18e                do_List_Dir
                0x000000000000a3ff                strip_path
 .text          0x000000000000a52f      0x781 fs/read_write.o
                0x000000000000a52f                do_rdwt
 .text          0x000000000000acb0      0x8cc fs/link.o
                0x000000000000acb0                do_unlink
                0x000000000000b50c                getsize
 .text          0x000000000000b57c     0x1fe3 fs/disklog.o
                0x000000000000b57c                disklog
                0x000000000000bae9                dump_fd_graph
 *fill*         0x000000000000d55f        0x1 
 .text          0x000000000000d560       0x28 lib/orangescrt.a(syscall.o)
                0x000000000000d560                sendrec
                0x000000000000d57a                printx
 .text          0x000000000000d588       0xad lib/orangescrt.a(printf.o)
                0x000000000000d588                printf
                0x000000000000d5f3                printl
 .text          0x000000000000d635      0x305 lib/orangescrt.a(vsprintf.o)
                0x000000000000d693                vsprintf
                0x000000000000d914                sprintf
 *fill*         0x000000000000d93a        0x6 
 .text          0x000000000000d940       0x78 lib/orangescrt.a(string.o)
                0x000000000000d940                memcpy
                0x000000000000d969                memset
                0x000000000000d98a                strcpy
                0x000000000000d9a2                strlen
 .text          0x000000000000d9b8      0x552 lib/orangescrt.a(misc.o)
                0x000000000000d9b8                send_recv
                0x000000000000da72                memcmp
                0x000000000000dae8                strcmp
                0x000000000000db5b                strcat
                0x000000000000dbba                spin
                0x000000000000dbd5                strchr
                0x000000000000dc02                strtok
                0x000000000000dcd0                _strcpy
                0x000000000000dd0c                _strncpy
                0x000000000000dd85                memmove
                0x000000000000de00                proc_memcpy
                0x000000000000de14                atoi
                0x000000000000ded1                assertion_failure
 .text          0x000000000000df0a       0xc6 lib/orangescrt.a(open.o)
                0x000000000000df0a                open
                0x000000000000df6d                mkdir
 .text          0x000000000000dfd0       0x37 lib/orangescrt.a(read.o)
                0x000000000000dfd0                read
 .text          0x000000000000e007       0x37 lib/orangescrt.a(write.o)
                0x000000000000e007                write
 .text          0x000000000000e03e       0x2b lib/orangescrt.a(close.o)
                0x000000000000e03e                close
 .text          0x000000000000e069       0x46 lib/orangescrt.a(getpid.o)
                0x000000000000e069                getpid
 .text          0x000000000000e0af       0x76 lib/orangescrt.a(stat.o)
                0x000000000000e0af                stat
 .text          0x000000000000e125       0x66 lib/orangescrt.a(fork.o)
                0x000000000000e125                fork
 .text          0x000000000000e18b       0x3c lib/orangescrt.a(wait.o)
                0x000000000000e18b                wait
 .text          0x000000000000e1c7      0x276 lib/orangescrt.a(exec.o)
                0x000000000000e1c7                exec
                0x000000000000e232                execl
                0x000000000000e257                execv
 .text          0x000000000000e43d      0x459 lib/orangescrt.a(shell.o)
                0x000000000000e43d                Init_Shell
                0x000000000000e47e                chdir
                0x000000000000e4d5                getcwd
                0x000000000000e50e                extractExecDir
                0x000000000000e5ba                get_full_path
 *(.gnu.warning)

.fini
 *(SORT(.fini))
                [!provide]                        PROVIDE (__etext, .)
                [!provide]                        PROVIDE (_etext, .)
                [!provide]                        PROVIDE (etext, .)

.rodata         0x000000000000e8a0     0x288e
 *(.rodata .rodata.* .gnu.linkonce.r.*)
 .rodata        0x000000000000e8a0       0x47 kernel/start.o
 *fill*         0x000000000000e8e7        0x1 
 .rodata        0x000000000000e8e8      0x200 kernel/main.o
 .rodata        0x000000000000eae8       0x64 kernel/keyboard.o
 .rodata        0x000000000000eb4c      0x168 kernel/tty.o
 .rodata        0x000000000000ecb4       0x5b kernel/console.o
 .rodata        0x000000000000ed0f       0x11 kernel/i8259.o
 .rodata        0x000000000000ed20       0x10 kernel/global.o
                0x000000000000ed20                FSBUF_SIZE
                0x000000000000ed24                MMBUF_SIZE
                0x000000000000ed28                LOGBUF_SIZE
                0x000000000000ed2c                LOGDISKBUF_SIZE
 *fill*         0x000000000000ed30       0x10 
 .rodata        0x000000000000ed40      0x580 kernel/protect.o
 .rodata        0x000000000000f2c0      0x5da kernel/proc.o
 .rodata        0x000000000000f89a       0x11 kernel/systask.o
 *fill*         0x000000000000f8ab        0x1 
 .rodata        0x000000000000f8ac      0x1df kernel/hd.o
 *fill*         0x000000000000fa8b        0x1 
 .rodata        0x000000000000fa8c       0x6a kernel/klib.o
 .rodata        0x000000000000faf6       0x1e lib/syslog.o
 .rodata        0x000000000000fb14       0xc9 mm/main.o
 *fill*         0x000000000000fbdd        0x3 
 .rodata        0x000000000000fbe0       0xeb mm/forkexit.o
 *fill*         0x000000000000fccb        0x1 
 .rodata        0x000000000000fccc       0xa4 mm/exec.o
 .rodata        0x000000000000fd70       0x3d mm/shell.o
 *fill*         0x000000000000fdad        0x3 
 .rodata        0x000000000000fdb0      0x2de fs/main.o
 *fill*         0x000000000001008e        0x2 
 .rodata        0x0000000000010090      0x26c fs/open.o
 .rodata        0x00000000000102fc       0xc5 fs/misc.o
 *fill*         0x00000000000103c1        0x3 
 .rodata        0x00000000000103c4      0x164 fs/read_write.o
 .rodata        0x0000000000010528      0x1ad fs/link.o
 *fill*         0x00000000000106d5        0x3 
 .rodata        0x00000000000106d8      0x806 fs/disklog.o
 .rodata        0x0000000000010ede       0x14 lib/orangescrt.a(printf.o)
 *fill*         0x0000000000010ef2        0x2 
 .rodata        0x0000000000010ef4       0xad lib/orangescrt.a(misc.o)
 .rodata        0x0000000000010fa1       0x23 lib/orangescrt.a(open.o)
 .rodata        0x0000000000010fc4       0x25 lib/orangescrt.a(getpid.o)
 .rodata        0x0000000000010fe9       0x33 lib/orangescrt.a(stat.o)
 .rodata        0x000000000001101c       0x33 lib/orangescrt.a(fork.o)
 *fill*         0x000000000001104f        0x1 
 .rodata        0x0000000000011050       0xa7 lib/orangescrt.a(exec.o)
 .rodata        0x00000000000110f7       0x37 lib/orangescrt.a(shell.o)

.rodata1
 *(.rodata1)

.eh_frame_hdr
 *(.eh_frame_hdr)
 *(.eh_frame_entry .eh_frame_entry.*)

.eh_frame       0x0000000000011130     0x169c
 *(.eh_frame)
 .eh_frame      0x0000000000011130       0x38 kernel/start.o
 .eh_frame      0x0000000000011168      0x10c kernel/main.o
                                        0x124 (size before relaxing)
 .eh_frame      0x0000000000011274       0x60 kernel/clock.o
                                         0x78 (size before relaxing)
 .eh_frame      0x00000000000112d4      0x100 kernel/keyboard.o
                                        0x118 (size before relaxing)
 .eh_frame      0x00000000000113d4      0x19c kernel/tty.o
                                        0x1b4 (size before relaxing)
 .eh_frame      0x0000000000011570      0x144 kernel/console.o
                                        0x15c (size before relaxing)
 .eh_frame      0x00000000000116b4       0x60 kernel/i8259.o
                                         0x78 (size before relaxing)
 .eh_frame      0x0000000000011714       0xb0 kernel/protect.o
                                         0xc8 (size before relaxing)
 .eh_frame      0x00000000000117c4      0x1b8 kernel/proc.o
                                        0x1d0 (size before relaxing)
 .eh_frame      0x000000000001197c       0x5c kernel/systask.o
                                         0x74 (size before relaxing)
 .eh_frame      0x00000000000119d8      0x1f0 kernel/hd.o
                                        0x208 (size before relaxing)
 .eh_frame      0x0000000000011bc8       0xa0 kernel/klib.o
                                         0xb8 (size before relaxing)
 .eh_frame      0x0000000000011c68       0x20 lib/syslog.o
                                         0x38 (size before relaxing)
 .eh_frame      0x0000000000011c88       0x7c mm/main.o
                                         0x94 (size before relaxing)
 .eh_frame      0x0000000000011d04       0xb0 mm/forkexit.o
                                         0xc8 (size before relaxing)
 .eh_frame      0x0000000000011db4       0x2c mm/exec.o
                                         0x44 (size before relaxing)
 .eh_frame      0x0000000000011de0       0x84 mm/shell.o
                                         0x9c (size before relaxing)
 .eh_frame      0x0000000000011e64      0x1f0 fs/main.o
                                        0x208 (size before relaxing)
 .eh_frame      0x0000000000012054      0x188 fs/open.o
                                        0x1a0 (size before relaxing)
 .eh_frame      0x00000000000121dc       0xb4 fs/misc.o
                                         0xcc (size before relaxing)
 .eh_frame      0x0000000000012290       0x30 fs/read_write.o
                                         0x48 (size before relaxing)
 .eh_frame      0x00000000000122c0       0x4c fs/link.o
                                         0x64 (size before relaxing)
 .eh_frame      0x000000000001230c       0x60 fs/disklog.o
                                         0x78 (size before relaxing)
 .eh_frame      0x000000000001236c       0x40 lib/orangescrt.a(printf.o)
                                         0x58 (size before relaxing)
 .eh_frame      0x00000000000123ac       0x60 lib/orangescrt.a(vsprintf.o)
                                         0x78 (size before relaxing)
 .eh_frame      0x000000000001240c      0x19c lib/orangescrt.a(misc.o)
                                        0x1b4 (size before relaxing)
 .eh_frame      0x00000000000125a8       0x40 lib/orangescrt.a(open.o)
                                         0x58 (size before relaxing)
 .eh_frame      0x00000000000125e8       0x20 lib/orangescrt.a(read.o)
                                         0x38 (size before relaxing)
 .eh_frame      0x0000000000012608       0x20 lib/orangescrt.a(write.o)
                                         0x38 (size before relaxing)
 .eh_frame      0x0000000000012628       0x20 lib/orangescrt.a(close.o)
                                         0x38 (size before relaxing)
 .eh_frame      0x0000000000012648       0x20 lib/orangescrt.a(getpid.o)
                                         0x38 (size before relaxing)
 .eh_frame      0x0000000000012668       0x20 lib/orangescrt.a(stat.o)
                                         0x38 (size before relaxing)
 .eh_frame      0x0000000000012688       0x20 lib/orangescrt.a(fork.o)
                                         0x38 (size before relaxing)
 .eh_frame      0x00000000000126a8       0x20 lib/orangescrt.a(wait.o)
                                         0x38 (size before relaxing)
 .eh_frame      0x00000000000126c8       0x60 lib/orangescrt.a(exec.o)
                                         0x78 (size before relaxing)
 .eh_frame      0x0000000000012728       0xa4 lib/orangescrt.a(shell.o)
                                         0xbc (size before relaxing)
 *(.eh_frame.*)

.gcc_except_table
 *(.gcc_except_table .gcc_except_table.*)

.gnu_extab
 *(.gnu_extab*)

.exception_ranges
 *(.exception_ranges .exception_ranges*)
                0x00000000000137cc                . = DATA_SEGMENT_ALIGN (0x1000, 0x1000)

.eh_frame
 *(.eh_frame)
 *(.eh_frame.*)

.gnu_extab
 *(.gnu_extab)

.gcc_except_table
 *(.gcc_except_table .gcc_except_table.*)

.exception_ranges
 *(.exception_ranges .exception_ranges*)

.tdata
 *(.tdata .tdata.* .gnu.linkonce.td.*)

.tbss
 *(.tbss .tbss.* .gnu.linkonce.tb.*)
 *(.tcommon)

.preinit_array  0x00000000000137cc        0x0
                [!provide]                        PROVIDE (__preinit_array_start, .)
 *(.preinit_array)
                [!provide]                        PROVIDE (__preinit_array_end, .)

.init_array     0x00000000000137cc        0x0
                [!provide]                        PROVIDE (__init_array_start, .)
 *(SORT(.init_array.*) SORT(.ctors.*))
 *(.init_array EXCLUDE_FILE(*crtend?.o *crtend.o *crtbegin?.o *crtbegin.o) .ctors)
                [!provide]                        PROVIDE (__init_array_end, .)

.fini_array     0x00000000000137cc        0x0
                [!provide]                        PROVIDE (__fini_array_start, .)
 *(SORT(.fini_array.*) SORT(.dtors.*))
 *(.fini_array EXCLUDE_FILE(*crtend?.o *crtend.o *crtbegin?.o *crtbegin.o) .dtors)
                [!provide]                        PROVIDE (__fini_array_end, .)

.ctors
 *crtbegin.o(.ctors)
 *crtbegin?.o(.ctors)
 *(EXCLUDE_FILE(*crtend?.o *crtend.o) .ctors)
 *(SORT(.ctors.*))
 *(.ctors)

.dtors
 *crtbegin.o(.dtors)
 *crtbegin?.o(.dtors)
 *(EXCLUDE_FILE(*crtend?.o *crtend.o) .dtors)
 *(SORT(.dtors.*))
 *(.dtors)

.jcr
 *(.jcr)

.data.rel.ro
 *(.data.rel.ro.local* .gnu.linkonce.d.rel.ro.local.*)
 *(.data.rel.ro .data.rel.ro.* .gnu.linkonce.d.rel.ro.*)

.dynamic
 *(.dynamic)

.got
 *(.got)
 *(.igot)
                0x00000000000137cc                . = DATA_SEGMENT_RELRO_END (., (SIZEOF (.got.plt) >= 0xc)?0xc:0x0)

.got.plt        0x00000000000137cc        0x0
 *(.got.plt)
 *(.igot.plt)
 .igot.plt      0x00000000000137cc        0x0 kernel/kernel.o

.data           0x00000000000137e0      0x838
 *(.data .data.* .gnu.linkonce.d.*)
 .data          0x00000000000137e0        0x2 kernel/kernel.o
 .data          0x00000000000137e2        0x0 kernel/start.o
 .data          0x00000000000137e2        0x0 kernel/main.o
 .data          0x00000000000137e2        0x0 kernel/clock.o
 *fill*         0x00000000000137e2       0x1e 
 .data          0x0000000000013800      0x600 kernel/keyboard.o
                0x0000000000013800                keymap
 .data          0x0000000000013e00       0x42 kernel/tty.o
 .data          0x0000000000013e42        0x0 kernel/console.o
 .data          0x0000000000013e42        0x0 kernel/i8259.o
 *fill*         0x0000000000013e42       0x1e 
 .data          0x0000000000013e60      0x1b4 kernel/global.o
                0x0000000000013e60                task_table
                0x0000000000013f40                user_proc_table
                0x0000000000013fe0                sys_call_table
                0x0000000000013fec                dd_map
                0x0000000000014004                fsbuf
                0x0000000000014008                mmbuf
                0x000000000001400c                logbuf
                0x0000000000014010                logdiskbuf
 .data          0x0000000000014014        0x0 kernel/protect.o
 .data          0x0000000000014014        0x0 kernel/proc.o
 .data          0x0000000000014014        0x0 kernel/systask.o
 .data          0x0000000000014014        0x0 kernel/hd.o
 .data          0x0000000000014014        0x0 kernel/klib.o
 .data          0x0000000000014014        0x0 lib/syslog.o
 .data          0x0000000000014014        0x0 mm/main.o
 .data          0x0000000000014014        0x0 mm/forkexit.o
 .data          0x0000000000014014        0x0 mm/exec.o
 .data          0x0000000000014014        0x0 mm/shell.o
 .data          0x0000000000014014        0x0 fs/main.o
 .data          0x0000000000014014        0x0 fs/open.o
 .data          0x0000000000014014        0x4 fs/misc.o
                0x0000000000014014                last_query_dev
 .data          0x0000000000014018        0x0 fs/read_write.o
 .data          0x0000000000014018        0x0 fs/link.o
 .data          0x0000000000014018        0x0 fs/disklog.o
 .data          0x0000000000014018        0x0 lib/orangescrt.a(printf.o)
 .data          0x0000000000014018        0x0 lib/orangescrt.a(vsprintf.o)
 .data          0x0000000000014018        0x0 lib/orangescrt.a(misc.o)
 .data          0x0000000000014018        0x0 lib/orangescrt.a(open.o)
 .data          0x0000000000014018        0x0 lib/orangescrt.a(read.o)
 .data          0x0000000000014018        0x0 lib/orangescrt.a(write.o)
 .data          0x0000000000014018        0x0 lib/orangescrt.a(close.o)
 .data          0x0000000000014018        0x0 lib/orangescrt.a(getpid.o)
 .data          0x0000000000014018        0x0 lib/orangescrt.a(stat.o)
 .data          0x0000000000014018        0x0 lib/orangescrt.a(fork.o)
 .data          0x0000000000014018        0x0 lib/orangescrt.a(wait.o)
 .data          0x0000000000014018        0x0 lib/orangescrt.a(exec.o)
 .data          0x0000000000014018        0x0 lib/orangescrt.a(shell.o)

.data1
 *(.data1)
                0x0000000000014018                _edata = .
                [!provide]                        PROVIDE (edata, .)
                0x0000000000014018                . = .
                0x0000000000014018                __bss_start = .

.bss            0x0000000000014020    0x4f928
 *(.dynbss)
 *(.bss .bss.* .gnu.linkonce.b.*)
 .bss           0x0000000000014020      0x800 kernel/kernel.o
 .bss           0x0000000000014820        0x0 kernel/start.o
 .bss           0x0000000000014820        0x0 kernel/main.o
 .bss           0x0000000000014820        0x0 kernel/clock.o
 .bss           0x0000000000014820       0x58 kernel/keyboard.o
 .bss           0x0000000000014878        0x4 kernel/tty.o
 .bss           0x000000000001487c        0x0 kernel/console.o
 .bss           0x000000000001487c        0x0 kernel/i8259.o
 .bss           0x000000000001487c        0x0 kernel/global.o
 .bss           0x000000000001487c        0x0 kernel/protect.o
 .bss           0x000000000001487c        0x0 kernel/proc.o
 .bss           0x000000000001487c        0x0 kernel/systask.o
 *fill*         0x000000000001487c        0x4 
 .bss           0x0000000000014880      0x64c kernel/hd.o
 .bss           0x0000000000014ecc        0x0 kernel/klib.o
 .bss           0x0000000000014ecc        0x0 lib/syslog.o
 .bss           0x0000000000014ecc        0x0 mm/main.o
 .bss           0x0000000000014ecc        0x0 mm/forkexit.o
 .bss           0x0000000000014ecc        0x0 mm/exec.o
 .bss           0x0000000000014ecc        0x0 mm/shell.o
 .bss           0x0000000000014ecc        0x0 fs/main.o
 .bss           0x0000000000014ecc        0x0 fs/open.o
 .bss           0x0000000000014ecc        0x0 fs/misc.o
 .bss           0x0000000000014ecc        0x0 fs/read_write.o
 .bss           0x0000000000014ecc        0x0 fs/link.o
 *fill*         0x0000000000014ecc       0x14 
 .bss           0x0000000000014ee0      0x208 fs/disklog.o
 .bss           0x00000000000150e8        0x0 lib/orangescrt.a(printf.o)
 .bss           0x00000000000150e8        0x0 lib/orangescrt.a(vsprintf.o)
 .bss           0x00000000000150e8        0x4 lib/orangescrt.a(misc.o)
 .bss           0x00000000000150ec        0x0 lib/orangescrt.a(open.o)
 .bss           0x00000000000150ec        0x0 lib/orangescrt.a(read.o)
 .bss           0x00000000000150ec        0x0 lib/orangescrt.a(write.o)
 .bss           0x00000000000150ec        0x0 lib/orangescrt.a(close.o)
 .bss           0x00000000000150ec        0x0 lib/orangescrt.a(getpid.o)
 .bss           0x00000000000150ec        0x0 lib/orangescrt.a(stat.o)
 .bss           0x00000000000150ec        0x0 lib/orangescrt.a(fork.o)
 .bss           0x00000000000150ec        0x0 lib/orangescrt.a(wait.o)
 .bss           0x00000000000150ec        0x0 lib/orangescrt.a(exec.o)
 .bss           0x00000000000150ec        0x0 lib/orangescrt.a(shell.o)
 *(COMMON)
 *fill*         0x00000000000150ec       0x14 
 COMMON         0x0000000000015100    0x4e838 kernel/global.o
                0x0000000000015100                idt_ptr
                0x0000000000015120                inode_table
                0x0000000000015c20                task_stack
                0x000000000005dc20                k_reenter
                0x000000000005dc40                gdt
                0x000000000005e040                current_console
                0x000000000005e044                pcaller
                0x000000000005e060                tty_table
                0x000000000005ece0                tss
                0x000000000005ed60                fs_msg
                0x000000000005ed90                memory_size
                0x000000000005eda0                f_desc_table
                0x000000000005f2a0                root_inode
                0x000000000005f2a4                disp_pos
                0x000000000005f2c0                mm_msg
                0x000000000005f300                Working_Directory
                0x000000000005f380                key_pressed
                0x000000000005f384                gdt_ptr
                0x000000000005f3a0                idt
                0x000000000005fba0                super_block
                0x000000000005fd80                ticks
                0x000000000005fda0                console_table
                0x000000000005fde0                irq_table
                0x000000000005fe20                p_proc_ready
                0x000000000005fe40                proc_table
 COMMON         0x0000000000063938       0x10 kernel/hd.o
                0x0000000000063938                PARTITION_ENTRY
                0x0000000000063948                . = ALIGN ((. != 0x0)?0x4:0x1)
                0x0000000000063948                . = ALIGN (0x4)
                0x0000000000063948                . = SEGMENT_START ("ldata-segment", .)
                0x0000000000063948                . = ALIGN (0x4)
                0x0000000000063948                _end = .
                [!provide]                        PROVIDE (end, .)
                0x0000000000063948                . = DATA_SEGMENT_END (.)

.stab
 *(.stab)

.stabstr
 *(.stabstr)

.stab.excl
 *(.stab.excl)

.stab.exclstr
 *(.stab.exclstr)

.stab.index
 *(.stab.index)

.stab.indexstr
 *(.stab.indexstr)

.comment        0x0000000000000000       0x35
 *(.comment)
 .comment       0x0000000000000000       0x35 kernel/start.o
                                         0x36 (size before relaxing)
 .comment       0x0000000000000035       0x36 kernel/main.o
 .comment       0x0000000000000035       0x36 kernel/clock.o
 .comment       0x0000000000000035       0x36 kernel/keyboard.o
 .comment       0x0000000000000035       0x36 kernel/tty.o
 .comment       0x0000000000000035       0x36 kernel/console.o
 .comment       0x0000000000000035       0x36 kernel/i8259.o
 .comment       0x0000000000000035       0x36 kernel/global.o
 .comment       0x0000000000000035       0x36 kernel/protect.o
 .comment       0x0000000000000035       0x36 kernel/proc.o
 .comment       0x0000000000000035       0x36 kernel/systask.o
 .comment       0x0000000000000035       0x36 kernel/hd.o
 .comment       0x0000000000000035       0x36 kernel/klib.o
 .comment       0x0000000000000035       0x36 lib/syslog.o
 .comment       0x0000000000000035       0x36 mm/main.o
 .comment       0x0000000000000035       0x36 mm/forkexit.o
 .comment       0x0000000000000035       0x36 mm/exec.o
 .comment       0x0000000000000035       0x36 mm/shell.o
 .comment       0x0000000000000035       0x36 fs/main.o
 .comment       0x0000000000000035       0x36 fs/open.o
 .comment       0x0000000000000035       0x36 fs/misc.o
 .comment       0x0000000000000035       0x36 fs/read_write.o
 .comment       0x0000000000000035       0x36 fs/link.o
 .comment       0x0000000000000035       0x36 fs/disklog.o
 .comment       0x0000000000000035       0x36 lib/orangescrt.a(printf.o)
 .comment       0x0000000000000035       0x36 lib/orangescrt.a(vsprintf.o)
 .comment       0x0000000000000035       0x36 lib/orangescrt.a(misc.o)
 .comment       0x0000000000000035       0x36 lib/orangescrt.a(open.o)
 .comment       0x0000000000000035       0x36 lib/orangescrt.a(read.o)
 .comment       0x0000000000000035       0x36 lib/orangescrt.a(write.o)
 .comment       0x0000000000000035       0x36 lib/orangescrt.a(close.o)
 .comment       0x0000000000000035       0x36 lib/orangescrt.a(getpid.o)
 .comment       0x0000000000000035       0x36 lib/orangescrt.a(stat.o)
 .comment       0x0000000000000035       0x36 lib/orangescrt.a(fork.o)
 .comment       0x0000000000000035       0x36 lib/orangescrt.a(wait.o)
 .comment       0x0000000000000035       0x36 lib/orangescrt.a(exec.o)
 .comment       0x0000000000000035       0x36 lib/orangescrt.a(shell.o)

.debug
 *(.debug)

.line
 *(.line)

.debug_srcinfo
 *(.debug_srcinfo)

.debug_sfnames
 *(.debug_sfnames)

.debug_aranges
 *(.debug_aranges)

.debug_pubnames
 *(.debug_pubnames)

.debug_info
 *(.debug_info .gnu.linkonce.wi.*)

.debug_abbrev
 *(.debug_abbrev)

.debug_line
 *(.debug_line .debug_line.* .debug_line_end)

.debug_frame
 *(.debug_frame)

.debug_str
 *(.debug_str)

.debug_loc
 *(.debug_loc)

.debug_macinfo
 *(.debug_macinfo)

.debug_weaknames
 *(.debug_weaknames)

.debug_funcnames
 *(.debug_funcnames)

.debug_typenames
 *(.debug_typenames)

.debug_varnames
 *(.debug_varnames)

.debug_pubtypes
 *(.debug_pubtypes)

.debug_ranges
 *(.debug_ranges)

.debug_macro
 *(.debug_macro)

.gnu.attributes
 *(.gnu.attributes)

/DISCARD/
 *(.note.GNU-stack)
 *(.gnu_debuglink)
 *(.gnu.lto_*)
OUTPUT(kernel.bin elf32-i386)
